c o Ganak SHA1: 70de63c2638b19d63bc8d68a494993bb70f274a8
c o Arjun SHA1: 70de63c2638b19d63bc8d68a494993bb70f274a8
c o SBVA SHA1: 70de63c2638b19d63bc8d68a494993bb70f274a8
c o CMS SHA1: 70de63c2638b19d63bc8d68a494993bb70f274a8
c o ApproxMC SHA1: GIT-hash-notfound
c o Using ideas by JM Lagniez, and Pierre Marquis
c o     from paper: Improving Model Counting [..] IJCAI 2016
c o Using VMTF, picosat, CaDiCaL, and CadiBack code by Armin Biere
c o CMS is MIT licensed
c o Using code from 'When Boolean Satisfiability Meets Gauss-E. in a Simplex Way'
c o       by C.-S. Han and J.-H. Roland Jiang in CAV 2012. Fixes by M. Soos
c o Using CCAnr from 'CCAnr: A Conf. Checking Based Local Search Solver [...]'
c o       by Shaowei Cai, Chuan Luo, and Kaile Su, SAT 2015
c o Using Oracle code from 'Integrating Tree Decompositions [...]'
c o       by Tuukka Korhonen and Matti Jarvisalo, CP 2021
c o Using Graph library by Tuukka Korhonen and Matti Jarvisalo
c o Using Flowcutter by Ben Strasser
c o Ganak compilation env CMAKE_CXX_COMPILER = /usr/bin/c++ | CMAKE_CXX_FLAGS =  -fno-stack-protector -msse4.2 -Wnull-dereference -Wdouble-promotion -Wshadow -Wformat=2 -Wextra-semi -pedantic | COMPILE_DEFINES =  -DNDEBUG -D_FORTIFY_SOURCE=0 | BUILD_SHARED_LIBS = OFF | ZLIB_FOUND = FALSE | ENABLE_ASSERTIONS = OFF | 
c o called with: /Users/konstantin.kutzkov/Desktop/Code/COCOA/ganak-canonical/build/ganak --prob 0 /Users/konstantin.kutzkov/Desktop/Code/SharpSAT/temp_cnf/mc2026_public/mc2026_track1_051.cnf
c o CNF projection set size: 90
c o --> Executing strategy token: clean-cls
c o --> Executing strategy token: must-scc-vrepl
c o [scc] new: 0 BP 0M T: 0.00
c o [vrep] vars 0 lits 0 rem-bin-cls 0 rem-long-cls 0 BP 0M T: 0.00
c o [consolidate] mini T: 0.00
c o global_timeout_multiplier: 2.5
c o [branch] rebuilding order heap for all branchings. Current branching: vsids
c o [0m[arjun-simp] probing all sampling variables[0m
c o --> Executing strategy token: must-scc-vrepl
c o [scc] new: 0 BP 0M T: 0.00
c o [vrep] vars 0 lits 0 rem-bin-cls 0 rem-long-cls 0 BP 0M T: 0.00
c o [consolidate] mini T: 0.00
c o global_timeout_multiplier: 2.5
c o [branch] rebuilding order heap for all branchings. Current branching: vsids
c o [0m[arjun-simp] Removed set       : 0 new size: 90[0m
c o [0m[arjun-simp] Removed eq lits: 0 new size: 90[0m
c o [0m[arjun-simp] probe removed: 0 perc: 0.00 T: 0.00[0m
c o [0m[arjun-simp] Removed eq lits: 0 new size: 90[0m
c o [0m[arjun-simp] Removed set       : 0 new size: 90[0m
c o [0m[arjun-simp] get-empties removed: 0 perc: 0.00 total empties now: 0 T: 0.00[0m
c o [0m[arjun-simp] CMS::simplify() with no BVE, intree probe...[0m
c o --> Executing strategy token: str-impl
c [impl-str] lit bin: 0 set-var: 0 T: 0.00 T-out: N T-r: 100.00% w-visit: 180
c o --> Executing strategy token: intree-probe
c o [scc] new: 0 BP 0M T: 0.00
c o [vrep] vars 0 lits 0 rem-bin-cls 0 rem-long-cls 0 BP 0M T: 0.00
c o [intree] Set 0 vars hyper-added: 0 trans-irred: 0 trans-red: 0 T: 0.00 T-out: N T-r: -0.00%
c o Executing OCC strategy token(s): 'occ-ternary-res,occ-backw-sub,
c o [occ] mem usage for occur      0 MB
c o [occ] Linked in IRRED BIN by default: 0
c o [occ] Linked in RED   BIN by default: 0
c o [occ] mem usage for occur      0 MB
c o Mem for watch alloc    : 0           MB (0.00      %)
c o Mem for watch array    : 0           MB (0.00      %)
c o Executing OCC strategy token: occ-ternary-res
c o [occ-ternary-res] Ternary res-tri: 35 res-bin: 0 sub: 10 str: 0 T: 0.00 T-out: N T-r: 99.98%
c o Executing OCC strategy token: occ-backw-sub
c o [occ-backw-sub-long-w-long] rem cl: 0 tried: 269/269 (100.0%) T: 0.00 T-out: N T-r: 99.99%
c o --> Executing strategy token: distill-litrem
c [distill-litrem] useful: 0/702/234 lits-rem: 0 0-depth-assigns: 0 T: 0.00 T-out: N
c o --> Executing strategy token: must-distill-cls
c o [distill-long-irred] cls tried: 234/234 T: 0.00 T-out: N T-r: 99.97%
c o [distill-long-irred] cls tried: 234/234 T: 0.00 T-out: N T-r: 99.96%
c o --> Executing strategy token: distill-bins
c o [distill-bin] useful: 0/0/0 lits-rem: 0 cl-rem: 0 0-depth-assigns: 0 T: 0.00 T-out: N
c o --> Executing strategy token: oracle-vivif-veryfast
c o --> Executing strategy token: must-renumber
c o [oracle-bin] potential pairs: 646 T: 0.0
c o --> Executing strategy token: must-scc-vrepl
c o [scc] new: 0 BP 0M T: 0.00
c o [vrep] vars 0 lits 0 rem-bin-cls 0 rem-long-cls 0 BP 0M T: 0.00
c o [oracle-vivif] lits-rem: 0 learnt-units: 0 T-out: N T-remain: 100.0% T: 0.00
c o [oracle-bin] bin-added: 0 equiv-added: 0 T-out: N T-remain: 100.00% T: 0.00
c o [oracle-vivif] cache usefulness: 94% total T: 0.00
c o [consolidate] mini T: 0.00
c o global_timeout_multiplier: 2.5000
c o [branch] rebuilding order heap for all branchings. Current branching: vsids
c o --> Executing strategy token: scc-vrepl
c o [scc] new: 0 BP 0M T: 0.00
c o [vrep] vars 0 lits 0 rem-bin-cls 0 rem-long-cls 0 BP 0M T: 0.00
c o --> Executing strategy token: sub-impl
c o [impl-sub] bin: 0 T: 0.00 T-out: N w-visit: 180
c o --> Executing strategy token: breakid
c o Executing OCC strategy token(s): 'occ-backw-sub-str,occ-clean-implicit,occ-bve,occ-bva,occ-ternary-res,occ-xor,
c o [occ] mem usage for occur      0 MB
c o [occ] Linked in IRRED BIN by default: 0
c o [occ] Linked in RED   BIN by default: 0
c o [occ] mem usage for occur      0 MB
c o Mem for watch alloc    : 0           MB (0.00      %)
c o Mem for watch array    : 0           MB (0.00      %)
c o Executing OCC strategy token: occ-backw-sub-str
c o [occ-backw-sub-str-long-w-bins] subs: 0 str: 0 tried: 0 0-depth ass: 0 T: 0.00 T-out: N T-r: 100.00%
c o [occ-backw-sub-long-w-long] rem cl: 0 tried: 259/259 (100.0%) T: 0.00 T-out: N T-r: 99.99%
c o [occ-backw-sub-str-long-w-long] sub: 0 str: 0 tried: 777/259 (300.0)  T: 0.00 T-out: N T-r: 99.97%
c o Executing OCC strategy token: occ-clean-implicit
c o Executing OCC strategy token: occ-bve
c o Executing OCC strategy token: occ-bva
c o Executing OCC strategy token: occ-ternary-res
c o [occ-ternary-res] Ternary res-tri: 35 res-bin: 0 sub: 10 str: 0 T: 0.00 T-out: N T-r: 99.98%
c o Executing OCC strategy token: occ-xor
c o --> Executing strategy token: card-find
c o --> Executing strategy token: cl-consolidate
c o Not consolidating memory.
c o --> Executing strategy token: scc-vrepl
c o [scc] new: 0 BP 0M T: 0.00
c o [vrep] vars 0 lits 0 rem-bin-cls 0 rem-long-cls 0 BP 0M T: 0.00
c o --> Executing strategy token: renumber
c o --> Executing strategy token: louvain-comms
c o [consolidate] mini T: 0.00
c o global_timeout_multiplier: 2.5000
c o [branch] rebuilding order heap for all branchings. Current branching: vsids
c o [0m[arjun-simp] Removed set       : 0 new size: 90[0m
c o [0m[arjun-simp] CMS::simplify() with no BVE finished. T: 0.0014[0m
c o [0mWARNING: Turning off gates, because the sampling size is small, so we can just do it. Size: 90[0m
c o --> Executing strategy token: must-scc-vrepl
c o [scc] new: 0 BP 0M T: 0.00
c o [vrep] vars 0 lits 0 rem-bin-cls 0 rem-long-cls 0 BP 0M T: 0.00
c o --> Executing strategy token: clean-cls
c o --> Executing strategy token: sub-impl
c o [impl-sub] bin: 0 T: 0.00 T-out: N w-visit: 180
c o [consolidate] mini T: 0.00
c o global_timeout_multiplier: 2.5000
c o [branch] rebuilding order heap for all branchings. Current branching: vsids
c o [0m[arjun-simp] Removed eq lits: 0 new size: 90[0m
c o [0m[arjun-simp] Removed set       : 0 new size: 90[0m
c o [0m[arjun-simp] get-empties removed: 0 perc: 0.00 total empties now: 0 T: 0.00[0m
c o [0m[arjun-simp] probing all sampling variables[0m
c o [0m[arjun-simp] Removed set       : 0 new size: 90[0m
c o [0m[arjun-simp] Removed eq lits: 0 new size: 90[0m
c o [0m[arjun-simp] probe removed: 0 perc: 0.00 T: 0.00[0m
c o [0m[arjun-simp] Removed eq lits: 0 new size: 90[0m
c o [0m[arjun-simp] Removed set       : 0 new size: 90[0m
c o [0m[arjun-simp] get-empties removed: 0 perc: 0.00 total empties now: 0 T: 0.00[0m
c o [0m[arjun] simplification finished  removed: 0 perc: 0.00 T: 0.00[0m
c o [0m[arjun] Duplicating CNF...[0m
c o [0m[arjun] Duplicated CNF. T: 0.00[0m
c o [0m[arjun] CMS::simplify() with *only* BVE...[0m
c o Executing OCC strategy token(s): 'occ-bve,
c o [occ] mem usage for occur      0 MB
c o [occ] Linked in IRRED BIN by default: 0
c o [occ] Linked in RED   BIN by default: 0
c o [occ] mem usage for occur      0 MB
c o Mem for watch alloc    : 0           MB (0.00      %)
c o Mem for watch array    : 0           MB (0.00      %)
c o Executing OCC strategy token: occ-bve
c o [occ-empty-res] Empty resolvent elimed: 0 T: 0.00 T-out: N
c o [occ-bve] iter v-elim 0
c o cl_inc_rate=1.00, var_dec_rate=1.00 (grow=0)
c o Reduced to 180 vars, 468 cls (grow=0)
c o [occ-bve] iter v-elim 0
c o cl_inc_rate=1.00, var_dec_rate=1.00 (grow=3)
c o Reduced to 180 vars, 468 cls (grow=3)
c o [occ-bve] iter v-elim 0
c o cl_inc_rate=1.00, var_dec_rate=1.00 (grow=4)
c o Reduced to 180 vars, 468 cls (grow=4)
c o [occ-bve] iter v-elim 0
c o cl_inc_rate=1.00, var_dec_rate=1.00 (grow=6)
c o Reduced to 180 vars, 468 cls (grow=6)
c o [occ-bve] iter v-elim 0
c o cl_inc_rate=1.00, var_dec_rate=1.00 (grow=9)
c o Reduced to 180 vars, 468 cls (grow=9)
c o [occ-bve] iter v-elim 0
c o cl_inc_rate=1.00, var_dec_rate=1.00 (grow=13)
c o Reduced to 180 vars, 468 cls (grow=13)
c o [occ-bve] iter v-elim 0
c o cl_inc_rate=1.00, var_dec_rate=1.00 (grow=16)
c o Reduced to 180 vars, 468 cls (grow=16)
c o x n vars       : 180
c o #try to eliminate:     0
c o #var-elim        :     0
c o #T-o: N
c o #T-r: 100.00%
c o #T  : 0.00
c o [occur] 0.00 is overhead
c o [occur] link-in T: 0.00 cleanup T: 0.00
c o [occ-xor-bve] elimed: 0 T: 0.00 T-out: N
c o [consolidate] mini T: 0.00
c o global_timeout_multiplier: 2.5000
c o [branch] rebuilding order heap for all branchings. Current branching: vsids
c o [0m[arjun] CMS::simplify() with *only* BVE finished. T: 0.0001[0m
c o [0m[arjun] Adding fixed clauses time: 0.0000[0m
c o [0m[backward FAST] Start unknown size: 90[0m
c o [0m[31m[arjun] backward round finished. U:  I: 90 T: 0.00[0m
c o [0m[arjun] run_minimize_indep finished T: 0.00[0m
c o --> Executing strategy token: must-scc-vrepl
c o [scc] new: 0 BP 0M T: 0.00
c o [vrep] vars 0 lits 0 rem-bin-cls 0 rem-long-cls 0 BP 0M T: 0.00
c o --> Executing strategy token: full-probe
c o [full-probe]  bin_only: 0 set: 0 repl: 0 T: 0.00 T-out: N T-r: 99.99%
c o --> Executing strategy token: sub-impl
c o [impl-sub] bin: 0 T: 0.00 T-out: N w-visit: 180
c o --> Executing strategy token: sub-cls-with-bin
c o [distill] watch-based irred--  cl tried      234 cl-sh     0 cl-rem    0 lit-rem      0 T: 0.00 T-out: N
c o [distill] watch-based   red--  cl tried        0 cl-sh     0 cl-rem    0 lit-rem      0 T: 0.00 T-out: N
c o --> Executing strategy token: distill-cls-onlyrem
c o [distill-long-irred] cls tried: 234/234 T: 0.00 T-out: N T-r: 100.00%
c o Executing OCC strategy token(s): 'occ-backw-sub,occ-resolv-subs,occ-rem-with-orgates,occ-ternary-res,
c o [occ] mem usage for occur      0 MB
c o [occ] Linked in IRRED BIN by default: 0
c o [occ] Linked in RED   BIN by default: 0
c o Mem for watch alloc    : 0           MB (0.00      %)
c o Mem for watch array    : 0           MB (0.00      %)
c o Executing OCC strategy token: occ-backw-sub
c o [occ-backw-sub-long-w-long] rem cl: 0 tried: 234/234 (100.0%) T: 0.00 T-out: N T-r: 100.00%
c o Executing OCC strategy token: occ-resolv-subs
c o [occ-resolv-subs] removed: 0 checked: 1260 T: 0.0
c o Executing OCC strategy token: occ-rem-with-orgates
c o [occ-gates] found:     0 avg-s: 0.0 T: 0.00 T-out: N T-r: 100.00%
c o [occ-gate-based-lit-rem] lit-rem: 0 cl-rem: 0 T: 0.00 T-out: N
c o Executing OCC strategy token: occ-ternary-res
c o [occ-ternary-res] Ternary res-tri: 35 res-bin: 0 sub: 10 str: 0 T: 0.00 T-out: N T-r: 99.98%
c o --> Executing strategy token: must-scc-vrepl
c o [scc] new: 0 BP 0M T: 0.00
c o [vrep] vars 0 lits 0 rem-bin-cls 0 rem-long-cls 0 BP 0M T: 0.00
c o Executing OCC strategy token(s): 'occ-bve,
c o [occ] mem usage for occur      0 MB
c o [occ] Linked in IRRED BIN by default: 0
c o [occ] Linked in RED   BIN by default: 0
c o Mem for watch alloc    : 0           MB (0.00      %)
c o Mem for watch array    : 0           MB (0.00      %)
c o Executing OCC strategy token: occ-bve
c o [occ-empty-res] Empty resolvent elimed: 0 T: 0.00 T-out: N
c o [occ-bve] iter v-elim 0
c o cl_inc_rate=1.00, var_dec_rate=1.00 (grow=0)
c o Reduced to 90 vars, 234 cls (grow=0)
c o x n vars       : 90
c o #try to eliminate:     0
c o #var-elim        :     0
c o #T-o: N
c o #T-r: 100.00%
c o #T  : 0.00
c o [occur] 0.00 is overhead
c o [occur] link-in T: 0.00 cleanup T: 0.00
c o [occ-xor-bve] elimed: 0 T: 0.00 T-out: N
c o --> Executing strategy token: sub-impl
c o [impl-sub] bin: 0 T: 0.00 T-out: N w-visit: 180
c o --> Executing strategy token: distill-cls-onlyrem
c o [distill-long-irred] cls tried: 234/234 T: 0.00 T-out: N T-r: 100.00%
c o --> Executing strategy token: intree-probe
c o [scc] new: 0 BP 0M T: 0.00
c o [vrep] vars 0 lits 0 rem-bin-cls 0 rem-long-cls 0 BP 0M T: 0.00
c o [intree] Set 0 vars hyper-added: 0 trans-irred: 0 trans-red: 0 T: 0.00 T-out: N T-r: -0.00%
c o Executing OCC strategy token(s): 'occ-backw-sub-str,
c o [occ] mem usage for occur      0 MB
c o [occ] Linked in IRRED BIN by default: 0
c o [occ] Linked in RED   BIN by default: 0
c o Mem for watch alloc    : 0           MB (0.00      %)
c o Mem for watch array    : 0           MB (0.00      %)
c o Executing OCC strategy token: occ-backw-sub-str
c o [occ-backw-sub-str-long-w-bins] subs: 0 str: 0 tried: 0 0-depth ass: 0 T: 0.00 T-out: N T-r: 100.00%
c o [occ-backw-sub-long-w-long] rem cl: 0 tried: 259/259 (100.0%) T: 0.00 T-out: N T-r: 100.00%
c o [occ-backw-sub-str-long-w-long] sub: 0 str: 0 tried: 777/259 (300.0)  T: 0.00 T-out: N T-r: 99.98%
c o --> Executing strategy token: sub-str-cls-with-bin
c o [distill] watch-based irred--  cl tried      468 cl-sh     0 cl-rem    0 lit-rem      0 T: 0.00 T-out: N
c o [distill] watch-based   red--  cl tried        0 cl-sh     0 cl-rem    0 lit-rem      0 T: 0.00 T-out: N
c o --> Executing strategy token: clean-cls
c o --> Executing strategy token: distill-cls
c o [distill-long-irred] cls tried: 234/234 T: 0.00 T-out: N T-r: 100.00%
c o [distill-long-irred] cls tried: 234/234 T: 0.00 T-out: N T-r: 100.00%
c o --> Executing strategy token: distill-bins
c o [distill-bin] useful: 0/0/0 lits-rem: 0 cl-rem: 0 0-depth-assigns: 0 T: 0.00 T-out: N
c o [consolidate] mini T: 0.00
c o global_timeout_multiplier: 3.3000
c o [branch] rebuilding order heap for all branchings. Current branching: vsids
c o --> Executing strategy token: must-scc-vrepl
c o [scc] new: 0 BP 0M T: 0.00
c o [vrep] vars 0 lits 0 rem-bin-cls 0 rem-long-cls 0 BP 0M T: 0.00
c o --> Executing strategy token: full-probe
c o [full-probe]  bin_only: 0 set: 0 repl: 0 T: 0.00 T-out: N T-r: 99.99%
c o --> Executing strategy token: sub-impl
c o [impl-sub] bin: 0 T: 0.00 T-out: N w-visit: 180
c o --> Executing strategy token: sub-cls-with-bin
c o [distill] watch-based irred--  cl tried      234 cl-sh     0 cl-rem    0 lit-rem      0 T: 0.00 T-out: N
c o [distill] watch-based   red--  cl tried        0 cl-sh     0 cl-rem    0 lit-rem      0 T: 0.00 T-out: N
c o --> Executing strategy token: distill-cls-onlyrem
c o [distill-long-irred] cls tried: 234/234 T: 0.00 T-out: N T-r: 100.00%
c o Executing OCC strategy token(s): 'occ-backw-sub,occ-resolv-subs,occ-rem-with-orgates,occ-ternary-res,
c o [occ] mem usage for occur      0 MB
c o [occ] Linked in IRRED BIN by default: 0
c o [occ] Linked in RED   BIN by default: 0
c o Mem for watch alloc    : 0           MB (0.00      %)
c o Mem for watch array    : 0           MB (0.00      %)
c o Executing OCC strategy token: occ-backw-sub
c o [occ-backw-sub-long-w-long] rem cl: 0 tried: 259/259 (100.0%) T: 0.00 T-out: N T-r: 100.00%
c o Executing OCC strategy token: occ-resolv-subs
c o [occ-resolv-subs] removed: 0 checked: 1260 T: 0.0
c o Executing OCC strategy token: occ-rem-with-orgates
c o [occ-gates] found:     0 avg-s: 0.0 T: 0.00 T-out: N T-r: 100.00%
c o [occ-gate-based-lit-rem] lit-rem: 0 cl-rem: 0 T: 0.00 T-out: N
c o Executing OCC strategy token: occ-ternary-res
c o [occ-ternary-res] Ternary res-tri: 0 res-bin: 0 sub: 0 str: 0 T: 0.00 T-out: N T-r: 100.00%
c o --> Executing strategy token: must-scc-vrepl
c o [scc] new: 0 BP 0M T: 0.00
c o [vrep] vars 0 lits 0 rem-bin-cls 0 rem-long-cls 0 BP 0M T: 0.00
c o Executing OCC strategy token(s): 'occ-bve,
c o [occ] mem usage for occur      0 MB
c o [occ] Linked in IRRED BIN by default: 0
c o [occ] Linked in RED   BIN by default: 0
c o Mem for watch alloc    : 0           MB (0.00      %)
c o Mem for watch array    : 0           MB (0.00      %)
c o Executing OCC strategy token: occ-bve
c o [occ-empty-res] Empty resolvent elimed: 0 T: 0.00 T-out: N
c o [occ-bve] iter v-elim 0
c o cl_inc_rate=1.00, var_dec_rate=1.00 (grow=0)
c o Reduced to 90 vars, 234 cls (grow=0)
c o x n vars       : 90
c o #try to eliminate:     0
c o #var-elim        :     0
c o #T-o: N
c o #T-r: 100.00%
c o #T  : 0.00
c o [occur] 0.00 is overhead
c o [occur] link-in T: 0.00 cleanup T: 0.00
c o [occ-xor-bve] elimed: 0 T: 0.00 T-out: N
c o --> Executing strategy token: sub-impl
c o [impl-sub] bin: 0 T: 0.00 T-out: N w-visit: 180
c o --> Executing strategy token: distill-cls-onlyrem
c o [distill-long-irred] cls tried: 234/234 T: 0.00 T-out: N T-r: 100.00%
c o --> Executing strategy token: intree-probe
c o [scc] new: 0 BP 0M T: 0.00
c o [vrep] vars 0 lits 0 rem-bin-cls 0 rem-long-cls 0 BP 0M T: 0.00
c o [intree] Set 0 vars hyper-added: 0 trans-irred: 0 trans-red: 0 T: 0.00 T-out: N T-r: -0.00%
c o Executing OCC strategy token(s): 'occ-backw-sub-str,
c o [occ] mem usage for occur      0 MB
c o [occ] Linked in IRRED BIN by default: 0
c o [occ] Linked in RED   BIN by default: 0
c o Mem for watch alloc    : 0           MB (0.00      %)
c o Mem for watch array    : 0           MB (0.00      %)
c o Executing OCC strategy token: occ-backw-sub-str
c o [occ-backw-sub-str-long-w-bins] subs: 0 str: 0 tried: 0 0-depth ass: 0 T: 0.00 T-out: N T-r: 100.00%
c o [occ-backw-sub-long-w-long] rem cl: 0 tried: 259/259 (100.0%) T: 0.00 T-out: N T-r: 100.00%
c o [occ-backw-sub-str-long-w-long] sub: 0 str: 0 tried: 777/259 (300.0)  T: 0.00 T-out: N T-r: 99.98%
c o --> Executing strategy token: sub-str-cls-with-bin
c o [distill] watch-based irred--  cl tried      468 cl-sh     0 cl-rem    0 lit-rem      0 T: 0.00 T-out: N
c o [distill] watch-based   red--  cl tried        0 cl-sh     0 cl-rem    0 lit-rem      0 T: 0.00 T-out: N
c o --> Executing strategy token: clean-cls
c o --> Executing strategy token: distill-cls
c o [distill-long-irred] cls tried: 234/234 T: 0.00 T-out: N T-r: 100.00%
c o [distill-long-irred] cls tried: 234/234 T: 0.00 T-out: N T-r: 100.00%
c o --> Executing strategy token: distill-bins
c o [distill-bin] useful: 0/0/0 lits-rem: 0 cl-rem: 0 0-depth-assigns: 0 T: 0.00 T-out: N
c o [consolidate] mini T: 0.00
c o global_timeout_multiplier: 3.3000
c o [branch] rebuilding order heap for all branchings. Current branching: vsids
c o [backbone-simpl] ccnr sols: 10 drop_cands: 87 T: 0.00
c o [backbone-simpl] cadiback called with -- lits: 702 num cls: 234 num vars: 90
c o [backbone-simpl] res: 10 num units added: 0 num eq added: 0 num bins: 0 T: 0.00
c o --> Executing strategy token: must-scc-vrepl
c o [scc] new: 0 BP 0M T: 0.00
c o [vrep] vars 0 lits 0 rem-bin-cls 0 rem-long-cls 0 BP 0M T: 0.00
c o --> Executing strategy token: must-renumber
c o [renumber] T: 0.00
c o [consolidate] mini T: 0.00
c o global_timeout_multiplier: 3.3000
c o [branch] rebuilding order heap for all branchings. Current branching: vsids
c o --> Executing strategy token: oracle-vivif-sparsify
c o --> Executing strategy token: must-renumber
c o [renumber] T: 0.00
c o [oracle-bin] potential pairs: 646 T: 0.0000
c o --> Executing strategy token: must-scc-vrepl
c o [scc] new: 0 BP 0M T: 0.00
c o [vrep] vars 0 lits 0 rem-bin-cls 0 rem-long-cls 0 BP 0M T: 0.00
c o [oracle-vivif] lits-rem: 0 learnt-units: 0 T-out: N T-remain: 99.9982% T: 0.00
c o [oracle-bin] bin-added: 0 equiv-added: 0 T-out: N T-remain: 100.00% T: 0.00
c o [oracle-vivif] cache usefulness: 94% total T: 0.00
c o --> Executing strategy token: sub-impl
c o [impl-sub] bin: 0 T: 0.00 T-out: N w-visit: 180
c o Executing OCC strategy token(s): 'occ-backw-sub,
c o [occ] mem usage for occur      0 MB
c o [occ] Linked in IRRED BIN by default: 0
c o [occ] Linked in RED   BIN by default: 0
c o Mem for watch alloc    : 0           MB (0.00      %)
c o Mem for watch array    : 0           MB (0.00      %)
c o Executing OCC strategy token: occ-backw-sub
c o [occ-backw-sub-long-w-long] rem cl: 0 tried: 279/279 (100.0%) T: 0.00 T-out: N T-r: 100.00%
c o --> Executing strategy token: must-renumber
c o [renumber] T: 0.00
c o [oracle-sparsify] done with 10 % oracle mems:     0 ccnr useful: 100.0% T: 0.0
c o [oracle-sparsify] done with 20 % oracle mems:     0 ccnr useful: 100.0% T: 0.0
c o [oracle-sparsify] done with 30 % oracle mems:     0 ccnr useful: 100.0% T: 0.0
c o [oracle-sparsify] done with 40 % oracle mems:     0 ccnr useful: 100.0% T: 0.0
c o [oracle-sparsify] done with 50 % oracle mems:     0 ccnr useful: 100.0% T: 0.0
c o [oracle-sparsify] done with 60 % oracle mems:     0 ccnr useful: 100.0% T: 0.0
c o [oracle-sparsify] done with 70 % oracle mems:     0 ccnr useful: 100.0% T: 0.0
c o [oracle-sparsify] done with 80 % oracle mems:     0 ccnr useful: 100.0% T: 0.0
c o [oracle-sparsify] done with 90 % oracle mems:     0 ccnr useful: 100.0% T: 0.0
c o [oracle-sparsify] removed: 0 of which bin: 0 tot considered: 234 ccnr useful: 234 oracle uknown: 0 cache useful: 0% learnt-units: 0 T: 0.00 buildT: 0.00
c o [consolidate] mini T: 0.00
c o global_timeout_multiplier: 3.3000
c o [branch] rebuilding order heap for all branchings. Current branching: vsids
c o --> Executing strategy token: must-scc-vrepl
c o [scc] new: 0 BP 0M T: 0.00
c o [vrep] vars 0 lits 0 rem-bin-cls 0 rem-long-cls 0 BP 0M T: 0.00
c o --> Executing strategy token: full-probe
c o [full-probe]  bin_only: 0 set: 0 repl: 0 T: 0.00 T-out: N T-r: 99.99%
c o --> Executing strategy token: sub-impl
c o [impl-sub] bin: 0 T: 0.00 T-out: N w-visit: 180
c o --> Executing strategy token: sub-cls-with-bin
c o [distill] watch-based irred--  cl tried      234 cl-sh     0 cl-rem    0 lit-rem      0 T: 0.00 T-out: N
c o [distill] watch-based   red--  cl tried        0 cl-sh     0 cl-rem    0 lit-rem      0 T: 0.00 T-out: N
c o --> Executing strategy token: distill-cls-onlyrem
c o [distill-long-irred] cls tried: 234/234 T: 0.00 T-out: N T-r: 100.00%
c o Executing OCC strategy token(s): 'occ-backw-sub,occ-resolv-subs,occ-rem-with-orgates,occ-ternary-res,
c o [occ] mem usage for occur      0 MB
c o [occ] Linked in IRRED BIN by default: 0
c o [occ] Linked in RED   BIN by default: 0
c o [occ] mem usage for occur      0 MB
c o Mem for watch alloc    : 0           MB (0.00      %)
c o Mem for watch array    : 0           MB (0.00      %)
c o Executing OCC strategy token: occ-backw-sub
c o [occ-backw-sub-long-w-long] rem cl: 0 tried: 279/279 (100.0%) T: 0.00 T-out: N T-r: 100.00%
c o Executing OCC strategy token: occ-resolv-subs
c o [occ-resolv-subs] removed: 0 checked: 1260 T: 0.0
c o Executing OCC strategy token: occ-rem-with-orgates
c o [occ-gates] found:     0 avg-s: 0.0 T: 0.00 T-out: N T-r: 100.00%
c o [occ-gate-based-lit-rem] lit-rem: 0 cl-rem: 0 T: 0.00 T-out: N
c o Executing OCC strategy token: occ-ternary-res
c o [occ-ternary-res] Ternary res-tri: 35 res-bin: 0 sub: 10 str: 0 T: 0.00 T-out: N T-r: 99.98%
c o --> Executing strategy token: must-scc-vrepl
c o [scc] new: 0 BP 0M T: 0.00
c o [vrep] vars 0 lits 0 rem-bin-cls 0 rem-long-cls 0 BP 0M T: 0.00
c o Executing OCC strategy token(s): 'occ-bve,
c o [occ] mem usage for occur      0 MB
c o [occ] Linked in IRRED BIN by default: 0
c o [occ] Linked in RED   BIN by default: 0
c o [occ] mem usage for occur      0 MB
c o Mem for watch alloc    : 0           MB (0.00      %)
c o Mem for watch array    : 0           MB (0.00      %)
c o Executing OCC strategy token: occ-bve
c o [occ-empty-res] Empty resolvent elimed: 0 T: 0.00 T-out: N
c o [occ-bve] iter v-elim 0
c o cl_inc_rate=1.00, var_dec_rate=1.00 (grow=0)
c o Reduced to 90 vars, 234 cls (grow=0)
c o [occ-bve] iter v-elim 0
c o cl_inc_rate=1.00, var_dec_rate=1.00 (grow=3)
c o Reduced to 90 vars, 234 cls (grow=3)
c o [occ-bve] iter v-elim 0
c o cl_inc_rate=1.00, var_dec_rate=1.00 (grow=4)
c o Reduced to 90 vars, 234 cls (grow=4)
c o [occ-bve] iter v-elim 0
c o cl_inc_rate=1.00, var_dec_rate=1.00 (grow=6)
c o Reduced to 90 vars, 234 cls (grow=6)
c o x n vars       : 90
c o #try to eliminate:     0
c o #var-elim        :     0
c o #T-o: N
c o #T-r: 100.00%
c o #T  : 0.00
c o [occur] 0.00 is overhead
c o [occur] link-in T: 0.00 cleanup T: 0.00
c o [occ-xor-bve] elimed: 0 T: 0.00 T-out: N
c o --> Executing strategy token: sub-impl
c o [impl-sub] bin: 0 T: 0.00 T-out: N w-visit: 180
c o --> Executing strategy token: distill-cls-onlyrem
c o [distill-long-irred] cls tried: 234/234 T: 0.00 T-out: N T-r: 100.00%
c o --> Executing strategy token: intree-probe
c o [scc] new: 0 BP 0M T: 0.00
c o [vrep] vars 0 lits 0 rem-bin-cls 0 rem-long-cls 0 BP 0M T: 0.00
c o [intree] Set 0 vars hyper-added: 0 trans-irred: 0 trans-red: 0 T: 0.00 T-out: N T-r: -0.00%
c o Executing OCC strategy token(s): 'occ-backw-sub-str,
c o [occ] mem usage for occur      0 MB
c o [occ] Linked in IRRED BIN by default: 0
c o [occ] Linked in RED   BIN by default: 0
c o [occ] mem usage for occur      0 MB
c o Mem for watch alloc    : 0           MB (0.00      %)
c o Mem for watch array    : 0           MB (0.00      %)
c o Executing OCC strategy token: occ-backw-sub-str
c o [occ-backw-sub-str-long-w-bins] subs: 0 str: 0 tried: 0 0-depth ass: 0 T: 0.00 T-out: N T-r: 100.00%
c o [occ-backw-sub-long-w-long] rem cl: 0 tried: 304/304 (100.0%) T: 0.00 T-out: N T-r: 99.99%
c o [occ-backw-sub-str-long-w-long] sub: 0 str: 0 tried: 912/304 (300.0)  T: 0.00 T-out: N T-r: 99.97%
c o --> Executing strategy token: sub-str-cls-with-bin
c o [distill] watch-based irred--  cl tried      468 cl-sh     0 cl-rem    0 lit-rem      0 T: 0.00 T-out: N
c o [distill] watch-based   red--  cl tried        0 cl-sh     0 cl-rem    0 lit-rem      0 T: 0.00 T-out: N
c o --> Executing strategy token: clean-cls
c o --> Executing strategy token: distill-cls
c o [distill-long-irred] cls tried: 234/234 T: 0.00 T-out: N T-r: 100.00%
c o [distill-long-irred] cls tried: 234/234 T: 0.00 T-out: N T-r: 100.00%
c o --> Executing strategy token: distill-bins
c o [distill-bin] useful: 0/0/0 lits-rem: 0 cl-rem: 0 0-depth-assigns: 0 T: 0.00 T-out: N
c o Executing OCC strategy token(s): 'occ-backw-sub,
c o [occ] mem usage for occur      0 MB
c o [occ] Linked in IRRED BIN by default: 0
c o [occ] Linked in RED   BIN by default: 0
c o [occ] mem usage for occur      0 MB
c o Mem for watch alloc    : 0           MB (0.00      %)
c o Mem for watch array    : 0           MB (0.00      %)
c o Executing OCC strategy token: occ-backw-sub
c o [occ-backw-sub-long-w-long] rem cl: 0 tried: 304/304 (100.0%) T: 0.00 T-out: N T-r: 99.99%
c o [consolidate] mini T: 0.00
c o global_timeout_multiplier: 3.3000
c o [branch] rebuilding order heap for all branchings. Current branching: vsids
c o --> Executing strategy token: must-scc-vrepl
c o [scc] new: 0 BP 0M T: 0.00
c o [vrep] vars 0 lits 0 rem-bin-cls 0 rem-long-cls 0 BP 0M T: 0.00
c o --> Executing strategy token: full-probe
c o [full-probe]  bin_only: 0 set: 0 repl: 0 T: 0.00 T-out: N T-r: 99.99%
c o --> Executing strategy token: sub-impl
c o [impl-sub] bin: 0 T: 0.00 T-out: N w-visit: 180
c o --> Executing strategy token: sub-cls-with-bin
c o [distill] watch-based irred--  cl tried      234 cl-sh     0 cl-rem    0 lit-rem      0 T: 0.00 T-out: N
c o [distill] watch-based   red--  cl tried        0 cl-sh     0 cl-rem    0 lit-rem      0 T: 0.00 T-out: N
c o --> Executing strategy token: distill-cls-onlyrem
c o [distill-long-irred] cls tried: 234/234 T: 0.00 T-out: N T-r: 100.00%
c o Executing OCC strategy token(s): 'occ-backw-sub,occ-resolv-subs,occ-rem-with-orgates,occ-ternary-res,
c o [occ] mem usage for occur      0 MB
c o [occ] Linked in IRRED BIN by default: 0
c o [occ] Linked in RED   BIN by default: 0
c o [occ] mem usage for occur      0 MB
c o Mem for watch alloc    : 0           MB (0.00      %)
c o Mem for watch array    : 0           MB (0.00      %)
c o Executing OCC strategy token: occ-backw-sub
c o [occ-backw-sub-long-w-long] rem cl: 0 tried: 304/304 (100.0%) T: 0.00 T-out: N T-r: 99.99%
c o Executing OCC strategy token: occ-resolv-subs
c o [occ-resolv-subs] removed: 0 checked: 1260 T: 0.0
c o Executing OCC strategy token: occ-rem-with-orgates
c o [occ-gates] found:     0 avg-s: 0.0 T: 0.00 T-out: N T-r: 100.00%
c o [occ-gate-based-lit-rem] lit-rem: 0 cl-rem: 0 T: 0.00 T-out: N
c o Executing OCC strategy token: occ-ternary-res
c o [occ-ternary-res] Ternary res-tri: 0 res-bin: 0 sub: 0 str: 0 T: 0.00 T-out: N T-r: 100.00%
c o --> Executing strategy token: must-scc-vrepl
c o [scc] new: 0 BP 0M T: 0.00
c o [vrep] vars 0 lits 0 rem-bin-cls 0 rem-long-cls 0 BP 0M T: 0.00
c o Executing OCC strategy token(s): 'occ-bve,
c o [occ] mem usage for occur      0 MB
c o [occ] Linked in IRRED BIN by default: 0
c o [occ] Linked in RED   BIN by default: 0
c o [occ] mem usage for occur      0 MB
c o Mem for watch alloc    : 0           MB (0.00      %)
c o Mem for watch array    : 0           MB (0.00      %)
c o Executing OCC strategy token: occ-bve
c o [occ-empty-res] Empty resolvent elimed: 0 T: 0.00 T-out: N
c o [occ-bve] iter v-elim 0
c o cl_inc_rate=1.00, var_dec_rate=1.00 (grow=0)
c o Reduced to 90 vars, 234 cls (grow=0)
c o [occ-bve] iter v-elim 0
c o cl_inc_rate=1.00, var_dec_rate=1.00 (grow=3)
c o Reduced to 90 vars, 234 cls (grow=3)
c o [occ-bve] iter v-elim 0
c o cl_inc_rate=1.00, var_dec_rate=1.00 (grow=4)
c o Reduced to 90 vars, 234 cls (grow=4)
c o [occ-bve] iter v-elim 0
c o cl_inc_rate=1.00, var_dec_rate=1.00 (grow=6)
c o Reduced to 90 vars, 234 cls (grow=6)
c o x n vars       : 90
c o #try to eliminate:     0
c o #var-elim        :     0
c o #T-o: N
c o #T-r: 100.00%
c o #T  : 0.00
c o [occur] 0.00 is overhead
c o [occur] link-in T: 0.00 cleanup T: 0.00
c o [occ-xor-bve] elimed: 0 T: 0.00 T-out: N
c o --> Executing strategy token: sub-impl
c o [impl-sub] bin: 0 T: 0.00 T-out: N w-visit: 180
c o --> Executing strategy token: distill-cls-onlyrem
c o [distill-long-irred] cls tried: 234/234 T: 0.00 T-out: N T-r: 100.00%
c o --> Executing strategy token: intree-probe
c o [scc] new: 0 BP 0M T: 0.00
c o [vrep] vars 0 lits 0 rem-bin-cls 0 rem-long-cls 0 BP 0M T: 0.00
c o [intree] Set 0 vars hyper-added: 0 trans-irred: 0 trans-red: 0 T: 0.00 T-out: N T-r: -0.00%
c o Executing OCC strategy token(s): 'occ-backw-sub-str,
c o [occ] mem usage for occur      0 MB
c o [occ] Linked in IRRED BIN by default: 0
c o [occ] Linked in RED   BIN by default: 0
c o [occ] mem usage for occur      0 MB
c o Mem for watch alloc    : 0           MB (0.00      %)
c o Mem for watch array    : 0           MB (0.00      %)
c o Executing OCC strategy token: occ-backw-sub-str
c o [occ-backw-sub-str-long-w-bins] subs: 0 str: 0 tried: 0 0-depth ass: 0 T: 0.00 T-out: N T-r: 100.00%
c o [occ-backw-sub-long-w-long] rem cl: 0 tried: 304/304 (100.0%) T: 0.00 T-out: N T-r: 99.99%
c o [occ-backw-sub-str-long-w-long] sub: 0 str: 0 tried: 912/304 (300.0)  T: 0.00 T-out: N T-r: 99.97%
c o --> Executing strategy token: sub-str-cls-with-bin
c o [distill] watch-based irred--  cl tried      468 cl-sh     0 cl-rem    0 lit-rem      0 T: 0.00 T-out: N
c o [distill] watch-based   red--  cl tried        0 cl-sh     0 cl-rem    0 lit-rem      0 T: 0.00 T-out: N
c o --> Executing strategy token: clean-cls
c o --> Executing strategy token: distill-cls
c o [distill-long-irred] cls tried: 234/234 T: 0.00 T-out: N T-r: 100.00%
c o [distill-long-irred] cls tried: 234/234 T: 0.00 T-out: N T-r: 100.00%
c o --> Executing strategy token: distill-bins
c o [distill-bin] useful: 0/0/0 lits-rem: 0 cl-rem: 0 0-depth-assigns: 0 T: 0.00 T-out: N
c o Executing OCC strategy token(s): 'occ-backw-sub,
c o [occ] mem usage for occur      0 MB
c o [occ] Linked in IRRED BIN by default: 0
c o [occ] Linked in RED   BIN by default: 0
c o [occ] mem usage for occur      0 MB
c o Mem for watch alloc    : 0           MB (0.00      %)
c o Mem for watch array    : 0           MB (0.00      %)
c o Executing OCC strategy token: occ-backw-sub
c o [occ-backw-sub-long-w-long] rem cl: 0 tried: 304/304 (100.0%) T: 0.00 T-out: N T-r: 99.99%
c o [consolidate] mini T: 0.00
c o global_timeout_multiplier: 3.3000
c o [branch] rebuilding order heap for all branchings. Current branching: vsids
c o --> Executing strategy token: oracle-vivif-fast
c o --> Executing strategy token: must-renumber
c o [renumber] T: 0.00
c o [oracle-bin] potential pairs: 646 T: 0.0000
c o --> Executing strategy token: must-scc-vrepl
c o [scc] new: 0 BP 0M T: 0.00
c o [vrep] vars 0 lits 0 rem-bin-cls 0 rem-long-cls 0 BP 0M T: 0.00
c o [oracle-vivif] lits-rem: 0 learnt-units: 0 T-out: N T-remain: 99.9931% T: 0.00
c o [oracle-bin] bin-added: 0 equiv-added: 0 T-out: N T-remain: 100.00% T: 0.00
c o [oracle-vivif] cache usefulness: 93% total T: 0.00
c o --> Executing strategy token: oracle-sparsify-fast
c o --> Executing strategy token: sub-impl
c o [impl-sub] bin: 0 T: 0.00 T-out: N w-visit: 180
c o Executing OCC strategy token(s): 'occ-backw-sub,
c o [occ] mem usage for occur      0 MB
c o [occ] Linked in IRRED BIN by default: 0
c o [occ] Linked in RED   BIN by default: 0
c o [occ] mem usage for occur      0 MB
c o Mem for watch alloc    : 0           MB (0.00      %)
c o Mem for watch array    : 0           MB (0.00      %)
c o Executing OCC strategy token: occ-backw-sub
c o [occ-backw-sub-long-w-long] rem cl: 0 tried: 348/348 (100.0%) T: 0.00 T-out: N T-r: 99.99%
c o --> Executing strategy token: must-renumber
c o [renumber] T: 0.00
c o [oracle-sparsify] done with 10 % oracle mems:     0 ccnr useful: 100.0% T: 0.0
c o [oracle-sparsify] done with 20 % oracle mems:     0 ccnr useful: 100.0% T: 0.0
c o [oracle-sparsify] done with 30 % oracle mems:     0 ccnr useful: 100.0% T: 0.0
c o [oracle-sparsify] done with 40 % oracle mems:     0 ccnr useful: 100.0% T: 0.0
c o [oracle-sparsify] done with 50 % oracle mems:     0 ccnr useful: 100.0% T: 0.0
c o [oracle-sparsify] done with 60 % oracle mems:     0 ccnr useful: 100.0% T: 0.0
c o [oracle-sparsify] done with 70 % oracle mems:     0 ccnr useful: 100.0% T: 0.0
c o [oracle-sparsify] done with 80 % oracle mems:     0 ccnr useful: 100.0% T: 0.0
c o [oracle-sparsify] done with 90 % oracle mems:     0 ccnr useful: 100.0% T: 0.0
c o [oracle-sparsify] removed: 0 of which bin: 0 tot considered: 234 ccnr useful: 234 oracle uknown: 0 cache useful: 0% learnt-units: 0 T: 0.00 buildT: 0.00
c o [consolidate] mini T: 0.00
c o global_timeout_multiplier: 3.3000
c o [branch] rebuilding order heap for all branchings. Current branching: vsids
c o Executing OCC strategy token(s): 'occ-bve,
c o [occ] mem usage for occur      0 MB
c o [occ] Linked in IRRED BIN by default: 0
c o [occ] Linked in RED   BIN by default: 0
c o [occ] mem usage for occur      0 MB
c o Mem for watch alloc    : 0           MB (0.00      %)
c o Mem for watch array    : 0           MB (0.00      %)
c o Executing OCC strategy token: occ-bve
c o [occ-empty-res] Empty resolvent elimed: 0 T: 0.00 T-out: N
c o [occ-bve] iter v-elim 0
c o cl_inc_rate=1.00, var_dec_rate=1.00 (grow=0)
c o Reduced to 90 vars, 234 cls (grow=0)
c o x n vars       : 90
c o #try to eliminate:     0
c o #var-elim        :     0
c o #T-o: N
c o #T-r: 100.00%
c o #T  : 0.00
c o [occur] 0.00 is overhead
c o [occur] link-in T: 0.00 cleanup T: 0.00
c o [occ-xor-bve] elimed: 0 T: 0.00 T-out: N
c o [consolidate] mini T: 0.00
c o global_timeout_multiplier: 3.3000
c o [branch] rebuilding order heap for all branchings. Current branching: vsids
c o --> Executing strategy token: must-scc-vrepl
c o [scc] new: 0 BP 0M T: 0.00
c o [vrep] vars 0 lits 0 rem-bin-cls 0 rem-long-cls 0 BP 0M T: 0.00
c o --> Executing strategy token: must-renumber
c o [renumber] T: 0.00
c o [consolidate] mini T: 0.00
c o global_timeout_multiplier: 3.3000
c o [branch] rebuilding order heap for all branchings. Current branching: vsids
c o [occ] mem usage for occur      0 MB
c o [occ] Linked in IRRED BIN by default: 0
c o [occ] Linked in RED   BIN by default: 0
c o [occ] mem usage for occur      0 MB
c o Mem for watch alloc    : 0           MB (0.00      %)
c o Mem for watch array    : 0           MB (0.00      %)
c o [empty] empty_occ: 0 T: 0.00
c o Executing OCC strategy token(s): 'occ-bve-empty,
c o [occ] mem usage for occur      0 MB
c o [occ] Linked in IRRED BIN by default: 0
c o [occ] Linked in RED   BIN by default: 0
c o [occ] mem usage for occur      0 MB
c o Mem for watch alloc    : 0           MB (0.00      %)
c o Mem for watch array    : 0           MB (0.00      %)
c o Executing OCC strategy token: occ-bve-empty
c o [occ-empty-res] Empty resolvent elimed: 0 T: 0.00 T-out: N
c o --> Executing strategy token: must-renumber
c o [renumber] T: 0.00
c o [consolidate] mini T: 0.00
c o global_timeout_multiplier: 3.3000
c o [branch] rebuilding order heap for all branchings. Current branching: vsids
c o [0m[puura] new_empty_sampl_vars size: 0[0m
c o [get-cnf] Checking for variables mapping to same new var to set AIG definitions...
c o solver orig num vars: 90 solver simp num vars: 90
c o [0m[31m[puura] Done. final vars: 90 final cls: 234 T: 0.01[0m
c o [0m[31m[autarky] Found autarkies: 0 autarky vars: 0 T-out: N T: 0.00[0m
c o --> Executing strategy token: must-scc-vrepl
c o [scc] new: 0 BP 0M T: 0.00
c o [vrep] vars 0 lits 0 rem-bin-cls 0 rem-long-cls 0 BP 0M T: 0.00
c o --> Executing strategy token: full-probe
c o [full-probe]  bin_only: 0 set: 0 repl: 0 T: 0.00 T-out: N T-r: 99.99%
c o --> Executing strategy token: sub-impl
c o [impl-sub] bin: 0 T: 0.00 T-out: N w-visit: 180
c o --> Executing strategy token: sub-cls-with-bin
c o [distill] watch-based irred--  cl tried      234 cl-sh     0 cl-rem    0 lit-rem      0 T: 0.00 T-out: N
c o [distill] watch-based   red--  cl tried        0 cl-sh     0 cl-rem    0 lit-rem      0 T: 0.00 T-out: N
c o --> Executing strategy token: distill-cls-onlyrem
c o [distill-long-irred] cls tried: 234/234 T: 0.00 T-out: N T-r: 100.00%
c o Executing OCC strategy token(s): 'occ-backw-sub,occ-resolv-subs,occ-rem-with-orgates,occ-ternary-res,
c o [occ] mem usage for occur      0 MB
c o [occ] Linked in IRRED BIN by default: 0
c o [occ] Linked in RED   BIN by default: 0
c o Mem for watch alloc    : 0           MB (0.00      %)
c o Mem for watch array    : 0           MB (0.00      %)
c o Executing OCC strategy token: occ-backw-sub
c o [occ-backw-sub-long-w-long] rem cl: 0 tried: 348/348 (100.0%) T: 0.00 T-out: N T-r: 99.99%
c o Executing OCC strategy token: occ-resolv-subs
c o [occ-resolv-subs] removed: 0 checked: 1260 T: 0.0
c o Executing OCC strategy token: occ-rem-with-orgates
c o [occ-gates] found:     0 avg-s: 0.0 T: 0.00 T-out: N T-r: 100.00%
c o [occ-gate-based-lit-rem] lit-rem: 0 cl-rem: 0 T: 0.00 T-out: N
c o Executing OCC strategy token: occ-ternary-res
c o [occ-ternary-res] Ternary res-tri: 36 res-bin: 0 sub: 11 str: 0 T: 0.00 T-out: N T-r: 99.98%
c o --> Executing strategy token: must-scc-vrepl
c o [scc] new: 0 BP 0M T: 0.00
c o [vrep] vars 0 lits 0 rem-bin-cls 0 rem-long-cls 0 BP 0M T: 0.00
c o Executing OCC strategy token(s): 'occ-bve,
c o [occ] mem usage for occur      0 MB
c o [occ] Linked in IRRED BIN by default: 0
c o [occ] Linked in RED   BIN by default: 0
c o Mem for watch alloc    : 0           MB (0.00      %)
c o Mem for watch array    : 0           MB (0.00      %)
c o Executing OCC strategy token: occ-bve
c o [occ-empty-res] Empty resolvent elimed: 0 T: 0.00 T-out: N
c o [occ-bve] iter v-elim 0
c o cl_inc_rate=1.00, var_dec_rate=1.00 (grow=0)
c o Reduced to 90 vars, 234 cls (grow=0)
c o x n vars       : 90
c o #try to eliminate:     0
c o #var-elim        :     0
c o #T-o: N
c o #T-r: 100.00%
c o #T  : 0.00
c o [occur] 0.00 is overhead
c o [occur] link-in T: 0.00 cleanup T: 0.00
c o [occ-xor-bve] elimed: 0 T: 0.00 T-out: N
c o --> Executing strategy token: sub-impl
c o [impl-sub] bin: 0 T: 0.00 T-out: N w-visit: 180
c o --> Executing strategy token: distill-cls-onlyrem
c o [distill-long-irred] cls tried: 234/234 T: 0.00 T-out: N T-r: 100.00%
c o --> Executing strategy token: intree-probe
c o [scc] new: 0 BP 0M T: 0.00
c o [vrep] vars 0 lits 0 rem-bin-cls 0 rem-long-cls 0 BP 0M T: 0.00
c o [intree] Set 0 vars hyper-added: 0 trans-irred: 0 trans-red: 0 T: 0.00 T-out: N T-r: -0.00%
c o Executing OCC strategy token(s): 'occ-backw-sub-str,
c o [occ] mem usage for occur      0 MB
c o [occ] Linked in IRRED BIN by default: 0
c o [occ] Linked in RED   BIN by default: 0
c o Mem for watch alloc    : 0           MB (0.00      %)
c o Mem for watch array    : 0           MB (0.00      %)
c o Executing OCC strategy token: occ-backw-sub-str
c o [occ-backw-sub-str-long-w-bins] subs: 0 str: 0 tried: 0 0-depth ass: 0 T: 0.00 T-out: N T-r: 100.00%
c o [occ-backw-sub-long-w-long] rem cl: 0 tried: 373/373 (100.0%) T: 0.00 T-out: N T-r: 99.99%
c o [occ-backw-sub-str-long-w-long] sub: 0 str: 0 tried: 1119/373 (300.0)  T: 0.00 T-out: N T-r: 99.97%
c o --> Executing strategy token: sub-str-cls-with-bin
c o [distill] watch-based irred--  cl tried      468 cl-sh     0 cl-rem    0 lit-rem      0 T: 0.00 T-out: N
c o [distill] watch-based   red--  cl tried        0 cl-sh     0 cl-rem    0 lit-rem      0 T: 0.00 T-out: N
c o --> Executing strategy token: clean-cls
c o --> Executing strategy token: distill-cls
c o [distill-long-irred] cls tried: 234/234 T: 0.00 T-out: N T-r: 100.00%
c o [distill-long-irred] cls tried: 234/234 T: 0.00 T-out: N T-r: 100.00%
c o --> Executing strategy token: distill-bins
c o [distill-bin] useful: 0/0/0 lits-rem: 0 cl-rem: 0 0-depth-assigns: 0 T: 0.00 T-out: N
c o [consolidate] mini T: 0.00
c o global_timeout_multiplier: 3.3000
c o [branch] rebuilding order heap for all branchings. Current branching: vsids
c o --> Executing strategy token: oracle-vivif-sparsify
c o --> Executing strategy token: must-renumber
c o [renumber] T: 0.00
c o [oracle-bin] potential pairs: 646 T: 0.0000
c o --> Executing strategy token: must-scc-vrepl
c o [scc] new: 0 BP 0M T: 0.00
c o [vrep] vars 0 lits 0 rem-bin-cls 0 rem-long-cls 0 BP 0M T: 0.00
c o [oracle-vivif] lits-rem: 0 learnt-units: 0 T-out: N T-remain: 99.9983% T: 0.00
c o [oracle-bin] bin-added: 0 equiv-added: 0 T-out: N T-remain: 100.00% T: 0.00
c o [oracle-vivif] cache usefulness: 94% total T: 0.00
c o --> Executing strategy token: sub-impl
c o [impl-sub] bin: 0 T: 0.00 T-out: N w-visit: 180
c o Executing OCC strategy token(s): 'occ-backw-sub,
c o [occ] mem usage for occur      0 MB
c o [occ] Linked in IRRED BIN by default: 0
c o [occ] Linked in RED   BIN by default: 0
c o Mem for watch alloc    : 0           MB (0.00      %)
c o Mem for watch array    : 0           MB (0.00      %)
c o Executing OCC strategy token: occ-backw-sub
c o [occ-backw-sub-long-w-long] rem cl: 0 tried: 391/391 (100.0%) T: 0.00 T-out: N T-r: 99.99%
c o --> Executing strategy token: must-renumber
c o [renumber] T: 0.00
c o [oracle-sparsify] done with 10 % oracle mems:     0 ccnr useful: 100.0% T: 0.0
c o [oracle-sparsify] done with 20 % oracle mems:     0 ccnr useful: 100.0% T: 0.0
c o [oracle-sparsify] done with 30 % oracle mems:     0 ccnr useful: 100.0% T: 0.0
c o [oracle-sparsify] done with 40 % oracle mems:     0 ccnr useful: 100.0% T: 0.0
c o [oracle-sparsify] done with 50 % oracle mems:     0 ccnr useful: 100.0% T: 0.0
c o [oracle-sparsify] done with 60 % oracle mems:     0 ccnr useful: 100.0% T: 0.0
c o [oracle-sparsify] done with 70 % oracle mems:     0 ccnr useful: 100.0% T: 0.0
c o [oracle-sparsify] done with 80 % oracle mems:     0 ccnr useful: 100.0% T: 0.0
c o [oracle-sparsify] done with 90 % oracle mems:     0 ccnr useful: 100.0% T: 0.0
c o [oracle-sparsify] removed: 0 of which bin: 0 tot considered: 234 ccnr useful: 234 oracle uknown: 0 cache useful: 0% learnt-units: 0 T: 0.00 buildT: 0.00
c o [consolidate] mini T: 0.00
c o global_timeout_multiplier: 3.3000
c o [branch] rebuilding order heap for all branchings. Current branching: vsids
c o --> Executing strategy token: must-scc-vrepl
c o [scc] new: 0 BP 0M T: 0.00
c o [vrep] vars 0 lits 0 rem-bin-cls 0 rem-long-cls 0 BP 0M T: 0.00
c o --> Executing strategy token: full-probe
c o [full-probe]  bin_only: 0 set: 0 repl: 0 T: 0.00 T-out: N T-r: 99.99%
c o --> Executing strategy token: sub-impl
c o [impl-sub] bin: 0 T: 0.00 T-out: N w-visit: 180
c o --> Executing strategy token: sub-cls-with-bin
c o [distill] watch-based irred--  cl tried      234 cl-sh     0 cl-rem    0 lit-rem      0 T: 0.00 T-out: N
c o [distill] watch-based   red--  cl tried        0 cl-sh     0 cl-rem    0 lit-rem      0 T: 0.00 T-out: N
c o --> Executing strategy token: distill-cls-onlyrem
c o [distill-long-irred] cls tried: 234/234 T: 0.00 T-out: N T-r: 100.00%
c o Executing OCC strategy token(s): 'occ-backw-sub,occ-resolv-subs,occ-rem-with-orgates,occ-ternary-res,
c o [occ] mem usage for occur      0 MB
c o [occ] Linked in IRRED BIN by default: 0
c o [occ] Linked in RED   BIN by default: 0
c o [occ] mem usage for occur      0 MB
c o Mem for watch alloc    : 0           MB (0.00      %)
c o Mem for watch array    : 0           MB (0.00      %)
c o Executing OCC strategy token: occ-backw-sub
c o [occ-backw-sub-long-w-long] rem cl: 0 tried: 391/391 (100.0%) T: 0.00 T-out: N T-r: 99.99%
c o Executing OCC strategy token: occ-resolv-subs
c o [occ-resolv-subs] removed: 0 checked: 1260 T: 0.0
c o Executing OCC strategy token: occ-rem-with-orgates
c o [occ-gates] found:     0 avg-s: 0.0 T: 0.00 T-out: N T-r: 100.00%
c o [occ-gate-based-lit-rem] lit-rem: 0 cl-rem: 0 T: 0.00 T-out: N
c o Executing OCC strategy token: occ-ternary-res
c o [occ-ternary-res] Ternary res-tri: 35 res-bin: 0 sub: 10 str: 0 T: 0.00 T-out: N T-r: 99.98%
c o --> Executing strategy token: must-scc-vrepl
c o [scc] new: 0 BP 0M T: 0.00
c o [vrep] vars 0 lits 0 rem-bin-cls 0 rem-long-cls 0 BP 0M T: 0.00
c o Executing OCC strategy token(s): 'occ-bve,
c o [occ] mem usage for occur      0 MB
c o [occ] Linked in IRRED BIN by default: 0
c o [occ] Linked in RED   BIN by default: 0
c o [occ] mem usage for occur      0 MB
c o Mem for watch alloc    : 0           MB (0.00      %)
c o Mem for watch array    : 0           MB (0.00      %)
c o Executing OCC strategy token: occ-bve
c o [occ-empty-res] Empty resolvent elimed: 0 T: 0.00 T-out: N
c o [occ-bve] iter v-elim 0
c o cl_inc_rate=1.00, var_dec_rate=1.00 (grow=0)
c o Reduced to 90 vars, 234 cls (grow=0)
c o x n vars       : 90
c o #try to eliminate:     0
c o #var-elim        :     0
c o #T-o: N
c o #T-r: 100.00%
c o #T  : 0.00
c o [occur] 0.00 is overhead
c o [occur] link-in T: 0.00 cleanup T: 0.00
c o [occ-xor-bve] elimed: 0 T: 0.00 T-out: N
c o --> Executing strategy token: sub-impl
c o [impl-sub] bin: 0 T: 0.00 T-out: N w-visit: 180
c o --> Executing strategy token: distill-cls-onlyrem
c o [distill-long-irred] cls tried: 234/234 T: 0.00 T-out: N T-r: 100.00%
c o --> Executing strategy token: intree-probe
c o [scc] new: 0 BP 0M T: 0.00
c o [vrep] vars 0 lits 0 rem-bin-cls 0 rem-long-cls 0 BP 0M T: 0.00
c o [intree] Set 0 vars hyper-added: 0 trans-irred: 0 trans-red: 0 T: 0.00 T-out: N T-r: -0.00%
c o Executing OCC strategy token(s): 'occ-backw-sub-str,
c o [occ] mem usage for occur      0 MB
c o [occ] Linked in IRRED BIN by default: 0
c o [occ] Linked in RED   BIN by default: 0
c o [occ] mem usage for occur      0 MB
c o Mem for watch alloc    : 0           MB (0.00      %)
c o Mem for watch array    : 0           MB (0.00      %)
c o Executing OCC strategy token: occ-backw-sub-str
c o [occ-backw-sub-str-long-w-bins] subs: 0 str: 0 tried: 0 0-depth ass: 0 T: 0.00 T-out: N T-r: 100.00%
c o [occ-backw-sub-long-w-long] rem cl: 0 tried: 416/416 (100.0%) T: 0.00 T-out: N T-r: 99.99%
c o [occ-backw-sub-str-long-w-long] sub: 0 str: 0 tried: 1248/416 (300.0)  T: 0.00 T-out: N T-r: 99.96%
c o --> Executing strategy token: sub-str-cls-with-bin
c o [distill] watch-based irred--  cl tried      468 cl-sh     0 cl-rem    0 lit-rem      0 T: 0.00 T-out: N
c o [distill] watch-based   red--  cl tried        0 cl-sh     0 cl-rem    0 lit-rem      0 T: 0.00 T-out: N
c o --> Executing strategy token: clean-cls
c o --> Executing strategy token: distill-cls
c o [distill-long-irred] cls tried: 234/234 T: 0.00 T-out: N T-r: 100.00%
c o [distill-long-irred] cls tried: 234/234 T: 0.00 T-out: N T-r: 100.00%
c o --> Executing strategy token: distill-bins
c o [distill-bin] useful: 0/0/0 lits-rem: 0 cl-rem: 0 0-depth-assigns: 0 T: 0.00 T-out: N
c o Executing OCC strategy token(s): 'occ-backw-sub,
c o [occ] mem usage for occur      0 MB
c o [occ] Linked in IRRED BIN by default: 0
c o [occ] Linked in RED   BIN by default: 0
c o [occ] mem usage for occur      0 MB
c o Mem for watch alloc    : 0           MB (0.00      %)
c o Mem for watch array    : 0           MB (0.00      %)
c o Executing OCC strategy token: occ-backw-sub
c o [occ-backw-sub-long-w-long] rem cl: 0 tried: 416/416 (100.0%) T: 0.00 T-out: N T-r: 99.99%
c o [consolidate] mini T: 0.00
c o global_timeout_multiplier: 3.3000
c o [branch] rebuilding order heap for all branchings. Current branching: vsids
c o --> Executing strategy token: oracle-vivif-fast
c o --> Executing strategy token: must-renumber
c o [renumber] T: 0.00
c o [oracle-bin] potential pairs: 646 T: 0.0000
c o --> Executing strategy token: must-scc-vrepl
c o [scc] new: 0 BP 0M T: 0.00
c o [vrep] vars 0 lits 0 rem-bin-cls 0 rem-long-cls 0 BP 0M T: 0.00
c o [oracle-vivif] lits-rem: 0 learnt-units: 0 T-out: N T-remain: 99.9940% T: 0.00
c o [oracle-bin] bin-added: 0 equiv-added: 0 T-out: N T-remain: 100.00% T: 0.00
c o [oracle-vivif] cache usefulness: 93% total T: 0.00
c o --> Executing strategy token: oracle-sparsify-fast
c o --> Executing strategy token: sub-impl
c o [impl-sub] bin: 0 T: 0.00 T-out: N w-visit: 180
c o Executing OCC strategy token(s): 'occ-backw-sub,
c o [occ] mem usage for occur      0 MB
c o [occ] Linked in IRRED BIN by default: 0
c o [occ] Linked in RED   BIN by default: 0
c o [occ] mem usage for occur      0 MB
c o Mem for watch alloc    : 0           MB (0.00      %)
c o Mem for watch array    : 0           MB (0.00      %)
c o Executing OCC strategy token: occ-backw-sub
c o [occ-backw-sub-long-w-long] rem cl: 0 tried: 439/439 (100.0%) T: 0.00 T-out: N T-r: 99.99%
c o --> Executing strategy token: must-renumber
c o [renumber] T: 0.00
c o [oracle-sparsify] done with 10 % oracle mems:     0 ccnr useful: 100.0% T: 0.0
c o [oracle-sparsify] done with 20 % oracle mems:     0 ccnr useful: 100.0% T: 0.0
c o [oracle-sparsify] done with 30 % oracle mems:     0 ccnr useful: 100.0% T: 0.0
c o [oracle-sparsify] done with 40 % oracle mems:     0 ccnr useful: 100.0% T: 0.0
c o [oracle-sparsify] done with 50 % oracle mems:     0 ccnr useful: 100.0% T: 0.0
c o [oracle-sparsify] done with 60 % oracle mems:     0 ccnr useful: 100.0% T: 0.0
c o [oracle-sparsify] done with 70 % oracle mems:     0 ccnr useful: 100.0% T: 0.0
c o [oracle-sparsify] done with 80 % oracle mems:     0 ccnr useful: 100.0% T: 0.0
c o [oracle-sparsify] done with 90 % oracle mems:     0 ccnr useful: 100.0% T: 0.0
c o [oracle-sparsify] removed: 0 of which bin: 0 tot considered: 234 ccnr useful: 234 oracle uknown: 0 cache useful: 0% learnt-units: 0 T: 0.00 buildT: 0.00
c o [consolidate] mini T: 0.00
c o global_timeout_multiplier: 3.3000
c o [branch] rebuilding order heap for all branchings. Current branching: vsids
c o Executing OCC strategy token(s): 'occ-bve,
c o [occ] mem usage for occur      0 MB
c o [occ] Linked in IRRED BIN by default: 0
c o [occ] Linked in RED   BIN by default: 0
c o [occ] mem usage for occur      0 MB
c o Mem for watch alloc    : 0           MB (0.00      %)
c o Mem for watch array    : 0           MB (0.00      %)
c o Executing OCC strategy token: occ-bve
c o [occ-empty-res] Empty resolvent elimed: 0 T: 0.00 T-out: N
c o [occ-bve] iter v-elim 0
c o cl_inc_rate=1.00, var_dec_rate=1.00 (grow=0)
c o Reduced to 90 vars, 234 cls (grow=0)
c o x n vars       : 90
c o #try to eliminate:     0
c o #var-elim        :     0
c o #T-o: N
c o #T-r: 100.00%
c o #T  : 0.00
c o [occur] 0.00 is overhead
c o [occur] link-in T: 0.00 cleanup T: 0.00
c o [occ-xor-bve] elimed: 0 T: 0.00 T-out: N
c o [consolidate] mini T: 0.00
c o global_timeout_multiplier: 3.3000
c o [branch] rebuilding order heap for all branchings. Current branching: vsids
c o --> Executing strategy token: must-scc-vrepl
c o [scc] new: 0 BP 0M T: 0.00
c o [vrep] vars 0 lits 0 rem-bin-cls 0 rem-long-cls 0 BP 0M T: 0.00
c o --> Executing strategy token: must-renumber
c o [renumber] T: 0.00
c o [consolidate] mini T: 0.00
c o global_timeout_multiplier: 3.3000
c o [branch] rebuilding order heap for all branchings. Current branching: vsids
c o [occ] mem usage for occur      0 MB
c o [occ] Linked in IRRED BIN by default: 0
c o [occ] Linked in RED   BIN by default: 0
c o [occ] mem usage for occur      0 MB
c o Mem for watch alloc    : 0           MB (0.00      %)
c o Mem for watch array    : 0           MB (0.00      %)
c o [empty] empty_occ: 0 T: 0.00
c o Executing OCC strategy token(s): 'occ-bve-empty,
c o [occ] mem usage for occur      0 MB
c o [occ] Linked in IRRED BIN by default: 0
c o [occ] Linked in RED   BIN by default: 0
c o [occ] mem usage for occur      0 MB
c o Mem for watch alloc    : 0           MB (0.00      %)
c o Mem for watch array    : 0           MB (0.00      %)
c o Executing OCC strategy token: occ-bve-empty
c o [occ-empty-res] Empty resolvent elimed: 0 T: 0.00 T-out: N
c o --> Executing strategy token: must-renumber
c o [renumber] T: 0.00
c o [consolidate] mini T: 0.00
c o global_timeout_multiplier: 3.3000
c o [branch] rebuilding order heap for all branchings. Current branching: vsids
c o [0m[puura] new_empty_sampl_vars size: 0[0m
c o [get-cnf] Checking for variables mapping to same new var to set AIG definitions...
c o solver orig num vars: 90 solver simp num vars: 90
c o [0m[31m[puura] Done. final vars: 90 final cls: 234 T: 0.00[0m
c o [0m[arjun-sbva] entering SBVA with     vars: 90      cls:   234 opt sampl: 90[0m
c o [0m[arjun-sbva] exited SBVA with       vars: 90      cls:   234[0m
c o [0m[arjun-sbva] K steps remaining: 983.45 T-out: No T: 0.00[0m
c o Arjun T: 0.01
c o Found 1 disconnected component(s)
c o [par] Using non-parallel counting
c o ind size: 90 nvars: 90
c o opt ind size: 90 ind size: 90 nvars: 90
c o Sampling set size: 90
c o Opt sampling set size: 90
c o Bin irred/red      0          0         
c o Long irred cls/tri 0          234       
c o Long red cls/tri   90         115       
c o [td] nodes: 90 nvars: 90 edges: 646
c o [td] Primal graph   nodes: 90 edges: 646 density: 0.080 edge/var: 7.178
c o [td] min degree heuristic
c o [td] #bags 41, tw 50, elapsed 0.000 s
c o [td] min shortcut heuristic
c o [td] #bags 43, tw 48, elapsed 0.008 s
c o [td] run with 0.0/0.1/0.2 min balance and node_min_expansion in endless loop with varying seed
c o [td] iter 100 width: 47 stepsK remain: 99 T: 0.168
c o [td] iter 200 width: 47 stepsK remain: 98 T: 0.325
c o [td] iter 300 width: 47 stepsK remain: 97 T: 0.484
c o [td] iter 400 width: 47 stepsK remain: 97 T: 0.644
c o [td] iter 500 width: 47 stepsK remain: 96 T: 0.802
c o [td] iter 600 width: 47 stepsK remain: 95 T: 0.963
c o [td] iter 700 width: 47 stepsK remain: 95 T: 1.124
c o [td] iter 800 width: 47 stepsK remain: 94 T: 1.281
c o [td] centroid bag id: 32 bag size: 39
c o [td] centroid bag id: 32 bag size: 39
c o [td] weight: 7.000 nodes: 90 rt/width(=rt): 1.915 rt*conf.td_exp_mult: 2.106 conf.td_exp_mult: 1.100 conf.td_divider: 1000.000 max ord diff: 12
c o [td] decompose time: 1.441
c o Cache full. Deleting some entries.
c o deletable:           19615458
c o Deleting entries. Num entries: 19615489
c o cache_bytes_memory_usage() in MB: 2436.000
c o max_cache_size_bytes in MB: 2500.000
c o free entries before: 0
c o max descendants: 16 avg descendants: 0.985
c o max siblings: 16 avg siblings: 0.005
c o free entries after:  9807732 avg len: 0.005
c o deletion done. T: 0.472
c o Cache full. Deleting some entries.
c o deletable:           18657087
c o Deleting entries. Num entries: 19615489
c o cache_bytes_memory_usage() in MB: 2487.182
c o max_cache_size_bytes in MB: 2500.000
c o free entries before: 958369
c o max descendants: 16 avg descendants: 0.042
c o max siblings: 12 avg siblings: 0.005
c o free entries after:  10286914 avg len: 0.005
c o deletion done. T: 0.414
c o Cache full. Deleting some entries.
c o deletable:           18635252
c o Deleting entries. Num entries: 19615489
c o cache_bytes_memory_usage() in MB: 2488.349
c o max_cache_size_bytes in MB: 2500.000
c o free entries before: 980207
c o max descendants: 12 avg descendants: 0.001
c o max siblings: 6 avg siblings: 0.001
c o free entries after:  10297834 avg len: 0.001
c o deletion done. T: 0.422
c o Cache full. Deleting some entries.
c o deletable:           18680090
c o Deleting entries. Num entries: 19615489
c o cache_bytes_memory_usage() in MB: 2485.954
c o max_cache_size_bytes in MB: 2500.000
c o free entries before: 935369
c o max descendants: 11 avg descendants: 0.002
c o max siblings: 10 avg siblings: 0.001
c o free entries after:  10275416 avg len: 0.001
c o deletion done. T: 0.418
c o Cache full. Deleting some entries.
c o deletable:           18668617
c o Deleting entries. Num entries: 19615489
c o cache_bytes_memory_usage() in MB: 2486.567
c o max_cache_size_bytes in MB: 2500.000
c o free entries before: 946840
c o max descendants: 7 avg descendants: 0.001
c o max siblings: 5 avg siblings: 0.001
c o free entries after:  10281149 avg len: 0.001
c o deletion done. T: 0.423
c o Cache full. Deleting some entries.
c o deletable:           18670654
c o Deleting entries. Num entries: 19615489
c o cache_bytes_memory_usage() in MB: 2486.458
c o max_cache_size_bytes in MB: 2500.000
c o free entries before: 944804
c o max descendants: 20 avg descendants: 0.001
c o max siblings: 19 avg siblings: 0.001
c o free entries after:  10280131 avg len: 0.001
c o deletion done. T: 0.425
c o Cache full. Deleting some entries.
c o deletable:           18684608
c o Deleting entries. Num entries: 19615489
c o cache_bytes_memory_usage() in MB: 2485.713
c o max_cache_size_bytes in MB: 2500.000
c o free entries before: 930848
c o max descendants: 9 avg descendants: 0.001
c o max siblings: 8 avg siblings: 0.000
c o free entries after:  10273153 avg len: 0.000
c o deletion done. T: 0.418
c o Cache full. Deleting some entries.
c o deletable:           18651125
c o Deleting entries. Num entries: 19615489
c o cache_bytes_memory_usage() in MB: 2487.501
c o max_cache_size_bytes in MB: 2500.000
c o free entries before: 964330
c o max descendants: 9 avg descendants: 0.001
c o max siblings: 4 avg siblings: 0.001
c o free entries after:  10289893 avg len: 0.001
c o deletion done. T: 0.432
c o Cache full. Deleting some entries.
c o deletable:           18668623
c o Deleting entries. Num entries: 19615489
c o cache_bytes_memory_usage() in MB: 2486.567
c o max_cache_size_bytes in MB: 2500.000
c o free entries before: 946845
c o max descendants: 11 avg descendants: 0.001
c o max siblings: 9 avg siblings: 0.000
c o free entries after:  10281158 avg len: 0.000
c o deletion done. T: 0.433
c o Cache full. Deleting some entries.
c o deletable:           18723213
c o Deleting entries. Num entries: 19615489
c o cache_bytes_memory_usage() in MB: 2483.651
c o max_cache_size_bytes in MB: 2500.000
c o free entries before: 892243
c o max descendants: 18 avg descendants: 0.000
c o max siblings: 18 avg siblings: 0.000
c o free entries after:  10253850 avg len: 0.000
c o deletion done. T: 0.428
c o Cache full. Deleting some entries.
c o deletable:           18727545
c o Deleting entries. Num entries: 19615489
c o cache_bytes_memory_usage() in MB: 2483.420
c o max_cache_size_bytes in MB: 2500.000
c o free entries before: 887914
c o max descendants: 43 avg descendants: 0.005
c o max siblings: 8 avg siblings: 0.000
c o free entries after:  10251687 avg len: 0.000
c o deletion done. T: 0.429
c o Cache full. Deleting some entries.
c o deletable:           18657898
c o Deleting entries. Num entries: 19615489
c o cache_bytes_memory_usage() in MB: 2487.139
c o max_cache_size_bytes in MB: 2500.000
c o free entries before: 957564
c o max descendants: 14 avg descendants: 0.003
c o max siblings: 9 avg siblings: 0.000
c o free entries after:  10286515 avg len: 0.000
c o deletion done. T: 0.438
c o Cache full. Deleting some entries.
c o deletable:           18724535
c o Deleting entries. Num entries: 19615489
c o cache_bytes_memory_usage() in MB: 2483.581
c o max_cache_size_bytes in MB: 2500.000
c o free entries before: 890926
c o max descendants: 8 avg descendants: 0.003
c o max siblings: 7 avg siblings: 0.000
c o free entries after:  10253194 avg len: 0.000
c o deletion done. T: 0.429
c o Cache full. Deleting some entries.
c o deletable:           18705210
c o Deleting entries. Num entries: 19615489
c o cache_bytes_memory_usage() in MB: 2484.613
c o max_cache_size_bytes in MB: 2500.000
c o free entries before: 910247
c o max descendants: 18 avg descendants: 0.008
c o max siblings: 14 avg siblings: 0.000
c o free entries after:  10262852 avg len: 0.000
c o deletion done. T: 0.438
c o [rst-cube] Num restarts: 0 orig cubes this rst: 1 final cubes this rst: 1 total orig cubes: 1 total final cubes: 1
c o total time so far: 306.188
c o decisions K                    147905    -- Kdec/s:     483.08   
c o conflicts                      1649         -- confl/s:    5.39     
c o rem lits triedK/rem lits remK  1         0         
c o shrink tried/useful%/lits rem  1649      10.1880   185       
c o avg clsz/rem lits avg/finalavg 8.0819    7.9472    7.9472   
c o rdbs/low lbd/rem               0     0      0     
c o looks/look-computes            0/0
c o sat call/sat/unsat/confl/rst  0     0     0     0     0     
c o buddy called /unsat ratio           0     / 0.0000 
c o buddy avg num bin/long cls/vs  0.0000 / 0.0000 / 0.0000
c o buddy max num bin/long cls/vs  0     / 0     / 0    
c o orig cubes/lit-r avg/exten avg 1     / 0.00  / 0.00 
c o cubes orig/symm/final          1     / 0     / 1    
c o cubes resolved/flp-removed     0     / 0    
c o tot restarts                   0    
c o comp sortsK/avg sz             147626 / 1.00188920
c o comps recordK/non-reset ratio  625867 / 1.00
c o vivif: try/cls/clviv/litsravg  0         0         0         0.00      
c o toplev subs runs/bins/long-cls 0         0         0         0         0         
c o toplevel probes/fail/bprop     0         0         0         
c o Mem used                       0.00 GB
c o cache pollutions call/removed  3230/544649
c o cache entries K                16125
c o MB cache                       2324.406
c o cache K (lookup/ stores/ hits/ dels) 442781 147905 294876 131234  -- Klookup/s:  1446.14  
c o cache miss rate                0.334
c o avg hit/store num vars 7.323 / 21.338
c o 
c o intermediate count: 3393485555651045
c o Total time [Arjun+GANAK]: 306.67
s SATISFIABLE
c s type mc
c s log10-estimate 1.55306460e+01
c s exact arb int 3393485555651045
c s pac guarantees epsilon: 0 delta: 0
