c o Ganak SHA1: 70de63c2638b19d63bc8d68a494993bb70f274a8
c o Arjun SHA1: 70de63c2638b19d63bc8d68a494993bb70f274a8
c o SBVA SHA1: 70de63c2638b19d63bc8d68a494993bb70f274a8
c o CMS SHA1: 70de63c2638b19d63bc8d68a494993bb70f274a8
c o ApproxMC SHA1: GIT-hash-notfound
c o Using ideas by JM Lagniez, and Pierre Marquis
c o     from paper: Improving Model Counting [..] IJCAI 2016
c o Using VMTF, picosat, CaDiCaL, and CadiBack code by Armin Biere
c o CMS is MIT licensed
c o Using code from 'When Boolean Satisfiability Meets Gauss-E. in a Simplex Way'
c o       by C.-S. Han and J.-H. Roland Jiang in CAV 2012. Fixes by M. Soos
c o Using CCAnr from 'CCAnr: A Conf. Checking Based Local Search Solver [...]'
c o       by Shaowei Cai, Chuan Luo, and Kaile Su, SAT 2015
c o Using Oracle code from 'Integrating Tree Decompositions [...]'
c o       by Tuukka Korhonen and Matti Jarvisalo, CP 2021
c o Using Graph library by Tuukka Korhonen and Matti Jarvisalo
c o Using Flowcutter by Ben Strasser
c o Ganak compilation env CMAKE_CXX_COMPILER = /usr/bin/c++ | CMAKE_CXX_FLAGS =  -fno-stack-protector -msse4.2 -Wnull-dereference -Wdouble-promotion -Wshadow -Wformat=2 -Wextra-semi -pedantic | COMPILE_DEFINES =  -DNDEBUG -D_FORTIFY_SOURCE=0 | BUILD_SHARED_LIBS = OFF | ZLIB_FOUND = FALSE | ENABLE_ASSERTIONS = OFF | 
c o called with: /Users/konstantin.kutzkov/Desktop/Code/COCOA/ganak-canonical/build/ganak --prob 0 /Users/konstantin.kutzkov/Desktop/Code/SharpSAT/temp_cnf/mc2026_public/mc2026_track1_153.cnf
c o CNF projection set size: 509
c o --> Executing strategy token: clean-cls
c o --> Executing strategy token: must-scc-vrepl
c o [scc] new: 29 BP 0M T: 0.00
c o [vrep] vars 29 lits 1273 rem-bin-cls 116 rem-long-cls 0 BP 0M T: 0.00
c o [consolidate] mini T: 0.00
c o global_timeout_multiplier: 2.5
c o [branch] rebuilding order heap for all branchings. Current branching: vsids
c o [0m[arjun-simp] probing all sampling variables[0m
c o --> Executing strategy token: must-scc-vrepl
c o [scc] new: 0 BP 0M T: 0.00
c o [vrep] vars 0 lits 0 rem-bin-cls 0 rem-long-cls 0 BP 0M T: 0.00
c o [consolidate] mini T: 0.00
c o global_timeout_multiplier: 2.5
c o [branch] rebuilding order heap for all branchings. Current branching: vsids
c o [0m[arjun-simp] Removed set       : 501 new size: 8[0m
c o [0m[arjun-simp] Removed eq lits: 3 new size: 5[0m
c o [0m[arjun-simp] probe removed: 504 perc: 99.02 T: 0.00[0m
c o [0m[arjun-simp] Removed eq lits: 0 new size: 5[0m
c o [0m[arjun-simp] Removed set       : 0 new size: 5[0m
c o [0m[arjun-simp] get-empties removed: 0 perc: 0.00 total empties now: 0 T: 0.00[0m
c o [0m[arjun-simp] CMS::simplify() with no BVE, intree probe...[0m
c o --> Executing strategy token: str-impl
c [impl-str] lit bin: 0 set-var: 0 T: 0.00 T-out: N T-r: 100.00% w-visit: 1018
c o --> Executing strategy token: intree-probe
c o [scc] new: 0 BP 0M T: 0.00
c o [vrep] vars 0 lits 0 rem-bin-cls 0 rem-long-cls 0 BP 0M T: 0.00
c o [intree] Set 0 vars hyper-added: 0 trans-irred: 0 trans-red: 0 T: 0.00 T-out: N T-r: -0.01%
c o Executing OCC strategy token(s): 'occ-ternary-res,occ-backw-sub,
c o [occ] mem usage for occur      0 MB
c o [occ] Linked in IRRED BIN by default: 5
c o [occ] Linked in RED   BIN by default: 0
c o [occ] mem usage for occur      0 MB
c o Mem for watch alloc    : 0           MB (0.00      %)
c o Mem for watch array    : 0           MB (0.00      %)
c o Executing OCC strategy token: occ-ternary-res
c o [occ-ternary-res] Ternary res-tri: 0 res-bin: 0 sub: 0 str: 0 T: 0.00 T-out: N T-r: 100.00%
c o Executing OCC strategy token: occ-backw-sub
c o [occ-backw-sub-long-w-long] rem cl: 0 tried: 1/1 (100.0%) T: 0.00 T-out: N T-r: 100.00%
c o --> Executing strategy token: distill-litrem
c [distill-litrem] useful: 0/3/1 lits-rem: 0 0-depth-assigns: 0 T: 0.00 T-out: N
c o --> Executing strategy token: must-distill-cls
c o [distill-long-irred] cls tried: 1/1 T: 0.00 T-out: N T-r: 100.00%
c o [distill-long-irred] cls tried: 1/1 T: 0.00 T-out: N T-r: 100.00%
c o --> Executing strategy token: distill-bins
c o [distill-bin] useful: 0/5/5 lits-rem: 0 cl-rem: 0 0-depth-assigns: 0 T: 0.00 T-out: N
c o --> Executing strategy token: oracle-vivif-veryfast
c o --> Executing strategy token: must-renumber
c o [oracle-bin] potential pairs: 5 T: 0.0
c o --> Executing strategy token: must-scc-vrepl
c o [scc] new: 0 BP 0M T: 0.00
c o [vrep] vars 0 lits 0 rem-bin-cls 0 rem-long-cls 0 BP 0M T: 0.00
c o [oracle-vivif] lits-rem: 0 learnt-units: 0 T-out: N T-remain: 100.0% T: 0.00
c o [oracle-bin] bin-added: 5 equiv-added: 0 T-out: N T-remain: 100.00% T: 0.00
c o [oracle-vivif] cache usefulness: 68% total T: 0.00
c o [consolidate] mini T: 0.00
c o global_timeout_multiplier: 2.5000
c o [branch] rebuilding order heap for all branchings. Current branching: vsids
c o --> Executing strategy token: scc-vrepl
c o [scc] new: 0 BP 0M T: 0.00
c o [vrep] vars 0 lits 0 rem-bin-cls 0 rem-long-cls 0 BP 0M T: 0.00
c o --> Executing strategy token: sub-impl
c o [impl-sub] bin: 5 T: 0.00 T-out: N w-visit: 1018
c o --> Executing strategy token: breakid
c o Executing OCC strategy token(s): 'occ-backw-sub-str,occ-clean-implicit,occ-bve,occ-bva,occ-ternary-res,occ-xor,
c o [occ] mem usage for occur      0 MB
c o [occ] Linked in IRRED BIN by default: 5
c o [occ] Linked in RED   BIN by default: 0
c o [occ] mem usage for occur      0 MB
c o Mem for watch alloc    : 0           MB (0.00      %)
c o Mem for watch array    : 0           MB (0.00      %)
c o Executing OCC strategy token: occ-backw-sub-str
c o [occ-backw-sub-str-long-w-bins] subs: 0 str: 0 tried: 5 0-depth ass: 0 T: 0.00 T-out: N T-r: 100.00%
c o [occ-backw-sub-long-w-long] rem cl: 0 tried: 1/1 (100.0%) T: 0.00 T-out: N T-r: 100.00%
c o [occ-backw-sub-str-long-w-long] sub: 0 str: 0 tried: 3/1 (300.0)  T: 0.00 T-out: N T-r: 100.00%
c o Executing OCC strategy token: occ-clean-implicit
c o Executing OCC strategy token: occ-bve
c o Executing OCC strategy token: occ-bva
c o Executing OCC strategy token: occ-ternary-res
c o [occ-ternary-res] Ternary res-tri: 0 res-bin: 0 sub: 0 str: 0 T: 0.00 T-out: N T-r: 100.00%
c o Executing OCC strategy token: occ-xor
c o --> Executing strategy token: card-find
c o --> Executing strategy token: cl-consolidate
c o Not consolidating memory.
c o --> Executing strategy token: scc-vrepl
c o [scc] new: 0 BP 0M T: 0.00
c o [vrep] vars 0 lits 0 rem-bin-cls 0 rem-long-cls 0 BP 0M T: 0.00
c o --> Executing strategy token: renumber
c o --> Executing strategy token: louvain-comms
c o [consolidate] mini T: 0.00
c o global_timeout_multiplier: 2.5000
c o [branch] rebuilding order heap for all branchings. Current branching: vsids
c o [0m[arjun-simp] Removed set       : 0 new size: 5[0m
c o [0m[arjun-simp] CMS::simplify() with no BVE finished. T: 0.0003[0m
c o [0mWARNING: Turning off gates, because the sampling size is small, so we can just do it. Size: 5[0m
c o --> Executing strategy token: must-scc-vrepl
c o [scc] new: 0 BP 0M T: 0.00
c o [vrep] vars 0 lits 0 rem-bin-cls 0 rem-long-cls 0 BP 0M T: 0.00
c o --> Executing strategy token: clean-cls
c o --> Executing strategy token: sub-impl
c o [impl-sub] bin: 0 T: 0.00 T-out: N w-visit: 1018
c o [consolidate] mini T: 0.00
c o global_timeout_multiplier: 2.5000
c o [branch] rebuilding order heap for all branchings. Current branching: vsids
c o [0m[arjun-simp] Removed eq lits: 0 new size: 5[0m
c o [0m[arjun-simp] Removed set       : 0 new size: 5[0m
c o [0m[arjun-simp] get-empties removed: 0 perc: 0.00 total empties now: 0 T: 0.00[0m
c o [0m[arjun-simp] probing all sampling variables[0m
c o [0m[arjun-simp] Removed set       : 0 new size: 5[0m
c o [0m[arjun-simp] Removed eq lits: 0 new size: 5[0m
c o [0m[arjun-simp] probe removed: 0 perc: 0.00 T: 0.00[0m
c o [0m[arjun-simp] Removed eq lits: 0 new size: 5[0m
c o [0m[arjun-simp] Removed set       : 0 new size: 5[0m
c o [0m[arjun-simp] get-empties removed: 0 perc: 0.00 total empties now: 0 T: 0.00[0m
c o [0m[arjun] simplification finished  removed: 504 perc: 99.02 T: 0.00[0m
c o [0m[arjun] Duplicating CNF...[0m
c o [0m[arjun] Duplicated CNF. T: 0.00[0m
c o [0m[arjun] CMS::simplify() with *only* BVE...[0m
c o Executing OCC strategy token(s): 'occ-bve,
c o [occ] mem usage for occur      0 MB
c o [occ] Linked in IRRED BIN by default: 25423
c o [occ] Linked in RED   BIN by default: 0
c o [occ] mem usage for occur      0 MB
c o Mem for watch alloc    : 1           MB (0.00      %)
c o Mem for watch array    : 0           MB (0.00      %)
c o Executing OCC strategy token: occ-bve
c o [occ-empty-res] Empty resolvent elimed: 33 T: 0.00 T-out: N
c o [occ-bve] iter v-elim 53
c o cl_inc_rate=0.00, var_dec_rate=48.00 (grow=0)
c o Reduced to 10 vars, 12 cls (grow=0)
c o [occ-bve] iter v-elim 0
c o cl_inc_rate=1.00, var_dec_rate=1.00 (grow=3)
c o Reduced to 10 vars, 12 cls (grow=3)
c o [occ-bve] iter v-elim 0
c o cl_inc_rate=1.00, var_dec_rate=1.00 (grow=4)
c o Reduced to 10 vars, 12 cls (grow=4)
c o [occ-bve] iter v-elim 0
c o cl_inc_rate=1.00, var_dec_rate=1.00 (grow=6)
c o Reduced to 10 vars, 12 cls (grow=6)
c o [occ-bve] iter v-elim 0
c o cl_inc_rate=1.00, var_dec_rate=1.00 (grow=9)
c o Reduced to 10 vars, 12 cls (grow=9)
c o [occ-bve] iter v-elim 0
c o cl_inc_rate=1.00, var_dec_rate=1.00 (grow=13)
c o Reduced to 10 vars, 12 cls (grow=13)
c o [occ-bve] iter v-elim 0
c o cl_inc_rate=1.00, var_dec_rate=1.00 (grow=16)
c o Reduced to 10 vars, 12 cls (grow=16)
c o x n vars       : 10
c o #try to eliminate:   470
c o #var-elim        :    53
c o #T-o: N
c o #T-r: 100.00%
c o #T  : 0.00
c o [occur] 0.00 is overhead
c o [occur] link-in T: 0.00 cleanup T: 0.00
c o [occ-xor-bve] elimed: 0 T: 0.00 T-out: N
c o [consolidate] mini T: 0.00
c o global_timeout_multiplier: 2.5000
c o [branch] rebuilding order heap for all branchings. Current branching: vsids
c o [0m[arjun] CMS::simplify() with *only* BVE finished. T: 0.0016[0m
c o [0m[arjun] Adding fixed clauses time: 0.0000[0m
c o [0m[backward FAST] Start unknown size: 5[0m
c o [0m[31m[arjun] backward round finished. U:  I: 4 T: 0.00[0m
c o [0m[arjun] run_minimize_indep finished T: 0.01[0m
c o Arjun T: 0.01
c o Found 1 disconnected component(s)
c o [par] Using non-parallel counting
c o ind size: 4 nvars: 509
c o opt ind size: 5 ind size: 4 nvars: 509
c o Sampling set size: 4
c o Opt sampling set size: 5
c o Bin irred/red           25476          0
c o Long irred cls/tri         49        553
c o Long red cls/tri            0          0
c o UIP search time        : 0.00        (0.07      % time)
c o restarts               : 7           (0.57      confls per restart)
c o blocked restarts       : 0           (0.00      per normal restart)
c o time                   : 0.00        
c o decisions              : 18          (0.00      % random)
c o propagations           : 61          (4357K     props/s)
c o decisions/conflicts    : 4.50        
c o conflicts              : 4           
c o conf lits non-minim    : 6           (1.50      lit/confl)
c o conf lits final        : 1.50        
c o red which0             : 1           (25.00     % of confl)
c o props/decision         : 0.00        
c o props/conflict         : 0.00        
c o 0-depth assigns        : 509         (100.00    % vars)
c o 0-depth assigns by CNF : 501         (98.43     % vars)
c o reduceDB time          : 0.00        (0.00      % time)
c o OccSimplifier time     : 0.00        (0.00      % time)
c o [occur] 0.00 is overhead
c o [occur] link-in T: 0.00 cleanup T: 0.00
c o [occ-substr] long subBySub: 0 subByStr: 0 lits-rem-str: 0 T: 0.00
c o SCC time               : 0.00        (0.00      % time)
c o vrep replace time      : 0.00        (0.00      % time)
c o vrep tree roots        : 0           
c o vrep trees' crown      : 0           (0.00      leafs/tree)
c o distill long time      : 0.00        (0.00      % time)
c o distill bin time       : 0.00        (0.00      % time)
c o strength cache-irred time: 0.00        (0.00      % time)
c o strength cache-red time: 0.00        (0.00      % time)
c o avg cls in red 0       : 0.75        
c o avg cls in red 1       : 0.00        
c o avg cls in red 2       : 0.00        
c o Conflicts in UIP       : 4           (209.74    confl/time_this_thread)
c o Mem used               : 0.00        MB
c o Total time (this thread): 0.02        
c o intermediate count: 6
c o Total time [Arjun+GANAK]: 0.02
s SATISFIABLE
c s type mc
c s log10-estimate 7.78151250e-01
c s exact arb int 6
c s pac guarantees epsilon: 0 delta: 0
