c o Ganak SHA1: 70de63c2638b19d63bc8d68a494993bb70f274a8
c o Arjun SHA1: 70de63c2638b19d63bc8d68a494993bb70f274a8
c o SBVA SHA1: 70de63c2638b19d63bc8d68a494993bb70f274a8
c o CMS SHA1: 70de63c2638b19d63bc8d68a494993bb70f274a8
c o ApproxMC SHA1: GIT-hash-notfound
c o Using ideas by JM Lagniez, and Pierre Marquis
c o     from paper: Improving Model Counting [..] IJCAI 2016
c o Using VMTF, picosat, CaDiCaL, and CadiBack code by Armin Biere
c o CMS is MIT licensed
c o Using code from 'When Boolean Satisfiability Meets Gauss-E. in a Simplex Way'
c o       by C.-S. Han and J.-H. Roland Jiang in CAV 2012. Fixes by M. Soos
c o Using CCAnr from 'CCAnr: A Conf. Checking Based Local Search Solver [...]'
c o       by Shaowei Cai, Chuan Luo, and Kaile Su, SAT 2015
c o Using Oracle code from 'Integrating Tree Decompositions [...]'
c o       by Tuukka Korhonen and Matti Jarvisalo, CP 2021
c o Using Graph library by Tuukka Korhonen and Matti Jarvisalo
c o Using Flowcutter by Ben Strasser
c o Ganak compilation env CMAKE_CXX_COMPILER = /usr/bin/c++ | CMAKE_CXX_FLAGS =  -fno-stack-protector -msse4.2 -Wnull-dereference -Wdouble-promotion -Wshadow -Wformat=2 -Wextra-semi -pedantic | COMPILE_DEFINES =  -DNDEBUG -D_FORTIFY_SOURCE=0 | BUILD_SHARED_LIBS = OFF | ZLIB_FOUND = FALSE | ENABLE_ASSERTIONS = OFF | 
c o called with: /Users/konstantin.kutzkov/Desktop/Code/COCOA/ganak-canonical/build/ganak --prob 0 /Users/konstantin.kutzkov/Desktop/Code/SharpSAT/temp_cnf/mc2026_public/mc2026_track1_071.cnf
c o CNF projection set size: 387
c o --> Executing strategy token: clean-cls
c o --> Executing strategy token: must-scc-vrepl
c o [scc] new: 0 BP 0M T: 0.00
c o [vrep] vars 0 lits 0 rem-bin-cls 0 rem-long-cls 0 BP 0M T: 0.00
c o [consolidate] mini T: 0.00
c o global_timeout_multiplier: 2.5
c o [branch] rebuilding order heap for all branchings. Current branching: vsids
c o [0m[arjun-simp] probing all sampling variables[0m
c o --> Executing strategy token: must-scc-vrepl
c o [scc] new: 0 BP 0M T: 0.00
c o [vrep] vars 0 lits 0 rem-bin-cls 0 rem-long-cls 0 BP 0M T: 0.00
c o [consolidate] mini T: 0.00
c o global_timeout_multiplier: 2.5
c o [branch] rebuilding order heap for all branchings. Current branching: vsids
c o [0m[arjun-simp] Removed set       : 0 new size: 387[0m
c o [0m[arjun-simp] Removed eq lits: 0 new size: 387[0m
c o [0m[arjun-simp] probe removed: 0 perc: 0.00 T: 0.00[0m
c o [0m[arjun-simp] Removed eq lits: 0 new size: 387[0m
c o [0m[arjun-simp] Removed set       : 0 new size: 387[0m
c o [0m[arjun-simp] get-empties removed: 0 perc: 0.00 total empties now: 0 T: 0.00[0m
c o [0m[arjun-simp] CMS::simplify() with no BVE, intree probe...[0m
c o --> Executing strategy token: str-impl
c [impl-str] lit bin: 0 set-var: 0 T: 0.00 T-out: N T-r: 99.94% w-visit: 774
c o --> Executing strategy token: intree-probe
c o [scc] new: 0 BP 0M T: 0.00
c o [vrep] vars 0 lits 0 rem-bin-cls 0 rem-long-cls 0 BP 0M T: 0.00
c o [intree] Set 0 vars hyper-added: 0 trans-irred: 0 trans-red: 0 T: 0.00 T-out: N T-r: -0.00%
c o Executing OCC strategy token(s): 'occ-ternary-res,occ-backw-sub,
c o [occ] mem usage for occur      0 MB
c o [occ] Linked in IRRED BIN by default: 6336
c o [occ] Linked in RED   BIN by default: 0
c o [occ] mem usage for occur      0 MB
c o Mem for watch alloc    : 0           MB (0.00      %)
c o Mem for watch array    : 0           MB (0.00      %)
c o Executing OCC strategy token: occ-ternary-res
c o [occ-ternary-res] Ternary res-tri: 0 res-bin: 0 sub: 0 str: 0 T: 0.00 T-out: N T-r: 99.99%
c o Executing OCC strategy token: occ-backw-sub
c o [occ-backw-sub-long-w-long] rem cl: 0 tried: 770/770 (100.0%) T: 0.00 T-out: N T-r: 99.77%
c o --> Executing strategy token: distill-litrem
c [distill-litrem] useful: 0/7245/770 lits-rem: 0 0-depth-assigns: 0 T: 0.04 T-out: N
c o --> Executing strategy token: must-distill-cls
c o [distill-long-irred] cls tried: 770/770 T: 0.00 T-out: N T-r: 98.01%
c o [distill-long-irred] cls tried: 770/770 T: 0.00 T-out: N T-r: 97.54%
c o --> Executing strategy token: distill-bins
c o [distill-bin] useful: 0/6336/6336 lits-rem: 0 cl-rem: 0 0-depth-assigns: 0 T: 0.02 T-out: N
c o --> Executing strategy token: oracle-vivif-veryfast
c o --> Executing strategy token: must-renumber
c o [oracle-bin] potential pairs: 3429 T: 0.0
c o --> Executing strategy token: must-scc-vrepl
c o [scc] new: 0 BP 0M T: 0.00
c o [vrep] vars 0 lits 0 rem-bin-cls 0 rem-long-cls 0 BP 0M T: 0.00
c o [oracle-vivif] lits-rem: 19714 learnt-units: 114 T-out: N T-remain: 35.2% T: 1.71
c o [oracle-bin] bin-added: 2325 equiv-added: 0 T-out: N T-remain: 95.24% T: 0.08
c o [oracle-vivif] cache usefulness: 80% total T: 1.79
c o [consolidate] mini T: 0.00
c o global_timeout_multiplier: 2.5000
c o [branch] rebuilding order heap for all branchings. Current branching: vsids
c o --> Executing strategy token: scc-vrepl
c o [scc] new: 0 BP 0M T: 0.00
c o [vrep] vars 0 lits 0 rem-bin-cls 0 rem-long-cls 0 BP 0M T: 0.00
c o --> Executing strategy token: sub-impl
c o [impl-sub] bin: 2277 T: 0.00 T-out: N w-visit: 774
c o --> Executing strategy token: breakid
c o Executing OCC strategy token(s): 'occ-backw-sub-str,occ-clean-implicit,occ-bve,occ-bva,occ-ternary-res,occ-xor,
c o [occ] mem usage for occur      0 MB
c o [occ] Linked in IRRED BIN by default: 2286
c o [occ] Linked in RED   BIN by default: 48
c o [occ] mem usage for occur      0 MB
c o Mem for watch alloc    : 0           MB (0.00      %)
c o Mem for watch array    : 0           MB (0.00      %)
c o Executing OCC strategy token: occ-backw-sub-str
c o [occ-backw-sub-str-long-w-bins] subs: 0 str: 0 tried: 2334 0-depth ass: 0 T: 0.00 T-out: N T-r: 99.62%
c o [occ-backw-sub-long-w-long] rem cl: 139 tried: 770/770 (100.0%) T: 0.00 T-out: N T-r: 99.87%
c o [occ-backw-sub-str-long-w-long] sub: 0 str: 0 tried: 2310/770 (300.0)  T: 0.00 T-out: N T-r: 99.82%
c o Executing OCC strategy token: occ-clean-implicit
c o Executing OCC strategy token: occ-bve
c o Executing OCC strategy token: occ-bva
c o Executing OCC strategy token: occ-ternary-res
c o [occ-ternary-res] Ternary res-tri: 0 res-bin: 0 sub: 0 str: 0 T: 0.00 T-out: N T-r: 100.00%
c o Executing OCC strategy token: occ-xor
c o --> Executing strategy token: card-find
c o --> Executing strategy token: cl-consolidate
c o Not consolidating memory.
c o --> Executing strategy token: scc-vrepl
c o [scc] new: 0 BP 0M T: 0.00
c o [vrep] vars 0 lits 0 rem-bin-cls 0 rem-long-cls 0 BP 0M T: 0.00
c o --> Executing strategy token: renumber
c o --> Executing strategy token: louvain-comms
c o [consolidate] mini T: 0.00
c o global_timeout_multiplier: 2.5000
c o [branch] rebuilding order heap for all branchings. Current branching: vsids
c o [0m[arjun-simp] Removed set       : 114 new size: 273[0m
c o [0m[arjun-simp] CMS::simplify() with no BVE finished. T: 1.8500[0m
c o [0mWARNING: Turning off gates, because the sampling size is small, so we can just do it. Size: 273[0m
c o --> Executing strategy token: must-scc-vrepl
c o [scc] new: 0 BP 0M T: 0.00
c o [vrep] vars 0 lits 0 rem-bin-cls 0 rem-long-cls 0 BP 0M T: 0.00
c o --> Executing strategy token: clean-cls
c o --> Executing strategy token: sub-impl
c o [impl-sub] bin: 0 T: 0.00 T-out: N w-visit: 774
c o [consolidate] mini T: 0.00
c o global_timeout_multiplier: 2.5000
c o [branch] rebuilding order heap for all branchings. Current branching: vsids
c o [0m[arjun-simp] Removed eq lits: 0 new size: 273[0m
c o [0m[arjun-simp] Removed set       : 0 new size: 273[0m
c o [0m[arjun-simp] get-empties removed: 0 perc: 0.00 total empties now: 0 T: 0.00[0m
c o [0m[arjun-simp] probing all sampling variables[0m
c o [0m[arjun-simp] Removed set       : 0 new size: 273[0m
c o [0m[arjun-simp] Removed eq lits: 0 new size: 273[0m
c o [0m[arjun-simp] probe removed: 0 perc: 0.00 T: 0.00[0m
c o [0m[arjun-simp] Removed eq lits: 0 new size: 273[0m
c o [0m[arjun-simp] Removed set       : 0 new size: 273[0m
c o [0m[arjun-simp] get-empties removed: 0 perc: 0.00 total empties now: 0 T: 0.00[0m
c o [0m[arjun] simplification finished  removed: 114 perc: 29.46 T: 1.85[0m
c o [0m[arjun] Duplicating CNF...[0m
c o [0m[arjun] Duplicated CNF. T: 0.00[0m
c o [0m[arjun] CMS::simplify() with *only* BVE...[0m
c o Executing OCC strategy token(s): 'occ-bve,
c o [occ] mem usage for occur      0 MB
c o [occ] Linked in IRRED BIN by default: 8622
c o [occ] Linked in RED   BIN by default: 48
c o [occ] mem usage for occur      0 MB
c o Mem for watch alloc    : 0           MB (0.00      %)
c o Mem for watch array    : 0           MB (0.00      %)
c o Executing OCC strategy token: occ-bve
c o [occ-empty-res] Empty resolvent elimed: 0 T: 0.00 T-out: N
c o [occ-bve] iter v-elim 0
c o cl_inc_rate=1.00, var_dec_rate=1.00 (grow=0)
c o Reduced to 660 vars, 10023 cls (grow=0)
c o [occ-bve] iter v-elim 0
c o cl_inc_rate=1.00, var_dec_rate=1.00 (grow=3)
c o Reduced to 660 vars, 10023 cls (grow=3)
c o [occ-bve] iter v-elim 0
c o cl_inc_rate=1.00, var_dec_rate=1.00 (grow=4)
c o Reduced to 660 vars, 10023 cls (grow=4)
c o [occ-bve] iter v-elim 0
c o cl_inc_rate=1.00, var_dec_rate=1.00 (grow=6)
c o Reduced to 660 vars, 10023 cls (grow=6)
c o [occ-bve] iter v-elim 0
c o cl_inc_rate=1.00, var_dec_rate=1.00 (grow=9)
c o Reduced to 660 vars, 10023 cls (grow=9)
c o [occ-bve] iter v-elim 0
c o cl_inc_rate=1.00, var_dec_rate=1.00 (grow=13)
c o Reduced to 660 vars, 10023 cls (grow=13)
c o [occ-bve] iter v-elim 0
c o cl_inc_rate=1.00, var_dec_rate=1.00 (grow=16)
c o Reduced to 660 vars, 10023 cls (grow=16)
c o x n vars       : 660
c o #try to eliminate:   798
c o #var-elim        :     0
c o #T-o: N
c o #T-r: 100.00%
c o #T  : 0.00
c o [occur] 0.00 is overhead
c o [occur] link-in T: 0.00 cleanup T: 0.00
c o [occ-xor-bve] elimed: 0 T: 0.00 T-out: N
c o [consolidate] mini T: 0.00
c o global_timeout_multiplier: 2.5000
c o [branch] rebuilding order heap for all branchings. Current branching: vsids
c o [0m[arjun] CMS::simplify() with *only* BVE finished. T: 0.0017[0m
c o [0m[arjun] Adding fixed clauses time: 0.0001[0m
c o [0m[backward FAST] Start unknown size: 273[0m
c o [0m[31m[arjun] backward round finished. U:  I: 210 T: 0.02[0m
c o [0m[arjun] run_minimize_indep finished T: 1.87[0m
c o --> Executing strategy token: must-scc-vrepl
c o [scc] new: 0 BP 0M T: 0.00
c o [vrep] vars 0 lits 0 rem-bin-cls 0 rem-long-cls 0 BP 0M T: 0.00
c o --> Executing strategy token: full-probe
c o [full-probe]  bin_only: 0 set: 0 repl: 0 T: 0.00 T-out: N T-r: 99.70%
c o --> Executing strategy token: sub-impl
c o [impl-sub] bin: 0 T: 0.00 T-out: N w-visit: 774
c o --> Executing strategy token: sub-cls-with-bin
c o [distill] watch-based irred--  cl tried      770 cl-sh     0 cl-rem    0 lit-rem      0 T: 0.00 T-out: N
c o [distill] watch-based   red--  cl tried        0 cl-sh     0 cl-rem    0 lit-rem      0 T: 0.00 T-out: N
c o --> Executing strategy token: distill-cls-onlyrem
c o [distill-long-irred] cls tried: 770/770 T: 0.00 T-out: N T-r: 99.92%
c o Executing OCC strategy token(s): 'occ-backw-sub,occ-resolv-subs,occ-rem-with-orgates,occ-ternary-res,
c o [occ] mem usage for occur      0 MB
c o [occ] Linked in IRRED BIN by default: 2286
c o [occ] Linked in RED   BIN by default: 0
c o Mem for watch alloc    : 0           MB (0.00      %)
c o Mem for watch array    : 0           MB (0.00      %)
c o Executing OCC strategy token: occ-backw-sub
c o [occ-backw-sub-long-w-long] rem cl: 63 tried: 764/764 (100.0%) T: 0.00 T-out: N T-r: 99.79%
c o Executing OCC strategy token: occ-resolv-subs
c o [occ-resolv-subs] removed: 0 checked: 239493 T: 0.0
c o Executing OCC strategy token: occ-rem-with-orgates
c o [occ-gates] found:     0 avg-s: 0.0 T: 0.00 T-out: N T-r: 99.90%
c o [occ-gate-based-lit-rem] lit-rem: 0 cl-rem: 0 T: 0.00 T-out: N
c o Executing OCC strategy token: occ-ternary-res
c o [occ-ternary-res] Ternary res-tri: 0 res-bin: 0 sub: 0 str: 0 T: 0.00 T-out: N T-r: 100.00%
c o --> Executing strategy token: must-scc-vrepl
c o [scc] new: 0 BP 0M T: 0.00
c o [vrep] vars 0 lits 0 rem-bin-cls 0 rem-long-cls 0 BP 0M T: 0.00
c o Executing OCC strategy token(s): 'occ-bve,
c o [occ] mem usage for occur      0 MB
c o [occ] Linked in IRRED BIN by default: 2286
c o [occ] Linked in RED   BIN by default: 0
c o Mem for watch alloc    : 0           MB (0.00      %)
c o Mem for watch array    : 0           MB (0.00      %)
c o Executing OCC strategy token: occ-bve
c o [occ-empty-res] Empty resolvent elimed: 0 T: 0.00 T-out: N
c o [occ-bve] iter v-elim 16
c o cl_inc_rate=0.99, var_dec_rate=1.06 (grow=0)
c o Reduced to 257 vars, 2971 cls (grow=0)
c o x n vars       : 257
c o #try to eliminate:   105
c o #var-elim        :    16
c o #T-o: N
c o #T-r: 100.00%
c o #T  : 0.00
c o [occur] 0.00 is overhead
c o [occur] link-in T: 0.00 cleanup T: 0.00
c o [occ-xor-bve] elimed: 0 T: 0.00 T-out: N
c o --> Executing strategy token: sub-impl
c o [impl-sub] bin: 0 T: 0.00 T-out: N w-visit: 774
c o --> Executing strategy token: distill-cls-onlyrem
c o [distill-long-irred] cls tried: 905/905 T: 0.00 T-out: N T-r: 99.93%
c o --> Executing strategy token: intree-probe
c o [scc] new: 0 BP 0M T: 0.00
c o [vrep] vars 0 lits 0 rem-bin-cls 0 rem-long-cls 0 BP 0M T: 0.00
c o [intree] Set 0 vars hyper-added: 6 trans-irred: 0 trans-red: 0 T: 0.00 T-out: N T-r: -0.12%
c o Executing OCC strategy token(s): 'occ-backw-sub-str,
c o [occ] mem usage for occur      0 MB
c o [occ] Linked in IRRED BIN by default: 2066
c o [occ] Linked in RED   BIN by default: 6
c o Mem for watch alloc    : 0           MB (0.00      %)
c o Mem for watch array    : 0           MB (0.00      %)
c o Executing OCC strategy token: occ-backw-sub-str
c o [occ-backw-sub-str-long-w-bins] subs: 0 str: 0 tried: 4375 0-depth ass: 0 T: 0.00 T-out: N T-r: 99.69%
c o [occ-backw-sub-long-w-long] rem cl: 0 tried: 903/903 (100.0%) T: 0.00 T-out: N T-r: 99.81%
c o [occ-backw-sub-str-long-w-long] sub: 0 str: 0 tried: 2709/903 (300.0)  T: 0.00 T-out: N T-r: 99.75%
c o --> Executing strategy token: sub-str-cls-with-bin
c o [distill] watch-based irred--  cl tried     1806 cl-sh     0 cl-rem    0 lit-rem      0 T: 0.00 T-out: N
c o [distill] watch-based   red--  cl tried        0 cl-sh     0 cl-rem    0 lit-rem      0 T: 0.00 T-out: N
c o --> Executing strategy token: clean-cls
c o --> Executing strategy token: distill-cls
c o [distill-long-irred] cls tried: 903/903 T: 0.00 T-out: N T-r: 99.92%
c o [distill-long-irred] cls tried: 903/903 T: 0.00 T-out: N T-r: 99.90%
c o --> Executing strategy token: distill-bins
c o [distill-bin] useful: 4/2066/2066 lits-rem: 0 cl-rem: 4 0-depth-assigns: 0 T: 0.00 T-out: N
c o [consolidate] mini T: 0.00
c o global_timeout_multiplier: 3.3000
c o [branch] rebuilding order heap for all branchings. Current branching: vsids
c o --> Executing strategy token: must-scc-vrepl
c o [scc] new: 0 BP 0M T: 0.00
c o [vrep] vars 0 lits 0 rem-bin-cls 0 rem-long-cls 0 BP 0M T: 0.00
c o --> Executing strategy token: full-probe
c o [full-probe]  bin_only: 0 set: 0 repl: 0 T: 0.00 T-out: N T-r: 99.74%
c o --> Executing strategy token: sub-impl
c o [impl-sub] bin: 0 T: 0.00 T-out: N w-visit: 774
c o --> Executing strategy token: sub-cls-with-bin
c o [distill] watch-based irred--  cl tried      903 cl-sh     0 cl-rem    0 lit-rem      0 T: 0.00 T-out: N
c o [distill] watch-based   red--  cl tried        0 cl-sh     0 cl-rem    0 lit-rem      0 T: 0.00 T-out: N
c o --> Executing strategy token: distill-cls-onlyrem
c o [distill-long-irred] cls tried: 903/903 T: 0.00 T-out: N T-r: 99.92%
c o Executing OCC strategy token(s): 'occ-backw-sub,occ-resolv-subs,occ-rem-with-orgates,occ-ternary-res,
c o [occ] mem usage for occur      0 MB
c o [occ] Linked in IRRED BIN by default: 2062
c o [occ] Linked in RED   BIN by default: 6
c o Mem for watch alloc    : 0           MB (0.00      %)
c o Mem for watch array    : 0           MB (0.00      %)
c o Executing OCC strategy token: occ-backw-sub
c o [occ-backw-sub-long-w-long] rem cl: 0 tried: 903/903 (100.0%) T: 0.00 T-out: N T-r: 99.81%
c o Executing OCC strategy token: occ-resolv-subs
c o [occ-resolv-subs] removed: 0 checked: 243713 T: 0.0
c o Executing OCC strategy token: occ-rem-with-orgates
c o [occ-gates] found:     0 avg-s: 0.0 T: 0.00 T-out: N T-r: 99.90%
c o [occ-gate-based-lit-rem] lit-rem: 0 cl-rem: 0 T: 0.00 T-out: N
c o Executing OCC strategy token: occ-ternary-res
c o [occ-ternary-res] Ternary res-tri: 0 res-bin: 0 sub: 0 str: 0 T: 0.00 T-out: N T-r: 99.97%
c o --> Executing strategy token: must-scc-vrepl
c o [scc] new: 0 BP 0M T: 0.00
c o [vrep] vars 0 lits 0 rem-bin-cls 0 rem-long-cls 0 BP 0M T: 0.00
c o Executing OCC strategy token(s): 'occ-bve,
c o [occ] mem usage for occur      0 MB
c o [occ] Linked in IRRED BIN by default: 2062
c o [occ] Linked in RED   BIN by default: 6
c o Mem for watch alloc    : 0           MB (0.00      %)
c o Mem for watch array    : 0           MB (0.00      %)
c o Executing OCC strategy token: occ-bve
c o [occ-empty-res] Empty resolvent elimed: 0 T: 0.00 T-out: N
c o [occ-bve] iter v-elim 0
c o cl_inc_rate=1.00, var_dec_rate=1.00 (grow=0)
c o Reduced to 257 vars, 2965 cls (grow=0)
c o x n vars       : 257
c o #try to eliminate:    47
c o #var-elim        :     0
c o #T-o: N
c o #T-r: 100.00%
c o #T  : 0.00
c o [occur] 0.00 is overhead
c o [occur] link-in T: 0.00 cleanup T: 0.00
c o [occ-xor-bve] elimed: 0 T: 0.00 T-out: N
c o --> Executing strategy token: sub-impl
c o [impl-sub] bin: 0 T: 0.00 T-out: N w-visit: 774
c o --> Executing strategy token: distill-cls-onlyrem
c o [distill-long-irred] cls tried: 903/903 T: 0.00 T-out: N T-r: 99.92%
c o --> Executing strategy token: intree-probe
c o [scc] new: 0 BP 0M T: 0.00
c o [vrep] vars 0 lits 0 rem-bin-cls 0 rem-long-cls 0 BP 0M T: 0.00
c o [intree] Set 0 vars hyper-added: 0 trans-irred: 0 trans-red: 0 T: 0.00 T-out: N T-r: -0.37%
c o Executing OCC strategy token(s): 'occ-backw-sub-str,
c o [occ] mem usage for occur      0 MB
c o [occ] Linked in IRRED BIN by default: 2062
c o [occ] Linked in RED   BIN by default: 6
c o Mem for watch alloc    : 0           MB (0.00      %)
c o Mem for watch array    : 0           MB (0.00      %)
c o Executing OCC strategy token: occ-backw-sub-str
c o [occ-backw-sub-str-long-w-bins] subs: 0 str: 0 tried: 6443 0-depth ass: 0 T: 0.00 T-out: N T-r: 99.69%
c o [occ-backw-sub-long-w-long] rem cl: 0 tried: 903/903 (100.0%) T: 0.00 T-out: N T-r: 99.81%
c o [occ-backw-sub-str-long-w-long] sub: 0 str: 0 tried: 2709/903 (300.0)  T: 0.00 T-out: N T-r: 99.75%
c o --> Executing strategy token: sub-str-cls-with-bin
c o [distill] watch-based irred--  cl tried     1806 cl-sh     0 cl-rem    0 lit-rem      0 T: 0.00 T-out: N
c o [distill] watch-based   red--  cl tried        0 cl-sh     0 cl-rem    0 lit-rem      0 T: 0.00 T-out: N
c o --> Executing strategy token: clean-cls
c o --> Executing strategy token: distill-cls
c o [distill-long-irred] cls tried: 903/903 T: 0.00 T-out: N T-r: 99.92%
c o [distill-long-irred] cls tried: 903/903 T: 0.00 T-out: N T-r: 99.90%
c o --> Executing strategy token: distill-bins
c o [distill-bin] useful: 0/2062/2062 lits-rem: 0 cl-rem: 0 0-depth-assigns: 0 T: 0.00 T-out: N
c o [consolidate] mini T: 0.00
c o global_timeout_multiplier: 3.3000
c o [branch] rebuilding order heap for all branchings. Current branching: vsids
c o [backbone-simpl] ccnr sols: 10 drop_cands: 247 T: 0.00
c o [backbone-simpl] cadiback called with -- lits: 13177 num cls: 3079 num vars: 387
c o [backbone-simpl] res: 10 num units added: 0 num eq added: 0 num bins: 2 T: 0.00
c o --> Executing strategy token: must-scc-vrepl
c o [scc] new: 0 BP 0M T: 0.00
c o [vrep] vars 0 lits 0 rem-bin-cls 0 rem-long-cls 0 BP 0M T: 0.00
c o --> Executing strategy token: must-renumber
c o [renumber] T: 0.00
c o [consolidate] mini T: 0.00
c o global_timeout_multiplier: 3.3000
c o [branch] rebuilding order heap for all branchings. Current branching: vsids
c o --> Executing strategy token: oracle-vivif-sparsify
c o --> Executing strategy token: must-renumber
c o [renumber] T: 0.00
c o [oracle-bin] potential pairs: 3609 T: 0.0001
c o --> Executing strategy token: must-scc-vrepl
c o [scc] new: 1 BP 0M T: 0.00
c o [vrep] vars 1 lits 466 rem-bin-cls 4 rem-long-cls 6 BP 0M T: 0.00
c o [oracle-vivif] lits-rem: 1857 learnt-units: 0 T-out: N T-remain: 99.5241% T: 0.11
c o [oracle-bin] bin-added: 2069 equiv-added: 0 T-out: N T-remain: 98.41% T: 0.03
c o [oracle-vivif] cache usefulness: 74% total T: 0.14
c o --> Executing strategy token: sub-impl
c o [impl-sub] bin: 2072 T: 0.00 T-out: N w-visit: 514
c o Executing OCC strategy token(s): 'occ-backw-sub,
c o [occ] mem usage for occur      0 MB
c o [occ] Linked in IRRED BIN by default: 2061
c o [occ] Linked in RED   BIN by default: 47
c o Mem for watch alloc    : 0           MB (0.00      %)
c o Mem for watch array    : 0           MB (0.00      %)
c o Executing OCC strategy token: occ-backw-sub
c o [occ-backw-sub-long-w-long] rem cl: 560 tried: 2921/2921 (100.0%) T: 0.00 T-out: N T-r: 99.63%
c o --> Executing strategy token: must-renumber
c o [renumber] T: 0.00
c o [oracle-sparsify] done with 10 % oracle mems:  274K ccnr useful: 25.6% T: 0.0
c o [oracle-sparsify] done with 20 % oracle mems:  394K ccnr useful: 42.7% T: 0.0
c o [oracle-sparsify] done with 30 % oracle mems:  472K ccnr useful: 52.5% T: 0.0
c o [oracle-sparsify] done with 40 % oracle mems:  549K ccnr useful: 59.7% T: 0.0
c o [oracle-sparsify] done with 50 % oracle mems:  639K ccnr useful: 62.1% T: 0.0
c o [oracle-sparsify] done with 60 % oracle mems:  748K ccnr useful: 63.2% T: 0.0
c o [oracle-sparsify] done with 70 % oracle mems:  829K ccnr useful: 65.0% T: 0.0
c o [oracle-sparsify] done with 80 % oracle mems:  926K ccnr useful: 65.7% T: 0.1
c o [oracle-sparsify] done with 90 % oracle mems: 1372K ccnr useful: 60.3% T: 0.1
c o [oracle-sparsify] removed: 565 of which bin: 370 tot considered: 2889 ccnr useful: 1630 oracle uknown: 0 cache useful: 0% learnt-units: 0 T: 0.09 buildT: 0.00
c o [consolidate] mini T: 0.00
c o global_timeout_multiplier: 3.3000
c o [branch] rebuilding order heap for all branchings. Current branching: vsids
c o --> Executing strategy token: must-scc-vrepl
c o [scc] new: 0 BP 0M T: 0.00
c o [vrep] vars 0 lits 0 rem-bin-cls 0 rem-long-cls 0 BP 0M T: 0.00
c o --> Executing strategy token: full-probe
c o [full-probe]  bin_only: 0 set: 0 repl: 0 T: 0.00 T-out: N T-r: 99.18%
c o --> Executing strategy token: sub-impl
c o [impl-sub] bin: 1 T: 0.00 T-out: N w-visit: 512
c o --> Executing strategy token: sub-cls-with-bin
c o [distill] watch-based irred--  cl tried      633 cl-sh     0 cl-rem    0 lit-rem      0 T: 0.00 T-out: N
c o [distill] watch-based   red--  cl tried        0 cl-sh     0 cl-rem    0 lit-rem      0 T: 0.00 T-out: N
c o --> Executing strategy token: distill-cls-onlyrem
c o [distill-long-irred] cls tried: 633/633 T: 0.00 T-out: N T-r: 99.90%
c o Executing OCC strategy token(s): 'occ-backw-sub,occ-resolv-subs,occ-rem-with-orgates,occ-ternary-res,
c o [occ] mem usage for occur      0 MB
c o [occ] Linked in IRRED BIN by default: 1693
c o [occ] Linked in RED   BIN by default: 416
c o [occ] mem usage for occur      0 MB
c o Mem for watch alloc    : 0           MB (0.00      %)
c o Mem for watch array    : 0           MB (0.00      %)
c o Executing OCC strategy token: occ-backw-sub
c o [occ-backw-sub-long-w-long] rem cl: 0 tried: 2361/2361 (100.0%) T: 0.00 T-out: N T-r: 99.81%
c o Executing OCC strategy token: occ-resolv-subs
c o [occ-resolv-subs] removed: 0 checked: 127555 T: 0.0
c o Executing OCC strategy token: occ-rem-with-orgates
c o [occ-gates] found:     0 avg-s: 0.0 T: 0.00 T-out: N T-r: 99.92%
c o [occ-gate-based-lit-rem] lit-rem: 0 cl-rem: 0 T: 0.00 T-out: N
c o Executing OCC strategy token: occ-ternary-res
c o [occ-ternary-res] Ternary res-tri: 0 res-bin: 0 sub: 0 str: 0 T: 0.00 T-out: N T-r: 99.98%
c o --> Executing strategy token: must-scc-vrepl
c o [scc] new: 1 BP 0M T: 0.00
c o [vrep] vars 1 lits 271 rem-bin-cls 4 rem-long-cls 19 BP 0M T: 0.00
c o Executing OCC strategy token(s): 'occ-bve,
c o [occ] mem usage for occur      0 MB
c o [occ] Linked in IRRED BIN by default: 1691
c o [occ] Linked in RED   BIN by default: 416
c o [occ] mem usage for occur      0 MB
c o Mem for watch alloc    : 0           MB (0.00      %)
c o Mem for watch array    : 0           MB (0.00      %)
c o Executing OCC strategy token: occ-bve
c o [occ-empty-res] Empty resolvent elimed: 0 T: 0.00 T-out: N
c o [occ-bve] iter v-elim 2
c o cl_inc_rate=1.00, var_dec_rate=1.01 (grow=0)
c o Reduced to 253 vars, 2324 cls (grow=0)
c o [occ-bve] iter v-elim 1
c o cl_inc_rate=1.00, var_dec_rate=1.00 (grow=3)
c o Reduced to 252 vars, 2327 cls (grow=3)
c o x n vars       : 252
c o #try to eliminate:   101
c o #var-elim        :     3
c o #T-o: N
c o #T-r: 100.00%
c o #T  : 0.01
c o [occur] 0.00 is overhead
c o [occur] link-in T: 0.00 cleanup T: 0.00
c o [occ-xor-bve] elimed: 0 T: 0.00 T-out: N
c o --> Executing strategy token: sub-impl
c o [impl-sub] bin: 1 T: 0.00 T-out: N w-visit: 512
c o --> Executing strategy token: distill-cls-onlyrem
c o [distill-long-irred] cls tried: 636/636 T: 0.00 T-out: N T-r: 99.89%
c o --> Executing strategy token: intree-probe
c o [scc] new: 0 BP 0M T: 0.00
c o [vrep] vars 0 lits 0 rem-bin-cls 0 rem-long-cls 0 BP 0M T: 0.00
c o [intree] Set 0 vars hyper-added: 229 trans-irred: 0 trans-red: 222 T: 0.00 T-out: N T-r: -0.32%
c o Executing OCC strategy token(s): 'occ-backw-sub-str,
c o [occ] mem usage for occur      0 MB
c o [occ] Linked in IRRED BIN by default: 1691
c o [occ] Linked in RED   BIN by default: 415
c o [occ] mem usage for occur      0 MB
c o Mem for watch alloc    : 0           MB (0.00      %)
c o Mem for watch array    : 0           MB (0.00      %)
c o Executing OCC strategy token: occ-backw-sub-str
c o [occ-backw-sub-str-long-w-bins] subs: 1 str: 0 tried: 9024 0-depth ass: 0 T: 0.00 T-out: N T-r: 99.57%
c o [occ-backw-sub-long-w-long] rem cl: 0 tried: 2272/2272 (100.0%) T: 0.00 T-out: N T-r: 99.80%
c o [occ-backw-sub-str-long-w-long] sub: 0 str: 0 tried: 6816/2272 (300.0)  T: 0.00 T-out: N T-r: 99.63%
c o --> Executing strategy token: sub-str-cls-with-bin
c o [distill] watch-based irred--  cl tried     1270 cl-sh     0 cl-rem    0 lit-rem      0 T: 0.00 T-out: N
c o [distill] watch-based   red--  cl tried        0 cl-sh     0 cl-rem    0 lit-rem      0 T: 0.00 T-out: N
c o --> Executing strategy token: clean-cls
c o --> Executing strategy token: distill-cls
c o [distill-long-irred] cls tried: 635/635 T: 0.00 T-out: N T-r: 99.89%
c o [distill-long-irred] cls tried: 635/635 T: 0.01 T-out: N T-r: 99.76%
c o --> Executing strategy token: distill-bins
c o [distill-bin] useful: 0/1694/1694 lits-rem: 0 cl-rem: 0 0-depth-assigns: 0 T: 0.00 T-out: N
c o Executing OCC strategy token(s): 'occ-backw-sub,
c o [occ] mem usage for occur      0 MB
c o [occ] Linked in IRRED BIN by default: 1694
c o [occ] Linked in RED   BIN by default: 414
c o [occ] mem usage for occur      0 MB
c o Mem for watch alloc    : 0           MB (0.00      %)
c o Mem for watch array    : 0           MB (0.00      %)
c o Executing OCC strategy token: occ-backw-sub
c o [occ-backw-sub-long-w-long] rem cl: 0 tried: 2269/2269 (100.0%) T: 0.00 T-out: N T-r: 99.80%
c o [consolidate] mini T: 0.00
c o global_timeout_multiplier: 3.3000
c o [branch] rebuilding order heap for all branchings. Current branching: vsids
c o --> Executing strategy token: must-scc-vrepl
c o [scc] new: 4 BP 0M T: 0.00
c o [vrep] vars 3 lits 722 rem-bin-cls 14 rem-long-cls 24 BP 0M T: 0.00
c o --> Executing strategy token: full-probe
c o [full-probe]  bin_only: 0 set: 0 repl: 0 T: 0.00 T-out: N T-r: 99.11%
c o --> Executing strategy token: sub-impl
c o [impl-sub] bin: 3 T: 0.00 T-out: N w-visit: 512
c o --> Executing strategy token: sub-cls-with-bin
c o [distill] watch-based irred--  cl tried      633 cl-sh     0 cl-rem    0 lit-rem      0 T: 0.00 T-out: N
c o [distill] watch-based   red--  cl tried        0 cl-sh     0 cl-rem    0 lit-rem      0 T: 0.00 T-out: N
c o --> Executing strategy token: distill-cls-onlyrem
c o [distill-long-irred] cls tried: 633/633 T: 0.00 T-out: N T-r: 99.88%
c o Executing OCC strategy token(s): 'occ-backw-sub,occ-resolv-subs,occ-rem-with-orgates,occ-ternary-res,
c o [occ] mem usage for occur      0 MB
c o [occ] Linked in IRRED BIN by default: 1698
c o [occ] Linked in RED   BIN by default: 405
c o [occ] mem usage for occur      0 MB
c o Mem for watch alloc    : 0           MB (0.00      %)
c o Mem for watch array    : 0           MB (0.00      %)
c o Executing OCC strategy token: occ-backw-sub
c o [occ-backw-sub-long-w-long] rem cl: 7 tried: 2243/2243 (100.0%) T: 0.00 T-out: N T-r: 99.80%
c o Executing OCC strategy token: occ-resolv-subs
c o [occ-resolv-subs] removed: 3 checked: 129619 T: 0.0
c o Executing OCC strategy token: occ-rem-with-orgates
c o [occ-gates] found:     0 avg-s: 0.0 T: 0.00 T-out: N T-r: 99.92%
c o [occ-gate-based-lit-rem] lit-rem: 0 cl-rem: 0 T: 0.00 T-out: N
c o Executing OCC strategy token: occ-ternary-res
c o [occ-ternary-res] Ternary res-tri: 0 res-bin: 0 sub: 0 str: 0 T: 0.00 T-out: N T-r: 99.99%
c o --> Executing strategy token: must-scc-vrepl
c o [scc] new: 2 BP 0M T: 0.00
c o [vrep] vars 2 lits 612 rem-bin-cls 8 rem-long-cls 25 BP 0M T: 0.00
c o Executing OCC strategy token(s): 'occ-bve,
c o [occ] mem usage for occur      0 MB
c o [occ] Linked in IRRED BIN by default: 1692
c o [occ] Linked in RED   BIN by default: 405
c o [occ] mem usage for occur      0 MB
c o Mem for watch alloc    : 0           MB (0.00      %)
c o Mem for watch array    : 0           MB (0.00      %)
c o Executing OCC strategy token: occ-bve
c o [occ-empty-res] Empty resolvent elimed: 0 T: 0.00 T-out: N
c o [occ-bve] iter v-elim 0
c o cl_inc_rate=1.00, var_dec_rate=1.00 (grow=0)
c o Reduced to 247 vars, 2322 cls (grow=0)
c o [occ-bve] iter v-elim 1
c o cl_inc_rate=1.00, var_dec_rate=1.00 (grow=3)
c o Reduced to 246 vars, 2325 cls (grow=3)
c o x n vars       : 246
c o #try to eliminate:    84
c o #var-elim        :     1
c o #T-o: N
c o #T-r: 100.00%
c o #T  : 0.01
c o [occur] 0.00 is overhead
c o [occur] link-in T: 0.00 cleanup T: 0.00
c o [occ-xor-bve] elimed: 0 T: 0.00 T-out: N
c o --> Executing strategy token: sub-impl
c o [impl-sub] bin: 12 T: 0.00 T-out: N w-visit: 512
c o --> Executing strategy token: distill-cls-onlyrem
c o [distill-long-irred] cls tried: 634/634 T: 0.00 T-out: N T-r: 99.89%
c o --> Executing strategy token: intree-probe
c o [scc] new: 0 BP 0M T: 0.00
c o [vrep] vars 0 lits 0 rem-bin-cls 0 rem-long-cls 0 BP 0M T: 0.00
c o [intree] Set 0 vars hyper-added: 67 trans-irred: 0 trans-red: 49 T: 0.00 T-out: N T-r: -0.58%
c o Executing OCC strategy token(s): 'occ-backw-sub-str,
c o [occ] mem usage for occur      0 MB
c o [occ] Linked in IRRED BIN by default: 1691
c o [occ] Linked in RED   BIN by default: 396
c o [occ] mem usage for occur      0 MB
c o Mem for watch alloc    : 0           MB (0.00      %)
c o Mem for watch array    : 0           MB (0.00      %)
c o Executing OCC strategy token: occ-backw-sub-str
c o [occ-backw-sub-str-long-w-bins] subs: 0 str: 0 tried: 11351 0-depth ass: 0 T: 0.00 T-out: N T-r: 99.39%
c o [occ-backw-sub-long-w-long] rem cl: 35 tried: 2149/2149 (100.0%) T: 0.00 T-out: N T-r: 99.79%
c o [occ-backw-sub-str-long-w-long] sub: 0 str: 0 tried: 6447/2149 (300.0)  T: 0.00 T-out: N T-r: 99.61%
c o --> Executing strategy token: sub-str-cls-with-bin
c o [distill] watch-based irred--  cl tried     1262 cl-sh     0 cl-rem    0 lit-rem      0 T: 0.00 T-out: N
c o [distill] watch-based   red--  cl tried        0 cl-sh     0 cl-rem    0 lit-rem      0 T: 0.00 T-out: N
c o --> Executing strategy token: clean-cls
c o --> Executing strategy token: distill-cls
c o [distill-long-irred] cls tried: 631/631 T: 0.00 T-out: N T-r: 99.89%
c o [distill-long-irred] cls tried: 629/629 T: 0.01 T-out: N T-r: 99.77%
c o --> Executing strategy token: distill-bins
c o [distill-bin] useful: 2/1695/1695 lits-rem: 0 cl-rem: 2 0-depth-assigns: 0 T: 0.00 T-out: N
c o Executing OCC strategy token(s): 'occ-backw-sub,
c o [occ] mem usage for occur      0 MB
c o [occ] Linked in IRRED BIN by default: 1693
c o [occ] Linked in RED   BIN by default: 396
c o [occ] mem usage for occur      0 MB
c o Mem for watch alloc    : 0           MB (0.00      %)
c o Mem for watch array    : 0           MB (0.00      %)
c o Executing OCC strategy token: occ-backw-sub
c o [occ-backw-sub-long-w-long] rem cl: 0 tried: 2110/2110 (100.0%) T: 0.00 T-out: N T-r: 99.80%
c o [consolidate] mini T: 0.00
c o global_timeout_multiplier: 3.3000
c o [branch] rebuilding order heap for all branchings. Current branching: vsids
c o --> Executing strategy token: oracle-vivif-fast
c o --> Executing strategy token: must-renumber
c o [renumber] T: 0.00
c o [oracle-bin] potential pairs: 2906 T: 0.0002
c o --> Executing strategy token: must-scc-vrepl
c o [scc] new: 0 BP 0M T: 0.00
c o [vrep] vars 0 lits 0 rem-bin-cls 0 rem-long-cls 0 BP 0M T: 0.00
c o [oracle-vivif] lits-rem: 3 learnt-units: 0 T-out: N T-remain: 99.5567% T: 0.03
c o [oracle-bin] bin-added: 1750 equiv-added: 0 T-out: N T-remain: 99.38% T: 0.01
c o [oracle-vivif] cache usefulness: 68% total T: 0.05
c o --> Executing strategy token: oracle-sparsify-fast
c o --> Executing strategy token: sub-impl
c o [impl-sub] bin: 1793 T: 0.00 T-out: N w-visit: 492
c o Executing OCC strategy token(s): 'occ-backw-sub,
c o [occ] mem usage for occur      0 MB
c o [occ] Linked in IRRED BIN by default: 1696
c o [occ] Linked in RED   BIN by default: 427
c o [occ] mem usage for occur      0 MB
c o Mem for watch alloc    : 0           MB (0.00      %)
c o Mem for watch array    : 0           MB (0.00      %)
c o Executing OCC strategy token: occ-backw-sub
c o [occ-backw-sub-long-w-long] rem cl: 0 tried: 2386/2386 (100.0%) T: 0.00 T-out: N T-r: 99.79%
c o --> Executing strategy token: must-renumber
c o [renumber] T: 0.00
c o [oracle-sparsify] done with 10 % oracle mems:  147K ccnr useful: 58.2% T: 0.0
c o [oracle-sparsify] done with 20 % oracle mems:  161K ccnr useful: 75.9% T: 0.0
c o [oracle-sparsify] done with 30 % oracle mems:  248K ccnr useful: 72.6% T: 0.0
c o [oracle-sparsify] done with 40 % oracle mems:  264K ccnr useful: 77.9% T: 0.0
c o [oracle-sparsify] done with 50 % oracle mems:  364K ccnr useful: 76.0% T: 0.0
c o [oracle-sparsify] done with 60 % oracle mems:  425K ccnr useful: 75.6% T: 0.0
c o [oracle-sparsify] done with 70 % oracle mems:  478K ccnr useful: 76.0% T: 0.0
c o [oracle-sparsify] done with 80 % oracle mems:  581K ccnr useful: 74.8% T: 0.0
c o [oracle-sparsify] done with 90 % oracle mems:  851K ccnr useful: 69.9% T: 0.0
c o [oracle-sparsify] removed: 46 of which bin: 32 tot considered: 2320 ccnr useful: 1541 oracle uknown: 0 cache useful: 0% learnt-units: 0 T: 0.06 buildT: 0.00
c o [consolidate] mini T: 0.00
c o global_timeout_multiplier: 3.3000
c o [branch] rebuilding order heap for all branchings. Current branching: vsids
c o Executing OCC strategy token(s): 'occ-bve,
c o [occ] mem usage for occur      0 MB
c o [occ] Linked in IRRED BIN by default: 1664
c o [occ] Linked in RED   BIN by default: 459
c o [occ] mem usage for occur      0 MB
c o Mem for watch alloc    : 0           MB (0.00      %)
c o Mem for watch array    : 0           MB (0.00      %)
c o Executing OCC strategy token: occ-bve
c o [occ-empty-res] Empty resolvent elimed: 0 T: 0.00 T-out: N
c o [occ-bve] iter v-elim 0
c o cl_inc_rate=1.00, var_dec_rate=1.00 (grow=0)
c o Reduced to 246 vars, 2274 cls (grow=0)
c o x n vars       : 246
c o #try to eliminate:    36
c o #var-elim        :     0
c o #T-o: N
c o #T-r: 100.00%
c o #T  : 0.00
c o [occur] 0.00 is overhead
c o [occur] link-in T: 0.00 cleanup T: 0.00
c o [occ-xor-bve] elimed: 0 T: 0.00 T-out: N
c o [consolidate] mini T: 0.00
c o global_timeout_multiplier: 3.3000
c o [branch] rebuilding order heap for all branchings. Current branching: vsids
c o --> Executing strategy token: must-scc-vrepl
c o [scc] new: 0 BP 0M T: 0.00
c o [vrep] vars 0 lits 0 rem-bin-cls 0 rem-long-cls 0 BP 0M T: 0.00
c o --> Executing strategy token: must-renumber
c o [renumber] T: 0.00
c o [consolidate] mini T: 0.00
c o global_timeout_multiplier: 3.3000
c o [branch] rebuilding order heap for all branchings. Current branching: vsids
c o [occ] mem usage for occur      0 MB
c o [occ] Linked in IRRED BIN by default: 1664
c o [occ] Linked in RED   BIN by default: 459
c o [occ] mem usage for occur      0 MB
c o Mem for watch alloc    : 0           MB (0.00      %)
c o Mem for watch array    : 0           MB (0.00      %)
c o [empty] empty_occ: 0 T: 0.00
c o Executing OCC strategy token(s): 'occ-bve-empty,
c o [occ] mem usage for occur      0 MB
c o [occ] Linked in IRRED BIN by default: 1664
c o [occ] Linked in RED   BIN by default: 459
c o [occ] mem usage for occur      0 MB
c o Mem for watch alloc    : 0           MB (0.00      %)
c o Mem for watch array    : 0           MB (0.00      %)
c o Executing OCC strategy token: occ-bve-empty
c o [occ-empty-res] Empty resolvent elimed: 0 T: 0.00 T-out: N
c o --> Executing strategy token: must-renumber
c o [renumber] T: 0.00
c o [consolidate] mini T: 0.00
c o global_timeout_multiplier: 3.3000
c o [branch] rebuilding order heap for all branchings. Current branching: vsids
c o [0m[puura] new_empty_sampl_vars size: 0[0m
c o [get-cnf] Checking for variables mapping to same new var to set AIG definitions...
c o solver orig num vars: 387 solver simp num vars: 246
c o [0m[31m[puura] Done. final vars: 246 final cls: 2274 T: 0.49[0m
c o [0m[31m[autarky] Found autarkies: 0 autarky vars: 0 T-out: N T: 0.00[0m
c o --> Executing strategy token: must-scc-vrepl
c o [scc] new: 0 BP 0M T: 0.00
c o [vrep] vars 0 lits 0 rem-bin-cls 0 rem-long-cls 0 BP 0M T: 0.00
c o --> Executing strategy token: full-probe
c o [full-probe]  bin_only: 0 set: 0 repl: 0 T: 0.00 T-out: N T-r: 99.05%
c o --> Executing strategy token: sub-impl
c o [impl-sub] bin: 2 T: 0.00 T-out: N w-visit: 492
c o --> Executing strategy token: sub-cls-with-bin
c o [distill] watch-based irred--  cl tried      610 cl-sh     0 cl-rem    0 lit-rem      0 T: 0.00 T-out: N
c o [distill] watch-based   red--  cl tried        0 cl-sh     0 cl-rem    0 lit-rem      0 T: 0.00 T-out: N
c o --> Executing strategy token: distill-cls-onlyrem
c o [distill-long-irred] cls tried: 610/610 T: 0.00 T-out: N T-r: 99.90%
c o Executing OCC strategy token(s): 'occ-backw-sub,occ-resolv-subs,occ-rem-with-orgates,occ-ternary-res,
c o [occ] mem usage for occur      0 MB
c o [occ] Linked in IRRED BIN by default: 1672
c o [occ] Linked in RED   BIN by default: 457
c o Mem for watch alloc    : 0           MB (0.00      %)
c o Mem for watch array    : 0           MB (0.00      %)
c o Executing OCC strategy token: occ-backw-sub
c o [occ-backw-sub-long-w-long] rem cl: 0 tried: 2386/2386 (100.0%) T: 0.00 T-out: N T-r: 99.80%
c o Executing OCC strategy token: occ-resolv-subs
c o [occ-resolv-subs] removed: 1 checked: 128314 T: 0.0
c o Executing OCC strategy token: occ-rem-with-orgates
c o [occ-gates] found:     0 avg-s: 0.0 T: 0.00 T-out: N T-r: 99.92%
c o [occ-gate-based-lit-rem] lit-rem: 0 cl-rem: 0 T: 0.00 T-out: N
c o Executing OCC strategy token: occ-ternary-res
c o [occ-ternary-res] Ternary res-tri: 0 res-bin: 0 sub: 0 str: 0 T: 0.00 T-out: N T-r: 99.98%
c o --> Executing strategy token: must-scc-vrepl
c o [scc] new: 4 BP 0M T: 0.00
c o [vrep] vars 4 lits 962 rem-bin-cls 18 rem-long-cls 33 BP 0M T: 0.00
c o Executing OCC strategy token(s): 'occ-bve,
c o [occ] mem usage for occur      0 MB
c o [occ] Linked in IRRED BIN by default: 1663
c o [occ] Linked in RED   BIN by default: 455
c o Mem for watch alloc    : 0           MB (0.00      %)
c o Mem for watch array    : 0           MB (0.00      %)
c o Executing OCC strategy token: occ-bve
c o [occ-empty-res] Empty resolvent elimed: 0 T: 0.00 T-out: N
c o [occ-bve] iter v-elim 0
c o cl_inc_rate=1.00, var_dec_rate=1.00 (grow=0)
c o Reduced to 242 vars, 2273 cls (grow=0)
c o x n vars       : 242
c o #try to eliminate:    32
c o #var-elim        :     0
c o #T-o: N
c o #T-r: 100.00%
c o #T  : 0.00
c o [occur] 0.00 is overhead
c o [occur] link-in T: 0.00 cleanup T: 0.00
c o [occ-xor-bve] elimed: 0 T: 0.00 T-out: N
c o --> Executing strategy token: sub-impl
c o [impl-sub] bin: 28 T: 0.00 T-out: N w-visit: 492
c o --> Executing strategy token: distill-cls-onlyrem
c o [distill-long-irred] cls tried: 610/610 T: 0.00 T-out: N T-r: 99.88%
c o --> Executing strategy token: intree-probe
c o [scc] new: 0 BP 0M T: 0.00
c o [vrep] vars 0 lits 0 rem-bin-cls 0 rem-long-cls 0 BP 0M T: 0.00
c o [intree] Set 0 vars hyper-added: 157 trans-irred: 0 trans-red: 67 T: 0.00 T-out: N T-r: -0.15%
c o Executing OCC strategy token(s): 'occ-backw-sub-str,
c o [occ] mem usage for occur      0 MB
c o [occ] Linked in IRRED BIN by default: 1662
c o [occ] Linked in RED   BIN by default: 518
c o Mem for watch alloc    : 0           MB (0.00      %)
c o Mem for watch array    : 0           MB (0.00      %)
c o Executing OCC strategy token: occ-backw-sub-str
c o [occ-backw-sub-str-long-w-bins] subs: 0 str: 0 tried: 2180 0-depth ass: 0 T: 0.00 T-out: N T-r: 99.24%
c o [occ-backw-sub-long-w-long] rem cl: 32 tried: 2353/2353 (100.0%) T: 0.00 T-out: N T-r: 99.77%
c o [occ-backw-sub-str-long-w-long] sub: 0 str: 0 tried: 7059/2353 (300.0)  T: 0.00 T-out: N T-r: 99.57%
c o --> Executing strategy token: sub-str-cls-with-bin
c o [distill] watch-based irred--  cl tried     1220 cl-sh     0 cl-rem    0 lit-rem      0 T: 0.00 T-out: N
c o [distill] watch-based   red--  cl tried        0 cl-sh     0 cl-rem    0 lit-rem      0 T: 0.00 T-out: N
c o --> Executing strategy token: clean-cls
c o --> Executing strategy token: distill-cls
c o [distill-long-irred] cls tried: 610/610 T: 0.00 T-out: N T-r: 99.89%
c o [distill-long-irred] cls tried: 610/610 T: 0.01 T-out: N T-r: 99.73%
c o --> Executing strategy token: distill-bins
c o [distill-bin] useful: 5/1662/1662 lits-rem: 0 cl-rem: 5 0-depth-assigns: 0 T: 0.00 T-out: N
c o [consolidate] mini T: 0.00
c o global_timeout_multiplier: 3.3000
c o [branch] rebuilding order heap for all branchings. Current branching: vsids
c o --> Executing strategy token: oracle-vivif-sparsify
c o --> Executing strategy token: must-renumber
c o [renumber] T: 0.00
c o [oracle-bin] potential pairs: 2818 T: 0.0002
c o --> Executing strategy token: must-scc-vrepl
c o [scc] new: 9 BP 0M T: 0.00
c o [vrep] vars 6 lits 1555 rem-bin-cls 34 rem-long-cls 55 BP 0M T: 0.00
c o [oracle-vivif] lits-rem: 0 learnt-units: 0 T-out: N T-remain: 99.8571% T: 0.03
c o [oracle-bin] bin-added: 1757 equiv-added: 0 T-out: N T-remain: 99.33% T: 0.01
c o [oracle-vivif] cache usefulness: 67% total T: 0.05
c o --> Executing strategy token: sub-impl
c o [impl-sub] bin: 1873 T: 0.00 T-out: N w-visit: 484
c o Executing OCC strategy token(s): 'occ-backw-sub,
c o [occ] mem usage for occur      0 MB
c o [occ] Linked in IRRED BIN by default: 1645
c o [occ] Linked in RED   BIN by default: 506
c o Mem for watch alloc    : 0           MB (0.00      %)
c o Mem for watch array    : 0           MB (0.00      %)
c o Executing OCC strategy token: occ-backw-sub
c o [occ-backw-sub-long-w-long] rem cl: 90 tried: 2626/2626 (100.0%) T: 0.00 T-out: N T-r: 99.74%
c o --> Executing strategy token: must-renumber
c o [renumber] T: 0.00
c o [oracle-sparsify] done with 10 % oracle mems:  122K ccnr useful: 58.4% T: 0.0
c o [oracle-sparsify] done with 20 % oracle mems:  139K ccnr useful: 75.2% T: 0.0
c o [oracle-sparsify] done with 30 % oracle mems:  168K ccnr useful: 80.6% T: 0.0
c o [oracle-sparsify] done with 40 % oracle mems:  186K ccnr useful: 84.0% T: 0.0
c o [oracle-sparsify] done with 50 % oracle mems:  223K ccnr useful: 84.8% T: 0.0
c o [oracle-sparsify] done with 60 % oracle mems:  273K ccnr useful: 83.4% T: 0.0
c o [oracle-sparsify] done with 70 % oracle mems:  352K ccnr useful: 79.7% T: 0.0
c o [oracle-sparsify] done with 80 % oracle mems:  458K ccnr useful: 76.3% T: 0.0
c o [oracle-sparsify] done with 90 % oracle mems:  654K ccnr useful: 72.5% T: 0.0
c o [oracle-sparsify] removed: 48 of which bin: 30 tot considered: 2255 ccnr useful: 1569 oracle uknown: 0 cache useful: 0% learnt-units: 0 T: 0.05 buildT: 0.00
c o [consolidate] mini T: 0.00
c o global_timeout_multiplier: 3.3000
c o [branch] rebuilding order heap for all branchings. Current branching: vsids
c o --> Executing strategy token: must-scc-vrepl
c o [scc] new: 0 BP 0M T: 0.00
c o [vrep] vars 0 lits 0 rem-bin-cls 0 rem-long-cls 0 BP 0M T: 0.00
c o --> Executing strategy token: full-probe
c o [full-probe]  bin_only: 0 set: 0 repl: 0 T: 0.00 T-out: N T-r: 99.01%
c o --> Executing strategy token: sub-impl
c o [impl-sub] bin: 0 T: 0.00 T-out: N w-visit: 472
c o --> Executing strategy token: sub-cls-with-bin
c o [distill] watch-based irred--  cl tried      592 cl-sh     0 cl-rem    0 lit-rem      0 T: 0.00 T-out: N
c o [distill] watch-based   red--  cl tried        0 cl-sh     0 cl-rem    0 lit-rem      0 T: 0.00 T-out: N
c o --> Executing strategy token: distill-cls-onlyrem
c o [distill-long-irred] cls tried: 592/592 T: 0.00 T-out: N T-r: 99.89%
c o Executing OCC strategy token(s): 'occ-backw-sub,occ-resolv-subs,occ-rem-with-orgates,occ-ternary-res,
c o [occ] mem usage for occur      0 MB
c o [occ] Linked in IRRED BIN by default: 1615
c o [occ] Linked in RED   BIN by default: 536
c o [occ] mem usage for occur      0 MB
c o Mem for watch alloc    : 0           MB (0.00      %)
c o Mem for watch array    : 0           MB (0.00      %)
c o Executing OCC strategy token: occ-backw-sub
c o [occ-backw-sub-long-w-long] rem cl: 0 tried: 2536/2536 (100.0%) T: 0.00 T-out: N T-r: 99.77%
c o Executing OCC strategy token: occ-resolv-subs
c o [occ-resolv-subs] removed: 0 checked: 129584 T: 0.0
c o Executing OCC strategy token: occ-rem-with-orgates
c o [occ-gates] found:     0 avg-s: 0.0 T: 0.00 T-out: N T-r: 99.92%
c o [occ-gate-based-lit-rem] lit-rem: 0 cl-rem: 0 T: 0.00 T-out: N
c o Executing OCC strategy token: occ-ternary-res
c o [occ-ternary-res] Ternary res-tri: 0 res-bin: 0 sub: 0 str: 0 T: 0.00 T-out: N T-r: 99.99%
c o --> Executing strategy token: must-scc-vrepl
c o [scc] new: 0 BP 0M T: 0.00
c o [vrep] vars 0 lits 0 rem-bin-cls 0 rem-long-cls 0 BP 0M T: 0.00
c o Executing OCC strategy token(s): 'occ-bve,
c o [occ] mem usage for occur      0 MB
c o [occ] Linked in IRRED BIN by default: 1615
c o [occ] Linked in RED   BIN by default: 536
c o [occ] mem usage for occur      0 MB
c o Mem for watch alloc    : 0           MB (0.00      %)
c o Mem for watch array    : 0           MB (0.00      %)
c o Executing OCC strategy token: occ-bve
c o [occ-empty-res] Empty resolvent elimed: 0 T: 0.00 T-out: N
c o [occ-bve] iter v-elim 0
c o cl_inc_rate=1.00, var_dec_rate=1.00 (grow=0)
c o Reduced to 236 vars, 2207 cls (grow=0)
c o x n vars       : 236
c o #try to eliminate:    26
c o #var-elim        :     0
c o #T-o: N
c o #T-r: 100.00%
c o #T  : 0.00
c o [occur] 0.00 is overhead
c o [occur] link-in T: 0.00 cleanup T: 0.00
c o [occ-xor-bve] elimed: 0 T: 0.00 T-out: N
c o --> Executing strategy token: sub-impl
c o [impl-sub] bin: 0 T: 0.00 T-out: N w-visit: 472
c o --> Executing strategy token: distill-cls-onlyrem
c o [distill-long-irred] cls tried: 592/592 T: 0.00 T-out: N T-r: 99.88%
c o --> Executing strategy token: intree-probe
c o [scc] new: 0 BP 0M T: 0.00
c o [vrep] vars 0 lits 0 rem-bin-cls 0 rem-long-cls 0 BP 0M T: 0.00
c o [intree] Set 0 vars hyper-added: 100 trans-irred: 0 trans-red: 15 T: 0.00 T-out: N T-r: -0.72%
c o Executing OCC strategy token(s): 'occ-backw-sub-str,
c o [occ] mem usage for occur      0 MB
c o [occ] Linked in IRRED BIN by default: 1615
c o [occ] Linked in RED   BIN by default: 621
c o [occ] mem usage for occur      0 MB
c o Mem for watch alloc    : 0           MB (0.00      %)
c o Mem for watch array    : 0           MB (0.00      %)
c o Executing OCC strategy token: occ-backw-sub-str
c o [occ-backw-sub-str-long-w-bins] subs: 0 str: 0 tried: 4416 0-depth ass: 0 T: 0.00 T-out: N T-r: 99.08%
c o [occ-backw-sub-long-w-long] rem cl: 0 tried: 2536/2536 (100.0%) T: 0.00 T-out: N T-r: 99.77%
c o [occ-backw-sub-str-long-w-long] sub: 0 str: 0 tried: 7608/2536 (300.0)  T: 0.00 T-out: N T-r: 99.54%
c o --> Executing strategy token: sub-str-cls-with-bin
c o [distill] watch-based irred--  cl tried     1184 cl-sh     0 cl-rem    0 lit-rem      0 T: 0.00 T-out: N
c o [distill] watch-based   red--  cl tried        0 cl-sh     0 cl-rem    0 lit-rem      0 T: 0.00 T-out: N
c o --> Executing strategy token: clean-cls
c o --> Executing strategy token: distill-cls
c o [distill-long-irred] cls tried: 592/592 T: 0.00 T-out: N T-r: 99.88%
c o [distill-long-irred] cls tried: 592/592 T: 0.01 T-out: N T-r: 99.71%
c o --> Executing strategy token: distill-bins
c o [distill-bin] useful: 0/1615/1615 lits-rem: 0 cl-rem: 0 0-depth-assigns: 0 T: 0.00 T-out: N
c o Executing OCC strategy token(s): 'occ-backw-sub,
c o [occ] mem usage for occur      0 MB
c o [occ] Linked in IRRED BIN by default: 1615
c o [occ] Linked in RED   BIN by default: 621
c o [occ] mem usage for occur      0 MB
c o Mem for watch alloc    : 0           MB (0.00      %)
c o Mem for watch array    : 0           MB (0.00      %)
c o Executing OCC strategy token: occ-backw-sub
c o [occ-backw-sub-long-w-long] rem cl: 0 tried: 2536/2536 (100.0%) T: 0.00 T-out: N T-r: 99.77%
c o [consolidate] mini T: 0.00
c o global_timeout_multiplier: 3.3000
c o [branch] rebuilding order heap for all branchings. Current branching: vsids
c o --> Executing strategy token: oracle-vivif-fast
c o --> Executing strategy token: must-renumber
c o [renumber] T: 0.00
c o [oracle-bin] potential pairs: 2687 T: 0.0002
c o --> Executing strategy token: must-scc-vrepl
c o [scc] new: 0 BP 0M T: 0.00
c o [vrep] vars 0 lits 0 rem-bin-cls 0 rem-long-cls 0 BP 0M T: 0.00
c o [oracle-vivif] lits-rem: 0 learnt-units: 0 T-out: N T-remain: 99.5706% T: 0.03
c o [oracle-bin] bin-added: 1707 equiv-added: 0 T-out: N T-remain: 99.34% T: 0.01
c o [oracle-vivif] cache usefulness: 66% total T: 0.05
c o --> Executing strategy token: oracle-sparsify-fast
c o --> Executing strategy token: sub-impl
c o [impl-sub] bin: 1800 T: 0.00 T-out: N w-visit: 472
c o Executing OCC strategy token(s): 'occ-backw-sub,
c o [occ] mem usage for occur      0 MB
c o [occ] Linked in IRRED BIN by default: 1615
c o [occ] Linked in RED   BIN by default: 633
c o [occ] mem usage for occur      0 MB
c o Mem for watch alloc    : 0           MB (0.00      %)
c o Mem for watch array    : 0           MB (0.00      %)
c o Executing OCC strategy token: occ-backw-sub
c o [occ-backw-sub-long-w-long] rem cl: 0 tried: 2896/2896 (100.0%) T: 0.00 T-out: N T-r: 99.76%
c o --> Executing strategy token: must-renumber
c o [renumber] T: 0.00
c o [oracle-sparsify] done with 10 % oracle mems:   95K ccnr useful: 64.3% T: 0.0
c o [oracle-sparsify] done with 20 % oracle mems:  105K ccnr useful: 79.6% T: 0.0
c o [oracle-sparsify] done with 30 % oracle mems:  132K ccnr useful: 83.9% T: 0.0
c o [oracle-sparsify] done with 40 % oracle mems:  132K ccnr useful: 87.9% T: 0.0
c o [oracle-sparsify] done with 50 % oracle mems:  171K ccnr useful: 87.0% T: 0.0
c o [oracle-sparsify] done with 60 % oracle mems:  177K ccnr useful: 88.8% T: 0.0
c o [oracle-sparsify] done with 70 % oracle mems:  228K ccnr useful: 86.5% T: 0.0
c o [oracle-sparsify] done with 80 % oracle mems:  291K ccnr useful: 85.3% T: 0.0
c o [oracle-sparsify] done with 90 % oracle mems:  492K ccnr useful: 80.9% T: 0.0
c o [oracle-sparsify] removed: 0 of which bin: 0 tot considered: 2207 ccnr useful: 1724 oracle uknown: 0 cache useful: 0% learnt-units: 0 T: 0.05 buildT: 0.00
c o [consolidate] mini T: 0.00
c o global_timeout_multiplier: 3.3000
c o [branch] rebuilding order heap for all branchings. Current branching: vsids
c o Executing OCC strategy token(s): 'occ-bve,
c o [occ] mem usage for occur      0 MB
c o [occ] Linked in IRRED BIN by default: 1615
c o [occ] Linked in RED   BIN by default: 633
c o [occ] mem usage for occur      0 MB
c o Mem for watch alloc    : 0           MB (0.00      %)
c o Mem for watch array    : 0           MB (0.00      %)
c o Executing OCC strategy token: occ-bve
c o [occ-empty-res] Empty resolvent elimed: 0 T: 0.00 T-out: N
c o [occ-bve] iter v-elim 0
c o cl_inc_rate=1.00, var_dec_rate=1.00 (grow=0)
c o Reduced to 236 vars, 2207 cls (grow=0)
c o x n vars       : 236
c o #try to eliminate:    26
c o #var-elim        :     0
c o #T-o: N
c o #T-r: 100.00%
c o #T  : 0.00
c o [occur] 0.00 is overhead
c o [occur] link-in T: 0.00 cleanup T: 0.00
c o [occ-xor-bve] elimed: 0 T: 0.00 T-out: N
c o [consolidate] mini T: 0.00
c o global_timeout_multiplier: 3.3000
c o [branch] rebuilding order heap for all branchings. Current branching: vsids
c o --> Executing strategy token: must-scc-vrepl
c o [scc] new: 0 BP 0M T: 0.00
c o [vrep] vars 0 lits 0 rem-bin-cls 0 rem-long-cls 0 BP 0M T: 0.00
c o --> Executing strategy token: must-renumber
c o [renumber] T: 0.00
c o [consolidate] mini T: 0.00
c o global_timeout_multiplier: 3.3000
c o [branch] rebuilding order heap for all branchings. Current branching: vsids
c o [occ] mem usage for occur      0 MB
c o [occ] Linked in IRRED BIN by default: 1615
c o [occ] Linked in RED   BIN by default: 633
c o [occ] mem usage for occur      0 MB
c o Mem for watch alloc    : 0           MB (0.00      %)
c o Mem for watch array    : 0           MB (0.00      %)
c o [empty] empty_occ: 0 T: 0.00
c o Executing OCC strategy token(s): 'occ-bve-empty,
c o [occ] mem usage for occur      0 MB
c o [occ] Linked in IRRED BIN by default: 1615
c o [occ] Linked in RED   BIN by default: 633
c o [occ] mem usage for occur      0 MB
c o Mem for watch alloc    : 0           MB (0.00      %)
c o Mem for watch array    : 0           MB (0.00      %)
c o Executing OCC strategy token: occ-bve-empty
c o [occ-empty-res] Empty resolvent elimed: 0 T: 0.00 T-out: N
c o --> Executing strategy token: must-renumber
c o [renumber] T: 0.00
c o [consolidate] mini T: 0.00
c o global_timeout_multiplier: 3.3000
c o [branch] rebuilding order heap for all branchings. Current branching: vsids
c o [0m[puura] new_empty_sampl_vars size: 0[0m
c o [get-cnf] Checking for variables mapping to same new var to set AIG definitions...
c o solver orig num vars: 246 solver simp num vars: 236
c o [0m[31m[puura] Done. final vars: 236 final cls: 2207 T: 0.26[0m
c o [0m[arjun-sbva] entering SBVA with     vars: 236     cls:   2207 opt sampl: 236[0m
c o [0m[arjun-sbva] exited SBVA with       vars: 300     cls:   1721[0m
c o [0m[arjun-sbva] K steps remaining: -0.06 T-out: Yes T: 0.00[0m
c o Arjun T: 2.62
c o Found 1 disconnected component(s)
c o [par] Using non-parallel counting
c o ind size: 210 nvars: 300
c o opt ind size: 300 ind size: 210 nvars: 300
c o Sampling set size: 210
c o Opt sampling set size: 300
c o Bin irred/red      1082       633       
c o Long irred cls/tri 496        143       
c o Long red cls/tri   2034       270       
c o [td] nodes: 300 nvars: 300 edges: 2143
c o [td] Primal graph   nodes: 300 edges: 2143 density: 0.024 edge/var: 7.143
c o [td] min degree heuristic
c o [td] #bags 178, tw 122, elapsed 0.003 s
c o [td] min shortcut heuristic
c o [td] #bags 184, tw 117, elapsed 0.178 s
c o [td] run with 0.0/0.1/0.2 min balance and node_min_expansion in endless loop with varying seed
c o [td] iter 100 width: 116 stepsK remain: 97 T: 1.308
c o [td] iter 200 width: 116 stepsK remain: 95 T: 2.425
c o [td] iter 300 width: 116 stepsK remain: 93 T: 3.556
c o [td] iter 400 width: 116 stepsK remain: 90 T: 4.671
c o [td] iter 500 width: 116 stepsK remain: 88 T: 5.787
c o [td] iter 600 width: 116 stepsK remain: 86 T: 6.914
c o [td] iter 700 width: 116 stepsK remain: 83 T: 8.041
c o [td] iter 800 width: 116 stepsK remain: 81 T: 9.177
c o [td] centroid bag id: 175 bag size: 115
c o [td] centroid bag id: 175 bag size: 115
c o [td] weight: 7.000 nodes: 300 rt/width(=rt): 2.586 rt*conf.td_exp_mult: 2.845 conf.td_exp_mult: 1.100 conf.td_divider: 1000.000 max ord diff: 14
c o [td] decompose time: 10.300
c o [rst-cube] Num restarts: 0 orig cubes this rst: 1 final cubes this rst: 1 total orig cubes: 1 total final cubes: 1
c o total time so far: 13.421
c o decisions K                    249       -- Kdec/s:     23.13    
c o conflicts                      153          -- confl/s:    14.17    
c o rem lits triedK/rem lits remK  0         0         
c o shrink tried/useful%/lits rem  153       15.0327   36        
c o avg clsz/rem lits avg/finalavg 9.0392    8.8039    8.6536   
c o rdbs/low lbd/rem               0     0      0     
c o looks/look-computes            0/0
c o sat call/sat/unsat/confl/rst  0     0     0     0     0     
c o buddy called /unsat ratio           0     / 0.0000 
c o buddy avg num bin/long cls/vs  0.0000 / 0.0000 / 0.0000
c o buddy max num bin/long cls/vs  0     / 0     / 0    
c o orig cubes/lit-r avg/exten avg 1     / 0.00  / 0.00 
c o cubes orig/symm/final          1     / 0     / 1    
c o cubes resolved/flp-removed     0     / 0    
c o tot restarts                   0    
c o comp sortsK/avg sz             248   / 1.00437753
c o comps recordK/non-reset ratio  771 / 0.98
c o vivif: try/cls/clviv/litsravg  0         0         0         0.00      
c o toplev subs runs/bins/long-cls 0         0         0         0         0         
c o toplevel probes/fail/bprop     0         0         0         
c o Mem used                       0.00 GB
c o cache pollutions call/removed  290/742
c o cache entries K                248
c o MB cache                       31.530
c o cache K (lookup/ stores/ hits/ dels) 575    249    325    0       -- Klookup/s:  53.28    
c o cache miss rate                0.434
c o avg hit/store num vars 3.074 / 11.700
c o 
c o intermediate count: 25205389326
c o Total time [Arjun+GANAK]: 13.43
s SATISFIABLE
c s type mc
c s log10-estimate 1.04014934e+01
c s exact arb int 25205389326
c s pac guarantees epsilon: 0 delta: 0
