Solving /Users/konstantin.kutzkov/Desktop/Code/SharpSAT/temp_cnf/mc2026_public/mc2026_track1_169.cnf
variables (all/used/free): 	636/636/0
clauses (all/long/binary/unit): 1816/1039/776/1

Preprocessing ..preprocess: 1786 -> 1786 clauses (subsumed=0 pure_dup=0 ssr=0 forced=0 passes=1 elapsed_ms=0)
 DONE
variables (all/used/free): 	625/625/0
clauses (all/long/binary/unit): 1786/1028/758/0
NDHierarchy: 651 tree nodes, 256 internal (sep), 69 passthrough, 326 leaves, 471 total sep elements (vars=435 clauses=36), max_sep=17 (vars=17 clauses=0), sep_buckets=[1-2:224, 3-4:21, 5-7:6, 8-15:3, 16-31:2, 32-63:0, 64+:0], sep_clause_len=[3:36, 4:0, 5:0, 6:0, 7:0, 8:0, 9:0, 10-15:0, 16+:0]
NDCentrality: root_sep_vars=17 scored=17 max_deg=14.0
ROOT_DECOMP: root_active=625 subcomps=1 trivial_factor=1 sub0=625
PROGRESS t=0.011072 pct_log=0 pct_lin=7.18212e-187 progress_bits=0 closed_bits=0 open=1 bound_log2=625 decisions=0 l2_hits=0 scc_fires_lit=0 scc_fires_clause=0
calls=100000 depth=40 decisions=141912 conflicts=38490 stores=95794 hits=17289 l1_hits=40352
OP_STATS calls=100000 ANALYZE:c=35661:ms=100.291:avg=2812.34ns CANONICAL:c=114988:ms=1019.1:avg=8862.67ns L1_PEEK:c=52353:ms=7.20857:avg=137.692ns L2_PEEK:c=114988:ms=35.8994:avg=312.201ns PICK:c=0:ms=0:avg=0ns BCP:c=143163:ms=820.238:avg=5729.4ns L1_STORE:c=11998:ms=1.15368:avg=96.156ns L2_STORE:c=95794:ms=9.57438:avg=99.9476ns
PROGRESS t=10.0111 pct_log=97.4225 pct_lin=0.00141417 progress_bits=2.04023e-05 closed_bits=608.89 open=42 bound_log2=625 decisions=159103 l2_hits=18642 scc_fires_lit=0 scc_fires_clause=0
calls=200000 depth=35 decisions=277332 conflicts=74064 stores=189544 hits=28443 l1_hits=86373
OP_STATS calls=200000 ANALYZE:c=73309:ms=233.081:avg=3179.44ns CANONICAL:c=222790:ms=2253.47:avg=10114.8ns L1_PEEK:c=106779:ms=18.2368:avg=170.791ns L2_PEEK:c=222790:ms=75.8523:avg=340.465ns PICK:c=0:ms=0:avg=0ns BCP:c=278583:ms=2621.56:avg=9410.33ns L1_STORE:c=20404:ms=2.12031:avg=103.916ns L2_STORE:c=189544:ms=20.0591:avg=105.828ns
PROGRESS t=20.0111 pct_log=97.599 pct_lin=0.00303855 progress_bits=4.38376e-05 closed_bits=609.994 open=33 bound_log2=625 decisions=277948 l2_hits=28455 scc_fires_lit=0 scc_fires_clause=0
PROGRESS t=30.0113 pct_log=97.8083 pct_lin=0.00752508 progress_bits=0.000108568 closed_bits=611.302 open=28 bound_log2=625 decisions=389597 l2_hits=36437 scc_fires_lit=0 scc_fires_clause=0
calls=300000 depth=25 decisions=403496 conflicts=100143 stores=282012 hits=37729 l1_hits=144150
OP_STATS calls=300000 ANALYZE:c=113862:ms=378.934:avg=3328.01ns CANONICAL:c=327374:ms=3662.04:avg=11186.1ns L1_PEEK:c=170917:ms=32.1451:avg=188.074ns L2_PEEK:c=327374:ms=121.649:avg=371.59ns PICK:c=0:ms=0:avg=0ns BCP:c=404747:ms=4299.35:avg=10622.3ns L1_STORE:c=26766:ms=3.06325:avg=114.446ns L2_STORE:c=282012:ms=34.0017:avg=120.568ns
PROGRESS t=40.0116 pct_log=98.0845 pct_lin=0.0248923 progress_bits=0.000359165 closed_bits=613.028 open=30 bound_log2=625 decisions=491493 l2_hits=46227 scc_fires_lit=0 scc_fires_clause=0
calls=400000 depth=35 decisions=531163 conflicts=128021 stores=367390 hits=49342 l1_hits=190697
OP_STATS calls=400000 ANALYZE:c=156845:ms=528.433:avg=3369.14ns CANONICAL:c=429628:ms=5069.74:avg=11800.3ns L1_PEEK:c=224035:ms=44.0443:avg=196.596ns L2_PEEK:c=429628:ms=166.415:avg=387.348ns PICK:c=0:ms=0:avg=0ns BCP:c=532414:ms=6795.83:avg=12764.2ns L1_STORE:c=33336:ms=3.65976:avg=109.784ns L2_STORE:c=367390:ms=42.1153:avg=114.634ns
PROGRESS t=50.0116 pct_log=98.2086 pct_lin=0.0426207 progress_bits=0.000615017 closed_bits=613.804 open=34 bound_log2=624.999 decisions=596241 l2_hits=54199 scc_fires_lit=0 scc_fires_clause=0
calls=500000 depth=33 decisions=660541 conflicts=155951 stores=456074 hits=61311 l1_hits=239846
OP_STATS calls=500000 ANALYZE:c=195105:ms=678.398:avg=3477.09ns CANONICAL:c=534655:ms=6605.5:avg=12354.7ns L1_PEEK:c=279327:ms=57.7901:avg=206.891ns L2_PEEK:c=534655:ms=212.981:avg=398.352ns PICK:c=0:ms=0:avg=0ns BCP:c=661792:ms=9413.78:avg=14224.7ns L1_STORE:c=39480:ms=4.25778:avg=107.847ns L2_STORE:c=456074:ms=64.6262:avg=141.701ns
PROGRESS t=60.0117 pct_log=98.3007 pct_lin=0.0635249 progress_bits=0.000916762 closed_bits=614.38 open=35 bound_log2=624.999 decisions=700058 l2_hits=64468 scc_fires_lit=0 scc_fires_clause=0
calls=600000 depth=27 decisions=778948 conflicts=175759 stores=534947 hits=73697 l1_hits=291605
OP_STATS calls=600000 ANALYZE:c=238281:ms=826.175:avg=3467.23ns CANONICAL:c=633119:ms=8142.44:avg=12860.8ns L1_PEEK:c=337664:ms=72.0668:avg=213.428ns L2_PEEK:c=633119:ms=253.218:avg=399.954ns PICK:c=0:ms=0:avg=0ns BCP:c=780199:ms=10677.6:avg=13685.7ns L1_STORE:c=46058:ms=4.92035:avg=106.829ns L2_STORE:c=534947:ms=71.8803:avg=134.369ns
PROGRESS t=70.0118 pct_log=98.3808 pct_lin=0.0898584 progress_bits=0.00129697 closed_bits=614.88 open=36 bound_log2=624.999 decisions=813798 l2_hits=78629 scc_fires_lit=0 scc_fires_clause=0
calls=700000 depth=27 decisions=900536 conflicts=195795 stores=614877 hits=89921 l1_hits=338215
OP_STATS calls=700000 ANALYZE:c=278757:ms=966.901:avg=3468.62ns CANONICAL:c=736019:ms=9709.59:avg=13192ns L1_PEEK:c=392200:ms=85.8754:avg=218.958ns L2_PEEK:c=736019:ms=295.873:avg=401.99ns PICK:c=0:ms=0:avg=0ns BCP:c=901787:ms=12133.2:avg=13454.6ns L1_STORE:c=53984:ms=6.42044:avg=118.932ns L2_STORE:c=614877:ms=79.5501:avg=129.376ns
PROGRESS t=80.0118 pct_log=98.4633 pct_lin=0.128477 progress_bits=0.00185472 closed_bits=615.396 open=28 bound_log2=624.998 decisions=923451 l2_hits=94186 scc_fires_lit=0 scc_fires_clause=0
calls=800000 depth=29 decisions=1019911 conflicts=213710 stores=693048 hits=107680 l1_hits=384269
OP_STATS calls=800000 ANALYZE:c=320086:ms=1103.05:avg=3446.12ns CANONICAL:c=839293:ms=11288.9:avg=13450.5ns L1_PEEK:c=447211:ms=99.1924:avg=221.802ns L2_PEEK:c=839293:ms=342.146:avg=407.66ns PICK:c=0:ms=0:avg=0ns BCP:c=1021162:ms=13070:avg=12799.2ns L1_STORE:c=62941:ms=7.25908:avg=115.332ns L2_STORE:c=693048:ms=86.9504:avg=125.461ns
PROGRESS t=90.0119 pct_log=98.5233 pct_lin=0.166619 progress_bits=0.0024058 closed_bits=615.771 open=31 bound_log2=624.998 decisions=1035514 l2_hits=110082 scc_fires_lit=0 scc_fires_clause=0
PROGRESS t=100.012 pct_log=98.5773 pct_lin=0.210511 progress_bits=0.00304023 closed_bits=616.108 open=24 bound_log2=624.997 decisions=1132658 l2_hits=118294 scc_fires_lit=0 scc_fires_clause=0
calls=900000 depth=37 decisions=1145205 conflicts=238190 stores=783046 hits=119162 l1_hits=442508
OP_STATS calls=900000 ANALYZE:c=358233:ms=1250.63:avg=3491.11ns CANONICAL:c=944321:ms=12849.4:avg=13607ns L1_PEEK:c=512576:ms=113.306:avg=221.053ns L2_PEEK:c=944321:ms=395.508:avg=418.828ns PICK:c=0:ms=0:avg=0ns BCP:c=1146456:ms=15943.5:avg=13906.8ns L1_STORE:c=70066:ms=7.92999:avg=113.179ns L2_STORE:c=783046:ms=95.8289:avg=122.38ns
PROGRESS t=110.012 pct_log=98.6584 pct_lin=0.299071 progress_bits=0.00432115 closed_bits=616.615 open=39 bound_log2=624.996 decisions=1229893 l2_hits=123240 scc_fires_lit=0 scc_fires_clause=0
calls=1000000 depth=35 decisions=1266757 conflicts=261544 stores=875290 hits=126762 l1_hits=506999
OP_STATS calls=1000000 ANALYZE:c=404758:ms=1405.17:avg=3471.62ns CANONICAL:c=1047528:ms=14144.3:avg=13502.5ns L1_PEEK:c=583106:ms=127.308:avg=218.327ns L2_PEEK:c=1047528:ms=445.614:avg=425.396ns PICK:c=0:ms=0:avg=0ns BCP:c=1268008:ms=19725:avg=15555.9ns L1_STORE:c=76105:ms=8.42913:avg=110.757ns L2_STORE:c=875290:ms=143.159:avg=163.556ns
PROGRESS t=120.012 pct_log=98.6685 pct_lin=0.312553 progress_bits=0.00451625 closed_bits=616.678 open=36 bound_log2=624.995 decisions=1322187 l2_hits=131218 scc_fires_lit=0 scc_fires_clause=0
calls=1100000 depth=31 decisions=1387448 conflicts=282943 stores=957803 hits=135821 l1_hits=566961
OP_STATS calls=1100000 ANALYZE:c=445531:ms=1550.46:avg=3480.03ns CANONICAL:c=1145540:ms=15650.3:avg=13662ns L1_PEEK:c=646391:ms=141.659:avg=219.154ns L2_PEEK:c=1145540:ms=488.582:avg=426.508ns PICK:c=0:ms=0:avg=0ns BCP:c=1388699:ms=23318:avg=16791.2ns L1_STORE:c=79429:ms=8.75706:avg=110.25ns L2_STORE:c=957803:ms=151.002:avg=157.654ns
PROGRESS t=130.012 pct_log=98.7168 pct_lin=0.385276 progress_bits=0.00556909 closed_bits=616.98 open=28 bound_log2=624.994 decisions=1417927 l2_hits=138956 scc_fires_lit=0 scc_fires_clause=0
PROGRESS t=140.012 pct_log=98.7263 pct_lin=0.401468 progress_bits=0.00580361 closed_bits=617.039 open=30 bound_log2=624.994 decisions=1504212 l2_hits=144478 scc_fires_lit=0 scc_fires_clause=0
calls=1200000 depth=35 decisions=1507325 conflicts=302577 stores=1043004 hits=144643 l1_hits=629420
OP_STATS calls=1200000 ANALYZE:c=488601:ms=1712.2:avg=3504.28ns CANONICAL:c=1244805:ms=17238.4:avg=13848.3ns L1_PEEK:c=712189:ms=157.086:avg=220.568ns L2_PEEK:c=1244805:ms=532.291:avg=427.61ns PICK:c=0:ms=0:avg=0ns BCP:c=1508576:ms=26987.6:avg=17889.5ns L1_STORE:c=82768:ms=9.1025:avg=109.976ns L2_STORE:c=1043004:ms=159.287:avg=152.72ns
PROGRESS t=150.012 pct_log=98.7582 pct_lin=0.460983 progress_bits=0.00666595 closed_bits=617.239 open=30 bound_log2=624.993 decisions=1609276 l2_hits=154097 scc_fires_lit=0 scc_fires_clause=0
calls=1300000 depth=33 decisions=1619154 conflicts=316141 stores=1115624 hits=155200 l1_hits=682911
OP_STATS calls=1300000 ANALYZE:c=533368:ms=1858.41:avg=3484.29ns CANONICAL:c=1337118:ms=18876.8:avg=14117.5ns L1_PEEK:c=768834:ms=171.956:avg=223.658ns L2_PEEK:c=1337118:ms=571.213:avg=427.197ns PICK:c=0:ms=0:avg=0ns BCP:c=1620405:ms=28402.8:avg=17528.2ns L1_STORE:c=85922:ms=9.44215:avg=109.892ns L2_STORE:c=1115624:ms=166.428:avg=149.179ns
PROGRESS t=160.013 pct_log=98.8503 pct_lin=0.686977 progress_bits=0.00994518 closed_bits=617.814 open=32 bound_log2=624.99 decisions=1711935 l2_hits=168128 scc_fires_lit=0 scc_fires_clause=0
calls=1400000 depth=33 decisions=1741109 conflicts=334095 stores=1196877 hits=171641 l1_hits=734329
OP_STATS calls=1400000 ANALYZE:c=573289:ms=2003:avg=3493.87ns CANONICAL:c=1441180:ms=20605.1:avg=14297.4ns L1_PEEK:c=826326:ms=186.61:avg=225.831ns L2_PEEK:c=1441180:ms=617.445:avg=428.43ns PICK:c=0:ms=0:avg=0ns BCP:c=1742360:ms=30762.7:avg=17655.8ns L1_STORE:c=91994:ms=10.1158:avg=109.962ns L2_STORE:c=1196877:ms=174.864:avg=146.1ns
PROGRESS t=170.013 pct_log=98.8613 pct_lin=0.72039 progress_bits=0.0104307 closed_bits=617.883 open=35 bound_log2=624.99 decisions=1794935 l2_hits=176203 scc_fires_lit=0 scc_fires_clause=0
calls=1500000 depth=33 decisions=1863918 conflicts=355980 stores=1285590 hits=180340 l1_hits=794940
OP_STATS calls=1500000 ANALYZE:c=613464:ms=2157.26:avg=3516.53ns CANONICAL:c=1542511:ms=22163:avg=14368.1ns L1_PEEK:c=890793:ms=203.556:avg=228.511ns L2_PEEK:c=1542511:ms=665.991:avg=431.757ns PICK:c=0:ms=0:avg=0ns BCP:c=1865169:ms=35796:avg=19191.8ns L1_STORE:c=95851:ms=10.5903:avg=110.487ns L2_STORE:c=1285590:ms=184.503:avg=143.516ns
PROGRESS t=180.013 pct_log=98.8847 pct_lin=0.797172 progress_bits=0.0115468 closed_bits=618.029 open=28 bound_log2=624.988 decisions=1877509 l2_hits=181187 scc_fires_lit=0 scc_fires_clause=0
PROGRESS t=190.013 pct_log=98.8971 pct_lin=0.841226 progress_bits=0.0121877 closed_bits=618.107 open=33 bound_log2=624.988 decisions=1949217 l2_hits=186038 scc_fires_lit=0 scc_fires_clause=0
calls=1600000 depth=34 decisions=1990945 conflicts=382108 stores=1378871 hits=189039 l1_hits=854774
OP_STATS calls=1600000 ANALYZE:c=652434:ms=2318.57:avg=3553.72ns CANONICAL:c=1647326:ms=23654.6:avg=14359.4ns L1_PEEK:c=955593:ms=220.652:avg=230.906ns L2_PEEK:c=1647326:ms=715.659:avg=434.437ns PICK:c=0:ms=0:avg=0ns BCP:c=1992196:ms=42743.7:avg=21455.6ns L1_STORE:c=100817:ms=11.2286:avg=111.376ns L2_STORE:c=1378871:ms=195.276:avg=141.62ns
PROGRESS t=200.013 pct_log=98.9103 pct_lin=0.890951 progress_bits=0.0129113 closed_bits=618.19 open=26 bound_log2=624.987 decisions=2026381 l2_hits=191990 scc_fires_lit=0 scc_fires_clause=0
calls=1700000 depth=33 decisions=2109305 conflicts=401446 stores=1460591 hits=197738 l1_hits=911735
OP_STATS calls=1700000 ANALYZE:c=695272:ms=2473.94:avg=3558.24ns CANONICAL:c=1744211:ms=25176.4:avg=14434.3ns L1_PEEK:c=1015764:ms=235.513:avg=231.858ns L2_PEEK:c=1744211:ms=755.443:avg=433.114ns PICK:c=0:ms=0:avg=0ns BCP:c=2110556:ms=47346.5:avg=22433.2ns L1_STORE:c=104027:ms=13.0637:avg=125.58ns L2_STORE:c=1460591:ms=203.796:avg=139.53ns
PROGRESS t=210.013 pct_log=98.9203 pct_lin=0.930145 progress_bits=0.013482 closed_bits=618.252 open=33 bound_log2=624.987 decisions=2110987 l2_hits=197886 scc_fires_lit=0 scc_fires_clause=0
PROGRESS t=220.013 pct_log=98.9302 pct_lin=0.971052 progress_bits=0.0140778 closed_bits=618.314 open=29 bound_log2=624.986 decisions=2200620 l2_hits=204493 scc_fires_lit=0 scc_fires_clause=0
calls=1800000 depth=30 decisions=2224883 conflicts=420312 stores=1536726 hits=206033 l1_hits=966485
OP_STATS calls=1800000 ANALYZE:c=740136:ms=2631.26:avg=3555.1ns CANONICAL:c=1836905:ms=26767.5:avg=14572ns L1_PEEK:c=1073829:ms=250.604:avg=233.374ns L2_PEEK:c=1836905:ms=800.473:avg=435.772ns PICK:c=0:ms=0:avg=0ns BCP:c=2226134:ms=50772.4:avg=22807.4ns L1_STORE:c=107343:ms=13.3966:avg=124.802ns L2_STORE:c=1536726:ms=211.799:avg=137.825ns
PROGRESS t=230.014 pct_log=98.9537 pct_lin=1.07496 progress_bits=0.0155924 closed_bits=618.46 open=31 bound_log2=624.984 decisions=2284003 l2_hits=209408 scc_fires_lit=0 scc_fires_clause=0
calls=1900000 depth=37 decisions=2337770 conflicts=436711 stores=1608878 hits=215141 l1_hits=1026397
OP_STATS calls=1900000 ANALYZE:c=788059:ms=2789.28:avg=3539.43ns CANONICAL:c=1927545:ms=28306.3:avg=14685.2ns L1_PEEK:c=1136989:ms=265.107:avg=233.166ns L2_PEEK:c=1927545:ms=845.803:avg=438.798ns PICK:c=0:ms=0:avg=0ns BCP:c=2339021:ms=53632:avg=22929.3ns L1_STORE:c=110590:ms=13.7089:avg=123.962ns L2_STORE:c=1608878:ms=219.369:avg=136.349ns
PROGRESS t=240.014 pct_log=98.974 pct_lin=1.1737 progress_bits=0.0170331 closed_bits=618.587 open=29 bound_log2=624.983 decisions=2389281 l2_hits=220655 scc_fires_lit=0 scc_fires_clause=0
calls=2000000 depth=36 decisions=2457605 conflicts=459908 stores=1682936 hits=227222 l1_hits=1070509
OP_STATS calls=2000000 ANALYZE:c=835500:ms=2945.38:avg=3525.29ns CANONICAL:c=2022618:ms=29777.3:avg=14722.2ns L1_PEEK:c=1187608:ms=277.556:avg=233.71ns L2_PEEK:c=2022618:ms=890.054:avg=440.05ns PICK:c=0:ms=0:avg=0ns BCP:c=2458856:ms=58458.2:avg=23774.6ns L1_STORE:c=117097:ms=14.3602:avg=122.635ns L2_STORE:c=1682936:ms=322.859:avg=191.843ns
PROGRESS t=250.014 pct_log=98.9751 pct_lin=1.17966 progress_bits=0.0171201 closed_bits=618.595 open=29 bound_log2=624.983 decisions=2462116 l2_hits=227752 scc_fires_lit=0 scc_fires_clause=0
PROGRESS t=260.014 pct_log=98.9757 pct_lin=1.18236 progress_bits=0.0171595 closed_bits=618.598 open=35 bound_log2=624.983 decisions=2531518 l2_hits=235239 scc_fires_lit=0 scc_fires_clause=0
PROGRESS t=270.015 pct_log=98.9764 pct_lin=1.18623 progress_bits=0.017216 closed_bits=618.603 open=33 bound_log2=624.983 decisions=2595320 l2_hits=245618 scc_fires_lit=0 scc_fires_clause=0
calls=2100000 depth=38 decisions=2596471 conflicts=490800 stores=1771732 hits=245727 l1_hits=1110478
OP_STATS calls=2100000 ANALYZE:c=869930:ms=3086.18:avg=3547.62ns CANONICAL:c=2134056:ms=31412.2:avg=14719.5ns L1_PEEK:c=1233972:ms=289.257:avg=234.411ns L2_PEEK:c=2134056:ms=943.006:avg=441.884ns PICK:c=0:ms=0:avg=0ns BCP:c=2597722:ms=68125.7:avg=26225.2ns L1_STORE:c=123492:ms=15.0277:avg=121.689ns L2_STORE:c=1771732:ms=332.444:avg=187.638ns
PROGRESS t=280.015 pct_log=98.9788 pct_lin=1.19877 progress_bits=0.0173991 closed_bits=618.618 open=28 bound_log2=624.983 decisions=2669512 l2_hits=253531 scc_fires_lit=0 scc_fires_clause=0
calls=2200000 depth=34 decisions=2719509 conflicts=514497 stores=1848547 hits=257538 l1_hits=1156591
OP_STATS calls=2200000 ANALYZE:c=909140:ms=3216.99:avg=3538.5ns CANONICAL:c=2231405:ms=32951:avg=14766.9ns L1_PEEK:c=1283825:ms=302.56:avg=235.671ns L2_PEEK:c=2231405:ms=986.292:avg=442.005ns PICK:c=0:ms=0:avg=0ns BCP:c=2720760:ms=73732.6:avg=27100ns L1_STORE:c=127233:ms=15.4111:avg=121.125ns L2_STORE:c=1848547:ms=340.371:avg=184.129ns
PROGRESS t=290.015 pct_log=98.9869 pct_lin=1.24164 progress_bits=0.0180252 closed_bits=618.668 open=30 bound_log2=624.982 decisions=2750996 l2_hits=259501 scc_fires_lit=0 scc_fires_clause=0
calls=2300000 depth=30 decisions=2825320 conflicts=527535 stores=1912744 hits=265976 l1_hits=1205575
OP_STATS calls=2300000 ANALYZE:c=957331:ms=3348.56:avg=3497.81ns CANONICAL:c=2316179:ms=34281.9:avg=14801.1ns L1_PEEK:c=1336333:ms=314.924:avg=235.663ns L2_PEEK:c=2316179:ms=1021.35:avg=440.964ns PICK:c=0:ms=0:avg=0ns BCP:c=2826571:ms=76284.6:avg=26988.4ns L1_STORE:c=130757:ms=15.7649:avg=120.566ns L2_STORE:c=1912744:ms=346.646:avg=181.229ns
PROGRESS t=300.015 pct_log=99 pct_lin=1.31369 progress_bits=0.0190781 closed_bits=618.75 open=28 bound_log2=624.981 decisions=2854029 l2_hits=268509 scc_fires_lit=0 scc_fires_clause=0
PROGRESS t=310.015 pct_log=99.0099 pct_lin=1.37169 progress_bits=0.0199262 closed_bits=618.812 open=28 bound_log2=624.98 decisions=2935701 l2_hits=275883 scc_fires_lit=0 scc_fires_clause=0
calls=2400000 depth=30 decisions=2940659 conflicts=545217 stores=1986550 hits=276438 l1_hits=1260333
OP_STATS calls=2400000 ANALYZE:c=1000066:ms=3483.09:avg=3482.86ns CANONICAL:c=2409675:ms=35743.4:avg=14833.3ns L1_PEEK:c=1394668:ms=327.834:avg=235.063ns L2_PEEK:c=2409675:ms=1064.21:avg=441.64ns PICK:c=0:ms=0:avg=0ns BCP:c=2941910:ms=80814:avg=27469.9ns L1_STORE:c=134333:ms=16.1657:avg=120.341ns L2_STORE:c=1986550:ms=354.284:avg=178.342ns
PROGRESS t=320.015 pct_log=99.0126 pct_lin=1.38761 progress_bits=0.0201591 closed_bits=618.829 open=30 bound_log2=624.98 decisions=3009694 l2_hits=282264 scc_fires_lit=0 scc_fires_clause=0
calls=2500000 depth=29 decisions=3061666 conflicts=566558 stores=2064361 hits=287308 l1_hits=1310295
OP_STATS calls=2500000 ANALYZE:c=1040533:ms=3626.53:avg=3485.26ns CANONICAL:c=2506186:ms=37297.9:avg=14882.3ns L1_PEEK:c=1448003:ms=342.263:avg=236.369ns L2_PEEK:c=2506186:ms=1109.47:avg=442.694ns PICK:c=0:ms=0:avg=0ns BCP:c=3062917:ms=87233.9:avg=28480.7ns L1_STORE:c=137707:ms=16.5427:avg=120.129ns L2_STORE:c=2064361:ms=362.586:avg=175.641ns
PROGRESS t=330.016 pct_log=99.0243 pct_lin=1.45976 progress_bits=0.0212152 closed_bits=618.902 open=30 bound_log2=624.979 decisions=3094566 l2_hits=290462 scc_fires_lit=0 scc_fires_clause=0
calls=2600000 depth=36 decisions=3171900 conflicts=580266 stores=2133389 hits=297601 l1_hits=1361041
OP_STATS calls=2600000 ANALYZE:c=1085906:ms=3761.64:avg=3464.05ns CANONICAL:c=2595883:ms=38808.5:avg=14950ns L1_PEEK:c=1502147:ms=355.75:avg=236.827ns L2_PEEK:c=2595883:ms=1149.63:avg=442.868ns PICK:c=0:ms=0:avg=0ns BCP:c=3173151:ms=90046.5:avg=28377.6ns L1_STORE:c=141104:ms=16.9196:avg=119.909ns L2_STORE:c=2133389:ms=369.466:avg=173.183ns
PROGRESS t=340.016 pct_log=99.0402 pct_lin=1.56402 progress_bits=0.0227424 closed_bits=619.001 open=32 bound_log2=624.977 decisions=3179633 l2_hits=299175 scc_fires_lit=0 scc_fires_clause=0
PROGRESS t=350.016 pct_log=99.0406 pct_lin=1.56677 progress_bits=0.0227826 closed_bits=619.004 open=34 bound_log2=624.977 decisions=3242144 l2_hits=306320 scc_fires_lit=0 scc_fires_clause=0
calls=2700000 depth=42 decisions=3300240 conflicts=605990 stores=2219574 hits=313057 l1_hits=1409686
OP_STATS calls=2700000 ANALYZE:c=1126138:ms=3913.1:avg=3474.79ns CANONICAL:c=2702857:ms=40255.9:avg=14893.8ns L1_PEEK:c=1558305:ms=369.103:avg=236.862ns L2_PEEK:c=2702857:ms=1201.81:avg=444.644ns PICK:c=0:ms=0:avg=0ns BCP:c=3301491:ms=99002:avg=29987.1ns L1_STORE:c=148618:ms=17.6765:avg=118.939ns L2_STORE:c=2219574:ms=378.919:avg=170.717ns
PROGRESS t=360.016 pct_log=99.0417 pct_lin=1.57373 progress_bits=0.0228847 closed_bits=619.01 open=25 bound_log2=624.977 decisions=3326777 l2_hits=316425 scc_fires_lit=0 scc_fires_clause=0
PROGRESS t=370.016 pct_log=99.0445 pct_lin=1.59304 progress_bits=0.0231677 closed_bits=619.028 open=30 bound_log2=624.977 decisions=3414638 l2_hits=327382 scc_fires_lit=0 scc_fires_clause=0
calls=2800000 depth=34 decisions=3419364 conflicts=624606 stores=2299995 hits=328236 l1_hits=1463107
OP_STATS calls=2800000 ANALYZE:c=1172299:ms=4072.59:avg=3474.02ns CANONICAL:c=2805100:ms=41813.6:avg=14906.3ns L1_PEEK:c=1619746:ms=383.155:avg=236.552ns L2_PEEK:c=2805100:ms=1249.29:avg=445.365ns PICK:c=0:ms=0:avg=0ns BCP:c=3420615:ms=102771:avg=30044.5ns L1_STORE:c=156638:ms=18.4914:avg=118.052ns L2_STORE:c=2299995:ms=387.368:avg=168.421ns
PROGRESS t=380.016 pct_log=99.0478 pct_lin=1.61599 progress_bits=0.0235042 closed_bits=619.049 open=32 bound_log2=624.976 decisions=3534125 l2_hits=348389 scc_fires_lit=0 scc_fires_clause=0
calls=2900000 depth=32 decisions=3541665 conflicts=640999 stores=2381978 hits=349528 l1_hits=1512757
OP_STATS calls=2900000 ANALYZE:c=1231023:ms=4253.26:avg=3455.06ns CANONICAL:c=2914523:ms=43262.2:avg=14843.7ns L1_PEEK:c=1678630:ms=397.124:avg=236.576ns L2_PEEK:c=2914523:ms=1299.62:avg=445.913ns PICK:c=0:ms=0:avg=0ns BCP:c=3542916:ms=105509:avg=29780.2ns L1_STORE:c=165872:ms=19.3655:avg=116.75ns L2_STORE:c=2381978:ms=395.361:avg=165.98ns
PROGRESS t=390.016 pct_log=99.0513 pct_lin=1.64108 progress_bits=0.0238722 closed_bits=619.071 open=30 bound_log2=624.976 decisions=3623661 l2_hits=359358 scc_fires_lit=0 scc_fires_clause=0
calls=3000000 depth=32 decisions=3660619 conflicts=659764 stores=2463037 hits=363184 l1_hits=1567905
OP_STATS calls=3000000 ANALYZE:c=1272910:ms=4406.04:avg=3461.39ns CANONICAL:c=3015705:ms=44861.4:avg=14875.9ns L1_PEEK:c=1740778:ms=413.001:avg=237.251ns L2_PEEK:c=3015705:ms=1349.62:avg=447.531ns PICK:c=0:ms=0:avg=0ns BCP:c=3661870:ms=110104:avg=30067.6ns L1_STORE:c=172872:ms=20.1956:avg=116.824ns L2_STORE:c=2463037:ms=404.545:avg=164.246ns
PROGRESS t=400.016 pct_log=99.0529 pct_lin=1.65228 progress_bits=0.0240364 closed_bits=619.081 open=27 bound_log2=624.976 decisions=3701377 l2_hits=368263 scc_fires_lit=0 scc_fires_clause=0
PROGRESS t=410.016 pct_log=99.0598 pct_lin=1.70255 progress_bits=0.0247741 closed_bits=619.124 open=32 bound_log2=624.975 decisions=3761912 l2_hits=374453 scc_fires_lit=0 scc_fires_clause=0
calls=3100000 depth=31 decisions=3783688 conflicts=679730 stores=2548193 hits=376785 l1_hits=1624784
OP_STATS calls=3100000 ANALYZE:c=1313129:ms=4574.25:avg=3483.48ns CANONICAL:c=3119508:ms=46523.9:avg=14913.9ns L1_PEEK:c=1803107:ms=430.374:avg=238.685ns L2_PEEK:c=3119508:ms=1401.49:avg=449.267ns PICK:c=0:ms=0:avg=0ns BCP:c=3784939:ms=118376:avg=31275.6ns L1_STORE:c=178322:ms=21.0538:avg=118.066ns L2_STORE:c=2548193:ms=416.418:avg=163.417ns
PROGRESS t=420.016 pct_log=99.063 pct_lin=1.72618 progress_bits=0.0251209 closed_bits=619.144 open=29 bound_log2=624.975 decisions=3852013 l2_hits=386051 scc_fires_lit=0 scc_fires_clause=0
calls=3200000 depth=29 decisions=3895460 conflicts=692137 stores=2622293 hits=389472 l1_hits=1686236
OP_STATS calls=3200000 ANALYZE:c=1368355:ms=4746.74:avg=3468.94ns CANONICAL:c=3214949:ms=48060.1:avg=14948.9ns L1_PEEK:c=1869226:ms=447.749:avg=239.537ns L2_PEEK:c=3214949:ms=1446.72:avg=449.997ns PICK:c=0:ms=0:avg=0ns BCP:c=3896711:ms=121372:avg=31147.3ns L1_STORE:c=182989:ms=21.6014:avg=118.048ns L2_STORE:c=2622293:ms=425.039:avg=162.087ns
PROGRESS t=430.017 pct_log=99.0652 pct_lin=1.74262 progress_bits=0.0253623 closed_bits=619.157 open=32 bound_log2=624.975 decisions=3929154 l2_hits=391991 scc_fires_lit=0 scc_fires_clause=0
calls=3300000 depth=37 decisions=4012954 conflicts=708336 stores=2699904 hits=402670 l1_hits=1744587
OP_STATS calls=3300000 ANALYZE:c=1412307:ms=4912.47:avg=3478.33ns CANONICAL:c=3313408:ms=49830.3:avg=15039ns L1_PEEK:c=1931836:ms=465.021:avg=240.715ns L2_PEEK:c=3313408:ms=1493.83:avg=450.843ns PICK:c=0:ms=0:avg=0ns BCP:c=4014205:ms=126247:avg=31450.1ns L1_STORE:c=187248:ms=22.1671:avg=118.384ns L2_STORE:c=2699904:ms=434.624:avg=160.978ns
PROGRESS t=440.017 pct_log=99.0802 pct_lin=1.86004 progress_bits=0.0270875 closed_bits=619.251 open=48 bound_log2=624.973 decisions=4020975 l2_hits=404886 scc_fires_lit=0 scc_fires_clause=0
PROGRESS t=450.017 pct_log=99.0863 pct_lin=1.9099 progress_bits=0.0278205 closed_bits=619.29 open=28 bound_log2=624.972 decisions=4119777 l2_hits=422191 scc_fires_lit=0 scc_fires_clause=0
calls=3400000 depth=26 decisions=4135672 conflicts=722709 stores=2781595 hits=423247 l1_hits=1798834
OP_STATS calls=3400000 ANALYZE:c=1460559:ms=5080.67:avg=3478.58ns CANONICAL:c=3421816:ms=51618.8:avg=15085.2ns L1_PEEK:c=1992164:ms=481.756:avg=241.826ns L2_PEEK:c=3421816:ms=1548.8:avg=452.625ns PICK:c=0:ms=0:avg=0ns BCP:c=4136923:ms=128824:avg=31140ns L1_STORE:c=193329:ms=22.8736:avg=118.315ns L2_STORE:c=2781595:ms=444.053:avg=159.64ns
PROGRESS t=460.017 pct_log=99.0963 pct_lin=1.99417 progress_bits=0.0290606 closed_bits=619.352 open=31 bound_log2=624.971 decisions=4210492 l2_hits=432354 scc_fires_lit=0 scc_fires_clause=0
calls=3500000 depth=29 decisions=4248699 conflicts=738123 stores=2849627 hits=435287 l1_hits=1850175
OP_STATS calls=3500000 ANALYZE:c=1508716:ms=5235.71:avg=3470.31ns CANONICAL:c=3512727:ms=53187:avg=15141.2ns L1_PEEK:c=2047096:ms=496.076:avg=242.331ns L2_PEEK:c=3512727:ms=1591.15:avg=452.968ns PICK:c=0:ms=0:avg=0ns BCP:c=4249950:ms=132346:avg=31140.7ns L1_STORE:c=196920:ms=23.3284:avg=118.466ns L2_STORE:c=2849627:ms=452.171:avg=158.677ns
PROGRESS t=470.017 pct_log=99.1056 pct_lin=2.07613 progress_bits=0.0302675 closed_bits=619.41 open=28 bound_log2=624.97 decisions=4316094 l2_hits=443325 scc_fires_lit=0 scc_fires_clause=0
calls=3600000 depth=33 decisions=4359131 conflicts=751359 stores=2919052 hits=448409 l1_hits=1901851
OP_STATS calls=3600000 ANALYZE:c=1559686:ms=5380.14:avg=3449.51ns CANONICAL:c=3605481:ms=54575.4:avg=15136.8ns L1_PEEK:c=2104493:ms=510.957:avg=242.793ns L2_PEEK:c=3605481:ms=1635.78:avg=453.692ns PICK:c=0:ms=0:avg=0ns BCP:c=4360382:ms=134038:avg=30739.9ns L1_STORE:c=202641:ms=23.91:avg=117.992ns L2_STORE:c=2919052:ms=459.428:avg=157.39ns
PROGRESS t=480.017 pct_log=99.1109 pct_lin=2.12383 progress_bits=0.0309705 closed_bits=619.443 open=20 bound_log2=624.969 decisions=4418424 l2_hits=453780 scc_fires_lit=0 scc_fires_clause=0
calls=3700000 depth=31 decisions=4472550 conflicts=766072 stores=2989576 hits=460509 l1_hits=1955264
OP_STATS calls=3700000 ANALYZE:c=1605146:ms=5525.52:avg=3442.38ns CANONICAL:c=3697963:ms=56177.8:avg=15191.6ns L1_PEEK:c=2161442:ms=525.992:avg=243.352ns L2_PEEK:c=3697963:ms=1681.84:avg=454.803ns PICK:c=0:ms=0:avg=0ns BCP:c=4473801:ms=136171:avg=30437.5ns L1_STORE:c=206177:ms=30.5772:avg=148.306ns L2_STORE:c=2989576:ms=467.157:avg=156.262ns
PROGRESS t=490.017 pct_log=99.1174 pct_lin=2.18461 progress_bits=0.0318666 closed_bits=619.484 open=35 bound_log2=624.968 decisions=4533305 l2_hits=474799 scc_fires_lit=0 scc_fires_clause=0
calls=3800000 depth=33 decisions=4592289 conflicts=780407 stores=3065161 hits=480643 l1_hits=2002192
OP_STATS calls=3800000 ANALYZE:c=1660619:ms=5693.25:avg=3428.39ns CANONICAL:c=3802143:ms=57649.7:avg=15162.4ns L1_PEEK:c=2214638:ms=538.858:avg=243.317ns L2_PEEK:c=3802143:ms=1732.8:avg=455.743ns PICK:c=0:ms=0:avg=0ns BCP:c=4593540:ms=140838:avg=30660.1ns L1_STORE:c=212445:ms=31.2071:avg=146.895ns L2_STORE:c=3065161:ms=475.43:avg=155.108ns
PROGRESS t=500.017 pct_log=99.1248 pct_lin=2.25596 progress_bits=0.0329193 closed_bits=619.53 open=29 bound_log2=624.967 decisions=4610615 l2_hits=482345 scc_fires_lit=0 scc_fires_clause=0
calls=3900000 depth=31 decisions=4698054 conflicts=793059 stores=3128169 hits=489134 l1_hits=2054686
OP_STATS calls=3900000 ANALYZE:c=1708492:ms=5825.92:avg=3409.98ns CANONICAL:c=3886231:ms=59024.2:avg=15188ns L1_PEEK:c=2269921:ms=552.197:avg=243.267ns L2_PEEK:c=3886231:ms=1773.95:avg=456.47ns PICK:c=0:ms=0:avg=0ns BCP:c=4699305:ms=143554:avg=30547.9ns L1_STORE:c=215234:ms=31.5265:avg=146.475ns L2_STORE:c=3128169:ms=482.274:avg=154.171ns
PROGRESS t=510.017 pct_log=99.1274 pct_lin=2.28189 progress_bits=0.0333022 closed_bits=619.546 open=29 bound_log2=624.967 decisions=4706136 l2_hits=489850 scc_fires_lit=0 scc_fires_clause=0
PROGRESS t=520.017 pct_log=99.1317 pct_lin=2.32474 progress_bits=0.0339349 closed_bits=619.573 open=30 bound_log2=624.966 decisions=4798916 l2_hits=498650 scc_fires_lit=0 scc_fires_clause=0
calls=4000000 depth=26 decisions=4808000 conflicts=806409 stores=3195608 hits=499787 l1_hits=2108142
OP_STATS calls=4000000 ANALYZE:c=1753881:ms=5961.96:avg=3399.3ns CANONICAL:c=3975241:ms=60582.5:avg=15239.9ns L1_PEEK:c=2326511:ms=565.629:avg=243.123ns L2_PEEK:c=3975241:ms=1812.27:avg=455.889ns PICK:c=0:ms=0:avg=0ns BCP:c=4809251:ms=146083:avg=30375.4ns L1_STORE:c=218368:ms=31.8702:avg=145.947ns L2_STORE:c=3195608:ms=489.332:avg=153.127ns
PROGRESS t=530.018 pct_log=99.1339 pct_lin=2.34699 progress_bits=0.0342636 closed_bits=619.587 open=37 bound_log2=624.966 decisions=4874398 l2_hits=504876 scc_fires_lit=0 scc_fires_clause=0
calls=4100000 depth=30 decisions=4928863 conflicts=827901 stores=3274457 hits=513339 l1_hits=2156981
OP_STATS calls=4100000 ANALYZE:c=1794977:ms=6115.86:avg=3407.21ns CANONICAL:c=4075083:ms=62190.1:avg=15261.1ns L1_PEEK:c=2382094:ms=581.086:avg=243.939ns L2_PEEK:c=4075083:ms=1866.62:avg=458.056ns PICK:c=0:ms=0:avg=0ns BCP:c=4930114:ms=152054:avg=30841.8ns L1_STORE:c=225112:ms=32.6044:avg=144.836ns L2_STORE:c=3274457:ms=498.898:avg=152.361ns
PROGRESS t=540.164 pct_log=99.1354 pct_lin=2.36231 progress_bits=0.0344899 closed_bits=619.596 open=30 bound_log2=624.966 decisions=4959744 l2_hits=518441 scc_fires_lit=0 scc_fires_clause=0
PROGRESS t=550.165 pct_log=99.139 pct_lin=2.39939 progress_bits=0.035038 closed_bits=619.619 open=36 bound_log2=624.965 decisions=5029891 l2_hits=524033 scc_fires_lit=0 scc_fires_clause=0
calls=4200000 depth=34 decisions=5046891 conflicts=848453 stores=3352186 hits=525529 l1_hits=2203793
OP_STATS calls=4200000 ANALYZE:c=1836308:ms=6275.84:avg=3417.64ns CANONICAL:c=4172753:ms=63790.2:avg=15287.3ns L1_PEEK:c=2435871:ms=598.695:avg=245.783ns L2_PEEK:c=4172753:ms=1921.77:avg=460.551ns PICK:c=0:ms=0:avg=0ns BCP:c=5048142:ms=157722:avg=31243.6ns L1_STORE:c=232077:ms=33.4847:avg=144.283ns L2_STORE:c=3352186:ms=713.378:avg=212.81ns
PROGRESS t=560.165 pct_log=99.1404 pct_lin=2.41381 progress_bits=0.0352511 closed_bits=619.627 open=34 bound_log2=624.965 decisions=5109165 l2_hits=532433 scc_fires_lit=0 scc_fires_clause=0
calls=4300000 depth=27 decisions=5163272 conflicts=864554 stores=3429362 hits=537009 l1_hits=2258652
OP_STATS calls=4300000 ANALYZE:c=1879594:ms=6429.92:avg=3420.91ns CANONICAL:c=4269234:ms=65502.3:avg=15342.9ns L1_PEEK:c=2494094:ms=616.004:avg=246.985ns L2_PEEK:c=4269234:ms=1967.59:avg=460.876ns PICK:c=0:ms=0:avg=0ns BCP:c=5164523:ms=162452:avg=31455.4ns L1_STORE:c=235441:ms=33.9483:avg=144.19ns L2_STORE:c=3429362:ms=722.725:avg=210.746ns
PROGRESS t=570.165 pct_log=99.1426 pct_lin=2.43702 progress_bits=0.0355943 closed_bits=619.641 open=29 bound_log2=624.964 decisions=5191332 l2_hits=539798 scc_fires_lit=0 scc_fires_clause=0
PROGRESS t=580.166 pct_log=99.145 pct_lin=2.46299 progress_bits=0.0359784 closed_bits=619.657 open=25 bound_log2=624.964 decisions=5275377 l2_hits=550996 scc_fires_lit=0 scc_fires_clause=0
calls=4400000 depth=24 decisions=5281863 conflicts=882272 stores=3505471 hits=551935 l1_hits=2305416
OP_STATS calls=4400000 ANALYZE:c=1920445:ms=6583.91:avg=3428.33ns CANONICAL:c=4368268:ms=67338:avg=15415.3ns L1_PEEK:c=2546906:ms=631.805:avg=248.068ns L2_PEEK:c=4368268:ms=2011.16:avg=460.402ns PICK:c=0:ms=0:avg=0ns BCP:c=5283114:ms=166032:avg=31427ns L1_STORE:c=241489:ms=34.6127:avg=143.331ns L2_STORE:c=3505471:ms=731.199:avg=208.588ns
PROGRESS t=590.166 pct_log=99.1491 pct_lin=2.50693 progress_bits=0.0366285 closed_bits=619.682 open=27 bound_log2=624.963 decisions=5344987 l2_hits=560063 scc_fires_lit=0 scc_fires_clause=0
calls=4500000 depth=45 decisions=5404189 conflicts=900049 stores=3581952 hits=568870 l1_hits=2352248
OP_STATS calls=4500000 ANALYZE:c=1960670:ms=6731.38:avg=3433.2ns CANONICAL:c=4469757:ms=69209.2:avg=15483.9ns L1_PEEK:c=2598066:ms=646.716:avg=248.922ns L2_PEEK:c=4469757:ms=2054.48:avg=459.641ns PICK:c=0:ms=0:avg=0ns BCP:c=5405440:ms=171961:avg=31812.5ns L1_STORE:c=245816:ms=35.1365:avg=142.938ns L2_STORE:c=3581952:ms=739.616:avg=206.484ns
PROGRESS t=600.166 pct_log=99.1591 pct_lin=2.61744 progress_bits=0.0382647 closed_bits=619.744 open=28 bound_log2=624.962 decisions=5432323 l2_hits=571424 scc_fires_lit=0 scc_fires_clause=0
PROGRESS t=610.166 pct_log=99.1611 pct_lin=2.64077 progress_bits=0.0386103 closed_bits=619.757 open=22 bound_log2=624.961 decisions=5502529 l2_hits=577235 scc_fires_lit=0 scc_fires_clause=0
calls=4600000 depth=40 decisions=5516757 conflicts=918515 stores=3650963 hits=578006 l1_hits=2396783
OP_STATS calls=4600000 ANALYZE:c=2005540:ms=6877.09:avg=3429.04ns CANONICAL:c=4558550:ms=70619.1:avg=15491.6ns L1_PEEK:c=2646986:ms=661.568:avg=249.932ns L2_PEEK:c=4558550:ms=2094.52:avg=459.471ns PICK:c=0:ms=0:avg=0ns BCP:c=5518008:ms=178141:avg=32283.6ns L1_STORE:c=250201:ms=35.6896:avg=142.644ns L2_STORE:c=3650963:ms=747.571:avg=204.76ns
PROGRESS t=620.166 pct_log=99.1629 pct_lin=2.6615 progress_bits=0.0389176 closed_bits=619.768 open=28 bound_log2=624.961 decisions=5585642 l2_hits=585424 scc_fires_lit=0 scc_fires_clause=0
calls=4700000 depth=35 decisions=5630769 conflicts=934618 stores=3720600 hits=589239 l1_hits=2443072
OP_STATS calls=4700000 ANALYZE:c=2049407:ms=7015.03:avg=3422.96ns CANONICAL:c=4649741:ms=72203.6:avg=15528.5ns L1_PEEK:c=2696272:ms=675.601:avg=250.569ns L2_PEEK:c=4649741:ms=2135.51:avg=459.276ns PICK:c=0:ms=0:avg=0ns BCP:c=5632020:ms=183205:avg=32529.1ns L1_STORE:c=253198:ms=36.0484:avg=142.372ns L2_STORE:c=3720600:ms=755.004:avg=202.925ns
PROGRESS t=630.166 pct_log=99.1648 pct_lin=2.68249 progress_bits=0.0392287 closed_bits=619.78 open=28 bound_log2=624.961 decisions=5664253 l2_hits=592346 scc_fires_lit=0 scc_fires_clause=0
calls=4800000 depth=34 decisions=5740383 conflicts=949300 stores=3788205 hits=598128 l1_hits=2490945
OP_STATS calls=4800000 ANALYZE:c=2094885:ms=7155.75:avg=3415.82ns CANONICAL:c=4737100:ms=73723.3:avg=15563ns L1_PEEK:c=2747233:ms=690.466:avg=251.331ns L2_PEEK:c=4737100:ms=2174.43:avg=459.022ns PICK:c=0:ms=0:avg=0ns BCP:c=5741634:ms=187283:avg=32618.3ns L1_STORE:c=256287:ms=36.4305:avg=142.147ns L2_STORE:c=3788205:ms=762.314:avg=201.234ns
PROGRESS t=640.166 pct_log=99.1664 pct_lin=2.70179 progress_bits=0.0395148 closed_bits=619.79 open=31 bound_log2=624.96 decisions=5745547 l2_hits=598345 scc_fires_lit=0 scc_fires_clause=0
PROGRESS t=650.167 pct_log=99.1677 pct_lin=2.71641 progress_bits=0.0397316 closed_bits=619.798 open=29 bound_log2=624.96 decisions=5822152 l2_hits=606442 scc_fires_lit=0 scc_fires_clause=0
calls=4900000 depth=29 decisions=5853583 conflicts=965297 stores=3856778 hits=609911 l1_hits=2537434
OP_STATS calls=4900000 ANALYZE:c=2138528:ms=7290.17:avg=3408.96ns CANONICAL:c=4828417:ms=75305.5:avg=15596.3ns L1_PEEK:c=2797335:ms=704.315:avg=251.781ns L2_PEEK:c=4828417:ms=2215.75:avg=458.898ns PICK:c=0:ms=0:avg=0ns BCP:c=5854834:ms=191605:avg=32726ns L1_STORE:c=259900:ms=36.8572:avg=141.813ns L2_STORE:c=3856778:ms=769.708:avg=199.573ns
PROGRESS t=660.167 pct_log=99.1707 pct_lin=2.75195 progress_bits=0.0402587 closed_bits=619.817 open=29 bound_log2=624.96 decisions=5913237 l2_hits=615948 scc_fires_lit=0 scc_fires_clause=0
calls=5000000 depth=38 decisions=5964703 conflicts=979142 stores=3926652 hits=619756 l1_hits=2590179
OP_STATS calls=5000000 ANALYZE:c=2183350:ms=7437.91:avg=3406.65ns CANONICAL:c=4918184:ms=76981.9:avg=15652.5ns L1_PEEK:c=2852610:ms=720.306:avg=252.508ns L2_PEEK:c=4918184:ms=2257.84:avg=459.08ns PICK:c=0:ms=0:avg=0ns BCP:c=5965954:ms=195401:avg=32752.7ns L1_STORE:c=262429:ms=37.1819:avg=141.684ns L2_STORE:c=3926652:ms=777.54:avg=198.016ns
PROGRESS t=670.167 pct_log=99.1723 pct_lin=2.7718 progress_bits=0.0405533 closed_bits=619.827 open=26 bound_log2=624.959 decisions=5993361 l2_hits=622411 scc_fires_lit=0 scc_fires_clause=0
PROGRESS t=680.167 pct_log=99.1768 pct_lin=2.82637 progress_bits=0.0413632 closed_bits=619.855 open=33 bound_log2=624.959 decisions=6076103 l2_hits=631516 scc_fires_lit=0 scc_fires_clause=0
calls=5100000 depth=30 decisions=6081461 conflicts=993947 stores=4003339 hits=632531 l1_hits=2645753
OP_STATS calls=5100000 ANALYZE:c=2226552:ms=7605.25:avg=3415.71ns CANONICAL:c=5015448:ms=78945:avg=15740.4ns L1_PEEK:c=2911194:ms=739.004:avg=253.849ns L2_PEEK:c=5015448:ms=2304.97:avg=459.573ns PICK:c=0:ms=0:avg=0ns BCP:c=6082712:ms=198864:avg=32693.3ns L1_STORE:c=265439:ms=37.5737:avg=141.553ns L2_STORE:c=4003339:ms=786.83:avg=196.543ns
PROGRESS t=690.167 pct_log=99.1799 pct_lin=2.86484 progress_bits=0.0419344 closed_bits=619.875 open=30 bound_log2=624.958 decisions=6167030 l2_hits=640202 scc_fires_lit=0 scc_fires_clause=0
calls=5200000 depth=33 decisions=6187292 conflicts=1005717 stores=4066190 hits=642331 l1_hits=2691906
OP_STATS calls=5200000 ANALYZE:c=2274437:ms=7752.52:avg=3408.54ns CANONICAL:c=5100484:ms=80463.8:avg=15775.7ns L1_PEEK:c=2960703:ms=754.736:avg=254.918ns L2_PEEK:c=5100484:ms=2343.57:avg=459.479ns PICK:c=0:ms=0:avg=0ns BCP:c=6188543:ms=201804:avg=32609.3ns L1_STORE:c=268796:ms=38.062:avg=141.602ns L2_STORE:c=4066190:ms=794.664:avg=195.432ns
PROGRESS t=700.167 pct_log=99.186 pct_lin=2.94152 progress_bits=0.0430738 closed_bits=619.913 open=31 bound_log2=624.957 decisions=6254543 l2_hits=649802 scc_fires_lit=0 scc_fires_clause=0
calls=5300000 depth=31 decisions=6299628 conflicts=1019072 stores=4137046 hits=654699 l1_hits=2743198
OP_STATS calls=5300000 ANALYZE:c=2320830:ms=7923.96:avg=3414.28ns CANONICAL:c=5193445:ms=82247.4:avg=15836.8ns L1_PEEK:c=3015644:ms=773.728:avg=256.571ns L2_PEEK:c=5193445:ms=2386.92:avg=459.602ns PICK:c=0:ms=0:avg=0ns BCP:c=6300879:ms=205334:avg=32588.1ns L1_STORE:c=272445:ms=38.686:avg=141.996ns L2_STORE:c=4137046:ms=804.688:avg=194.508ns
PROGRESS t=710.167 pct_log=99.1889 pct_lin=2.97882 progress_bits=0.0436283 closed_bits=619.931 open=32 bound_log2=624.956 decisions=6336212 l2_hits=658369 scc_fires_lit=0 scc_fires_clause=0
calls=5400000 depth=34 decisions=6410342 conflicts=1033611 stores=4203373 hits=663915 l1_hits=2792306
OP_STATS calls=5400000 ANALYZE:c=2367317:ms=8073.21:avg=3410.28ns CANONICAL:c=5280338:ms=83931.9:avg=15895.2ns L1_PEEK:c=3066438:ms=789.169:avg=257.357ns L2_PEEK:c=5280338:ms=2427.09:avg=459.646ns PICK:c=0:ms=0:avg=0ns BCP:c=6411593:ms=209422:avg=32663ns L1_STORE:c=274131:ms=38.9423:avg=142.057ns L2_STORE:c=4203373:ms=812.312:avg=193.252ns
PROGRESS t=720.167 pct_log=99.1912 pct_lin=3.00817 progress_bits=0.0440648 closed_bits=619.945 open=27 bound_log2=624.956 decisions=6416069 l2_hits=664338 scc_fires_lit=0 scc_fires_clause=0
PROGRESS t=730.167 pct_log=99.1939 pct_lin=3.04354 progress_bits=0.0445911 closed_bits=619.962 open=30 bound_log2=624.955 decisions=6500289 l2_hits=672456 scc_fires_lit=0 scc_fires_clause=0
calls=5500000 depth=28 decisions=6520956 conflicts=1046310 stores=4275159 hits=673991 l1_hits=2846744
OP_STATS calls=5500000 ANALYZE:c=2412435:ms=8223.39:avg=3408.75ns CANONICAL:c=5371618:ms=85685:avg=15951.4ns L1_PEEK:c=3123614:ms=806.192:avg=258.096ns L2_PEEK:c=5371618:ms=2471.4:avg=460.085ns PICK:c=0:ms=0:avg=0ns BCP:c=6522207:ms=212230:avg=32539.7ns L1_STORE:c=276869:ms=39.2583:avg=141.794ns L2_STORE:c=4275159:ms=820.003:avg=191.806ns
PROGRESS t=740.167 pct_log=99.1974 pct_lin=3.08941 progress_bits=0.0452737 closed_bits=619.983 open=23 bound_log2=624.955 decisions=6588111 l2_hits=679815 scc_fires_lit=0 scc_fires_clause=0
calls=5600000 depth=32 decisions=6633159 conflicts=1060182 stores=4346469 hits=685870 l1_hits=2898650
OP_STATS calls=5600000 ANALYZE:c=2456895:ms=8370.3:avg=3406.86ns CANONICAL:c=5464384:ms=87397.9:avg=15994.1ns L1_PEEK:c=3179493:ms=822.176:avg=258.587ns L2_PEEK:c=5464384:ms=2517.09:avg=460.636ns PICK:c=0:ms=0:avg=0ns BCP:c=6634410:ms=215191:avg=32435.6ns L1_STORE:c=280842:ms=39.7054:avg=141.38ns L2_STORE:c=4346469:ms=827.481:avg=190.38ns
PROGRESS t=750.167 pct_log=99.2025 pct_lin=3.15925 progress_bits=0.0463138 closed_bits=620.016 open=29 bound_log2=624.954 decisions=6664771 l2_hits=688086 scc_fires_lit=0 scc_fires_clause=0
calls=5700000 depth=31 decisions=6741381 conflicts=1073364 stores=4413799 hits=694510 l1_hits=2956680
OP_STATS calls=5700000 ANALYZE:c=2504186:ms=8521.42:avg=3402.87ns CANONICAL:c=5551328:ms=88919.1:avg=16017.6ns L1_PEEK:c=3240148:ms=837.735:avg=258.548ns L2_PEEK:c=5551328:ms=2557.76:avg=460.747ns PICK:c=0:ms=0:avg=0ns BCP:c=6742632:ms=219740:avg=32589.7ns L1_STORE:c=283467:ms=40.042:avg=141.258ns L2_STORE:c=4413799:ms=835.087:avg=189.199ns
PROGRESS t=760.168 pct_log=99.2062 pct_lin=3.21034 progress_bits=0.0470751 closed_bits=620.039 open=30 bound_log2=624.953 decisions=6756904 l2_hits=696015 scc_fires_lit=0 scc_fires_clause=0
PROGRESS t=770.168 pct_log=99.2091 pct_lin=3.25027 progress_bits=0.0476705 closed_bits=620.057 open=33 bound_log2=624.952 decisions=6840502 l2_hits=702417 scc_fires_lit=0 scc_fires_clause=0
calls=5800000 depth=31 decisions=6848024 conflicts=1086886 stores=4480888 hits=702608 l1_hits=3009301
OP_STATS calls=5800000 ANALYZE:c=2551851:ms=8681.01:avg=3401.85ns CANONICAL:c=5637634:ms=90423.9:avg=16039.3ns L1_PEEK:c=3296627:ms=854.879:avg=259.319ns L2_PEEK:c=5637634:ms=2596.85:avg=460.627ns PICK:c=0:ms=0:avg=0ns BCP:c=6849275:ms=223616:avg=32648.1ns L1_STORE:c=287325:ms=40.5596:avg=141.163ns L2_STORE:c=4480888:ms=843.366:avg=188.214ns
PROGRESS t=780.168 pct_log=99.2116 pct_lin=3.28665 progress_bits=0.0482131 closed_bits=620.073 open=28 bound_log2=624.952 decisions=6928032 l2_hits=708055 scc_fires_lit=0 scc_fires_clause=0
calls=5900000 depth=28 decisions=6953138 conflicts=1097483 stores=4544174 hits=710779 l1_hits=3060739
OP_STATS calls=5900000 ANALYZE:c=2599593:ms=8822.56:avg=3393.82ns CANONICAL:c=5721374:ms=91982.5:avg=16077ns L1_PEEK:c=3349430:ms=870.306:avg=259.837ns L2_PEEK:c=5721374:ms=2634.64:avg=460.492ns PICK:c=0:ms=0:avg=0ns BCP:c=6954389:ms=226846:avg=32619.2ns L1_STORE:c=288690:ms=40.7398:avg=141.119ns L2_STORE:c=4544174:ms=850.183:avg=187.093ns
PROGRESS t=790.168 pct_log=99.2151 pct_lin=3.33574 progress_bits=0.0489455 closed_bits=620.094 open=31 bound_log2=624.951 decisions=7010578 l2_hits=716160 scc_fires_lit=0 scc_fires_clause=0
calls=6000000 depth=34 decisions=7066596 conflicts=1113979 stores=4616202 hits=721783 l1_hits=3111932
OP_STATS calls=6000000 ANALYZE:c=2644796:ms=8972.12:avg=3392.37ns CANONICAL:c=5813935:ms=93534:avg=16087.9ns L1_PEEK:c=3405141:ms=887.088:avg=260.514ns L2_PEEK:c=5813935:ms=2678.93:avg=460.778ns PICK:c=0:ms=0:avg=0ns BCP:c=7067847:ms=231716:avg=32784.6ns L1_STORE:c=293208:ms=41.3258:avg=140.943ns L2_STORE:c=4616202:ms=858.647:avg=186.007ns
PROGRESS t=800.168 pct_log=99.2185 pct_lin=3.38642 progress_bits=0.0497022 closed_bits=620.116 open=29 bound_log2=624.95 decisions=7090492 l2_hits=722913 scc_fires_lit=0 scc_fires_clause=0
PROGRESS t=810.168 pct_log=99.2275 pct_lin=3.51993 progress_bits=0.0516971 closed_bits=620.172 open=30 bound_log2=624.948 decisions=7160428 l2_hits=727412 scc_fires_lit=0 scc_fires_clause=0
calls=6100000 depth=34 decisions=7177686 conflicts=1131101 stores=4684873 hits=728588 l1_hits=3164022
OP_STATS calls=6100000 ANALYZE:c=2689931:ms=9118.72:avg=3389.95ns CANONICAL:c=5900183:ms=95061.2:avg=16111.6ns L1_PEEK:c=3459296:ms=903.645:avg=261.222ns L2_PEEK:c=5900183:ms=2720.14:avg=461.027ns PICK:c=0:ms=0:avg=0ns BCP:c=7178937:ms=237832:avg=33129.1ns L1_STORE:c=295273:ms=41.6397:avg=141.021ns L2_STORE:c=4684873:ms=866.909:avg=185.044ns
PROGRESS t=820.168 pct_log=99.2334 pct_lin=3.61093 progress_bits=0.0530585 closed_bits=620.209 open=24 bound_log2=624.947 decisions=7249459 l2_hits=736515 scc_fires_lit=0 scc_fires_clause=0
calls=6200000 depth=32 decisions=7287971 conflicts=1144778 stores=4753708 hits=740642 l1_hits=3216152
OP_STATS calls=6200000 ANALYZE:c=2735796:ms=9273.85:avg=3389.82ns CANONICAL:c=5991513:ms=96703.6:avg=16140.1ns L1_PEEK:c=3516431:ms=920.075:avg=261.65ns L2_PEEK:c=5991513:ms=2762.16:avg=461.012ns PICK:c=0:ms=0:avg=0ns BCP:c=7289222:ms=241212:avg=33091.6ns L1_STORE:c=300278:ms=42.2244:avg=140.618ns L2_STORE:c=4753708:ms=874.595:avg=183.982ns
PROGRESS t=830.168 pct_log=99.2375 pct_lin=3.67665 progress_bits=0.0540425 closed_bits=620.235 open=28 bound_log2=624.946 decisions=7334181 l2_hits=744683 scc_fires_lit=0 scc_fires_clause=0
calls=6300000 depth=31 decisions=7393896 conflicts=1156286 stores=4817495 hits=749087 l1_hits=3267221
OP_STATS calls=6300000 ANALYZE:c=2783115:ms=9421.17:avg=3385.12ns CANONICAL:c=6075820:ms=98342.8:avg=16185.9ns L1_PEEK:c=3569452:ms=937.072:avg=262.525ns L2_PEEK:c=6075820:ms=2802.35:avg=461.229ns PICK:c=0:ms=0:avg=0ns BCP:c=7395147:ms=244042:avg=33000.3ns L1_STORE:c=302230:ms=42.4749:avg=140.538ns L2_STORE:c=4817495:ms=882.18:avg=183.12ns
PROGRESS t=840.168 pct_log=99.2457 pct_lin=3.80929 progress_bits=0.0560305 closed_bits=620.286 open=25 bound_log2=624.944 decisions=7422451 l2_hits=752403 scc_fires_lit=0 scc_fires_clause=0
PROGRESS t=850.168 pct_log=99.2516 pct_lin=3.90703 progress_bits=0.0574973 closed_bits=620.322 open=24 bound_log2=624.943 decisions=7495547 l2_hits=757874 scc_fires_lit=0 scc_fires_clause=0
calls=6400000 depth=30 decisions=7504438 conflicts=1171259 stores=4885525 hits=758931 l1_hits=3316478
OP_STATS calls=6400000 ANALYZE:c=2828679:ms=9567.81:avg=3382.43ns CANONICAL:c=6164485:ms=99933.1:avg=16211.1ns L1_PEEK:c=3622192:ms=953.11:avg=263.131ns L2_PEEK:c=6164485:ms=2844.92:avg=461.501ns PICK:c=0:ms=0:avg=0ns BCP:c=7505689:ms=248793:avg=33147.3ns L1_STORE:c=305713:ms=42.9282:avg=140.42ns L2_STORE:c=4885525:ms=890.526:avg=182.278ns
PROGRESS t=860.169 pct_log=99.2571 pct_lin=4.00203 progress_bits=0.0589242 closed_bits=620.357 open=30 bound_log2=624.941 decisions=7584254 l2_hits=767776 scc_fires_lit=0 scc_fires_clause=0
calls=6500000 depth=28 decisions=7617211 conflicts=1184863 stores=4956179 hits=772553 l1_hits=3371191
OP_STATS calls=6500000 ANALYZE:c=2873653:ms=9719.8:avg=3382.38ns CANONICAL:c=6258574:ms=101619:avg=16236.8ns L1_PEEK:c=3681543:ms=969.625:avg=263.374ns L2_PEEK:c=6258574:ms=2891.57:avg=462.018ns PICK:c=0:ms=0:avg=0ns BCP:c=7618462:ms=251949:avg=33070.9ns L1_STORE:c=310351:ms=43.4621:avg=140.042ns L2_STORE:c=4956179:ms=898.452:avg=181.279ns
PROGRESS t=870.169 pct_log=99.2638 pct_lin=4.11967 progress_bits=0.0606932 closed_bits=620.399 open=28 bound_log2=624.939 decisions=7659029 l2_hits=776102 scc_fires_lit=0 scc_fires_clause=0
calls=6600000 depth=31 decisions=7730830 conflicts=1200285 stores=5029256 hits=784215 l1_hits=3424133
OP_STATS calls=6600000 ANALYZE:c=2917464:ms=9872.08:avg=3383.79ns CANONICAL:c=6352371:ms=103245:avg=16253ns L1_PEEK:c=3738895:ms=987.51:avg=264.118ns L2_PEEK:c=6352371:ms=2938.79:avg=462.629ns PICK:c=0:ms=0:avg=0ns BCP:c=7732081:ms=257083:avg=33248.9ns L1_STORE:c=314761:ms=44.065:avg=139.995ns L2_STORE:c=5029256:ms=907.705:avg=180.485ns
PROGRESS t=880.169 pct_log=99.2753 pct_lin=4.33054 progress_bits=0.0638696 closed_bits=620.471 open=27 bound_log2=624.936 decisions=7746897 l2_hits=786115 scc_fires_lit=0 scc_fires_clause=0
PROGRESS t=890.169 pct_log=99.2848 pct_lin=4.51193 progress_bits=0.0666075 closed_bits=620.53 open=21 bound_log2=624.933 decisions=7829962 l2_hits=795734 scc_fires_lit=0 scc_fires_clause=0
calls=6700000 depth=30 decisions=7841903 conflicts=1212163 stores=5096725 hits=796833 l1_hits=3472376
OP_STATS calls=6700000 ANALYZE:c=2962908:ms=10020.4:avg=3381.94ns CANONICAL:c=6443323:ms=104992:avg=16294.7ns L1_PEEK:c=3789694:ms=1004.25:avg=264.994ns L2_PEEK:c=6443323:ms=2984.8:avg=463.239ns PICK:c=0:ms=0:avg=0ns BCP:c=7843154:ms=260676:avg=33236.2ns L1_STORE:c=317316:ms=44.4363:avg=140.038ns L2_STORE:c=5096725:ms=916.288:avg=179.78ns
PROGRESS t=900.17 pct_log=99.2929 pct_lin=4.67334 progress_bits=0.0690483 closed_bits=620.581 open=23 bound_log2=624.931 decisions=7917877 l2_hits=804628 scc_fires_lit=0 scc_fires_clause=0
calls=6800000 depth=31 decisions=7950649 conflicts=1223434 stores=5161000 hits=808660 l1_hits=3520014
OP_STATS calls=6800000 ANALYZE:c=3008954:ms=10161.2:avg=3376.99ns CANONICAL:c=6531334:ms=106657:avg=16330.1ns L1_PEEK:c=3839776:ms=1020.13:avg=265.673ns L2_PEEK:c=6531334:ms=3028.07:avg=463.621ns PICK:c=0:ms=0:avg=0ns BCP:c=7951900:ms=263668:avg=33157.8ns L1_STORE:c=319761:ms=44.7518:avg=139.954ns L2_STORE:c=5161000:ms=924.067:avg=179.048ns
PROGRESS t=910.17 pct_log=99.296 pct_lin=4.73722 progress_bits=0.0700155 closed_bits=620.6 open=29 bound_log2=624.93 decisions=8006785 l2_hits=814628 scc_fires_lit=0 scc_fires_clause=0
calls=6900000 depth=25 decisions=8060886 conflicts=1238137 stores=5231177 hits=819770 l1_hits=3569897
OP_STATS calls=6900000 ANALYZE:c=3054419:ms=10309.9:avg=3375.41ns CANONICAL:c=6622558:ms=108264:avg=16347.7ns L1_PEEK:c=3895292:ms=1036.27:avg=266.033ns L2_PEEK:c=6622558:ms=3073.12:avg=464.038ns PICK:c=0:ms=0:avg=0ns BCP:c=8062137:ms=266759:avg=33087.9ns L1_STORE:c=325394:ms=45.4595:avg=139.706ns L2_STORE:c=5231177:ms=932.595:avg=178.276ns
PROGRESS t=920.17 pct_log=99.2985 pct_lin=4.78913 progress_bits=0.0708018 closed_bits=620.616 open=30 bound_log2=624.929 decisions=8094395 l2_hits=822586 scc_fires_lit=0 scc_fires_clause=0
calls=7000000 depth=33 decisions=8166086 conflicts=1249121 stores=5292547 hits=830578 l1_hits=3616635
OP_STATS calls=7000000 ANALYZE:c=3102326:ms=10456.6:avg=3370.56ns CANONICAL:c=6707618:ms=109776:avg=16365.9ns L1_PEEK:c=3945748:ms=1052.93:avg=266.851ns L2_PEEK:c=6707618:ms=3114.3:avg=464.293ns PICK:c=0:ms=0:avg=0ns BCP:c=8167337:ms=269917:avg=33048.4ns L1_STORE:c=329112:ms=45.9965:avg=139.76ns L2_STORE:c=5292547:ms=940.731:avg=177.746ns
PROGRESS t=930.17 pct_log=99.3041 pct_lin=4.9057 progress_bits=0.0725692 closed_bits=620.651 open=30 bound_log2=624.927 decisions=8180701 l2_hits=832418 scc_fires_lit=0 scc_fires_clause=0
PROGRESS t=940.17 pct_log=99.3081 pct_lin=4.99251 progress_bits=0.0738868 closed_bits=620.676 open=23 bound_log2=624.926 decisions=8263941 l2_hits=840073 scc_fires_lit=0 scc_fires_clause=0
calls=7100000 depth=31 decisions=8277379 conflicts=1262601 stores=5367347 hits=841280 l1_hits=3676155
OP_STATS calls=7100000 ANALYZE:c=3147434:ms=10621.1:avg=3374.52ns CANONICAL:c=6801520:ms=111499:avg=16393.3ns L1_PEEK:c=4009755:ms=1073.12:avg=267.626ns L2_PEEK:c=6801520:ms=3163.69:avg=465.145ns PICK:c=0:ms=0:avg=0ns BCP:c=8278630:ms=273302:avg=33012.9ns L1_STORE:c=333599:ms=46.6581:avg=139.863ns L2_STORE:c=5367347:ms=950.476:avg=177.085ns
