[step1] mc2026_track1_199.cnf — structural analysis (what METIS produced):
    metis root cut : sep_ratio=0.024444 balance=0.492953 sepsize=2403 n_vars=93601
    nd_cost (tree) : band=high log2_cost=3877.515518 root_sep=1695 max_path=3873.0 worst_leaf=3 n_leaves=95937
    arjun signal   : substantial=False
[step2] band=high -> PHASE-2 SOLVERS SELECTED (8): ['cocoa-plain', 'cocoa-cache-max', 'cocoa-nosep-cascade', 'cocoa-sep-cascade', 'cocoa-adaptive', 'cocoa-reactive', 'cocoa-unified-sep', 'cocoa-adaptive-nosep']  (+Ganak handoff on sustained overshoot)
[step2] forecast trace -> /Users/konstantin.kutzkov/Desktop/Code/COCOA/portfolio/runlogs/forecast_mc2026_track1_199.jsonl
  [r1] cocoa-plain running (window 60s)...
    [r1~live] cocoa-plain: pct_lin=- closed_bits=- decisions=- (active 10s)
    [r1~live] cocoa-plain: pct_lin=- closed_bits=- decisions=- (active 20s)
    [r1~live] cocoa-plain: pct_lin=- closed_bits=- decisions=- (active 30s)
    [r1~live] cocoa-plain: pct_lin=0 closed_bits=0 decisions=0 (active 40s)
    [r1~live] cocoa-plain: pct_lin=2.24208e-42 closed_bits=93156 decisions=332 (active 50s)
[r1] cocoa-plain: pct_lin=2.24208e-42 closed_bits=93156 decisions=831 closed_bits=93156.0 vel=0.000 (active 60s)
  [r1] cocoa-cache-max running (window 60s)...
    [r1~live] cocoa-cache-max: pct_lin=- closed_bits=- decisions=- (active 10s)
    [r1~live] cocoa-cache-max: pct_lin=- closed_bits=- decisions=- (active 20s)
    [r1~live] cocoa-cache-max: pct_lin=- closed_bits=- decisions=- (active 30s)
    [r1~live] cocoa-cache-max: pct_lin=0 closed_bits=0 decisions=0 (active 40s)
    [r1~live] cocoa-cache-max: pct_lin=2.24208e-42 closed_bits=93156 decisions=253 (active 50s)
[r1] cocoa-cache-max: pct_lin=2.24208e-42 closed_bits=93156 decisions=551 closed_bits=93156.0 vel=0.000 (active 60s)
  [r1] cocoa-nosep-cascade running (window 60s)...
    [r1~live] cocoa-nosep-cascade: pct_lin=0 closed_bits=0 decisions=0 (active 10s)
    [r1~live] cocoa-nosep-cascade: pct_lin=50 closed_bits=93300 decisions=58 (active 20s)
    [r1~live] cocoa-nosep-cascade: pct_lin=50 closed_bits=93300 decisions=86 (active 30s)
    [r1~live] cocoa-nosep-cascade: pct_lin=50 closed_bits=93300 decisions=116 (active 40s)
    [r1~live] cocoa-nosep-cascade: pct_lin=50 closed_bits=93300 decisions=151 (active 50s)
[r1] cocoa-nosep-cascade: pct_lin=50 closed_bits=93300 decisions=186 closed_bits=93300.0 vel=0.000 (active 60s)
  [r1] cocoa-sep-cascade running (window 60s)...
    [r1~live] cocoa-sep-cascade: pct_lin=- closed_bits=- decisions=- (active 10s)
    [r1~live] cocoa-sep-cascade: pct_lin=- closed_bits=- decisions=- (active 20s)
    [r1~live] cocoa-sep-cascade: pct_lin=- closed_bits=- decisions=- (active 30s)
    [r1~live] cocoa-sep-cascade: pct_lin=0 closed_bits=0 decisions=0 (active 40s)
    [r1~live] cocoa-sep-cascade: pct_lin=50 closed_bits=93300 decisions=58 (active 50s)
[r1] cocoa-sep-cascade: pct_lin=50 closed_bits=93300 decisions=86 closed_bits=93300.0 vel=0.000 (active 60s)
  [r1] cocoa-adaptive running (window 60s)...
    [r1~live] cocoa-adaptive: pct_lin=- closed_bits=- decisions=- (active 10s)
    [r1~live] cocoa-adaptive: pct_lin=- closed_bits=- decisions=- (active 20s)
    [r1~live] cocoa-adaptive: pct_lin=- closed_bits=- decisions=- (active 30s)
    [r1~live] cocoa-adaptive: pct_lin=0 closed_bits=0 decisions=0 (active 40s)
    [r1~live] cocoa-adaptive: pct_lin=0 closed_bits=0 decisions=47 (active 50s)
[r1] cocoa-adaptive: pct_lin=0 closed_bits=0 decisions=94 closed_bits=0.0 vel=0.000 (active 60s)
  [r1] cocoa-reactive running (window 60s)...
    [r1~live] cocoa-reactive: pct_lin=- closed_bits=- decisions=- (active 10s)
    [r1~live] cocoa-reactive: pct_lin=- closed_bits=- decisions=- (active 20s)
    [r1~live] cocoa-reactive: pct_lin=- closed_bits=- decisions=- (active 30s)
    [r1~live] cocoa-reactive: pct_lin=0 closed_bits=0 decisions=0 (active 40s)
    [r1~live] cocoa-reactive: pct_lin=2.24208e-42 closed_bits=93156 decisions=207 (active 50s)
[r1] cocoa-reactive: pct_lin=2.24208e-42 closed_bits=93156 decisions=276 closed_bits=93156.0 vel=0.000 (active 60s)
  [r1] cocoa-unified-sep running (window 60s)...
    [r1~live] cocoa-unified-sep: pct_lin=- closed_bits=- decisions=- (active 10s)
    [r1~live] cocoa-unified-sep: pct_lin=- closed_bits=- decisions=- (active 20s)
    [r1~live] cocoa-unified-sep: pct_lin=- closed_bits=- decisions=- (active 30s)
    [r1~live] cocoa-unified-sep: pct_lin=0 closed_bits=0 decisions=0 (active 40s)
    [r1~live] cocoa-unified-sep: pct_lin=2.24208e-42 closed_bits=93156 decisions=298 (active 50s)
[r1] cocoa-unified-sep: pct_lin=2.24208e-42 closed_bits=93156 decisions=725 closed_bits=93156.0 vel=0.000 (active 60s)
  [r1] cocoa-adaptive-nosep running (window 60s)...
    [r1~live] cocoa-adaptive-nosep: pct_lin=0 closed_bits=0 decisions=0 (active 10s)
    [r1~live] cocoa-adaptive-nosep: pct_lin=0 closed_bits=0 decisions=47 (active 20s)
    [r1~live] cocoa-adaptive-nosep: pct_lin=0 closed_bits=0 decisions=95 (active 30s)
    [r1~live] cocoa-adaptive-nosep: pct_lin=0 closed_bits=0 decisions=142 (active 40s)
    [r1~live] cocoa-adaptive-nosep: pct_lin=0 closed_bits=0 decisions=189 (active 50s)
[r1] cocoa-adaptive-nosep: pct_lin=0 closed_bits=0 decisions=238 closed_bits=0.0 vel=0.000 (active 60s)
    [mem~after-r1] total RSS 6.2 GB across 8 live: cocoa-plain=1.1G, cocoa-cache-max=0.9G, cocoa-nosep-cascade=0.4G, cocoa-sep-cascade=0.6G, cocoa-adaptive=0.6G, cocoa-reactive=1.3G, cocoa-unified-sep=1.0G, cocoa-adaptive-nosep=0.5G
[select] keep 4/8 by closed_bits LEVEL -> ['cocoa-nosep-cascade', 'cocoa-sep-cascade', 'cocoa-plain', 'cocoa-cache-max']
  [r2] cocoa-nosep-cascade resumed (window 60s)...
    [r2~live] cocoa-nosep-cascade: pct_lin=50 closed_bits=93300 decisions=188 (active 70s)
    [r2~live] cocoa-nosep-cascade: pct_lin=50 closed_bits=93300 decisions=219 (active 80s)
    [r2~live] cocoa-nosep-cascade: pct_lin=50 closed_bits=93300 decisions=251 (active 90s)
    [r2~live] cocoa-nosep-cascade: pct_lin=50 closed_bits=93300 decisions=280 (active 100s)
    [r2~live] cocoa-nosep-cascade: pct_lin=50 closed_bits=93300 decisions=309 (active 110s)
[r2] cocoa-nosep-cascade: pct_lin=50 closed_bits=93300 decisions=341 closed_bits=93300.0 (active 120s)
  [r2] cocoa-sep-cascade resumed (window 60s)...
    [r2~live] cocoa-sep-cascade: pct_lin=50 closed_bits=93300 decisions=98 (active 70s)
    [r2~live] cocoa-sep-cascade: pct_lin=50 closed_bits=93300 decisions=131 (active 80s)
    [r2~live] cocoa-sep-cascade: pct_lin=50 closed_bits=93300 decisions=162 (active 90s)
    [r2~live] cocoa-sep-cascade: pct_lin=50 closed_bits=93300 decisions=196 (active 100s)
    [r2~live] cocoa-sep-cascade: pct_lin=50 closed_bits=93300 decisions=231 (active 110s)
[r2] cocoa-sep-cascade: pct_lin=50 closed_bits=93300 decisions=258 closed_bits=93300.0 (active 120s)
  [r2] cocoa-plain resumed (window 60s)...
    [r2~live] cocoa-plain: pct_lin=2.24208e-42 closed_bits=93156 decisions=1946 (active 70s)
    [r2~live] cocoa-plain: pct_lin=2.24208e-42 closed_bits=93156 decisions=3738 (active 80s)
    [r2~live] cocoa-plain: pct_lin=2.24208e-42 closed_bits=93156 decisions=4984 (active 90s)
    [r2~live] cocoa-plain: pct_lin=2.24208e-42 closed_bits=93156 decisions=5927 (active 100s)
    [r2~live] cocoa-plain: pct_lin=2.24208e-42 closed_bits=93156 decisions=6541 (active 110s)
[r2] cocoa-plain: pct_lin=2.24208e-42 closed_bits=93156 decisions=6541 closed_bits=93156.0 (active 120s)
  [r2] cocoa-cache-max resumed (window 60s)...
    [r2~live] cocoa-cache-max: pct_lin=2.24208e-42 closed_bits=93156 decisions=1125 (active 70s)
    [r2~live] cocoa-cache-max: pct_lin=2.24208e-42 closed_bits=93156 decisions=1402 (active 80s)
    [r2~live] cocoa-cache-max: pct_lin=2.24208e-42 closed_bits=93156 decisions=2742 (active 90s)
    [r2~live] cocoa-cache-max: pct_lin=2.24208e-42 closed_bits=93156 decisions=3957 (active 100s)
    [r2~live] cocoa-cache-max: pct_lin=2.24208e-42 closed_bits=93156 decisions=4831 (active 110s)
[r2] cocoa-cache-max: pct_lin=2.24208e-42 closed_bits=93156 decisions=4831 closed_bits=93156.0 (active 120s)
    [mem~after-r2] total RSS 3.6 GB across 4 live: cocoa-plain=1.3G, cocoa-cache-max=1.4G, cocoa-nosep-cascade=0.4G, cocoa-sep-cascade=0.6G
[select] keep 2/4 by hedge {top-cb==min-eta, +2nd-eta} -> ['cocoa-nosep-cascade', 'cocoa-sep-cascade']
  [r3] cocoa-nosep-cascade resumed (window 60s)...
    [r3~live] cocoa-nosep-cascade: pct_lin=50 closed_bits=93300 decisions=368 (active 130s)
    [r3~live] cocoa-nosep-cascade: pct_lin=50 closed_bits=93300 decisions=399 (active 140s)
    [r3~live] cocoa-nosep-cascade: pct_lin=50 closed_bits=93300 decisions=433 (active 150s)
    [r3~live] cocoa-nosep-cascade: pct_lin=50 closed_bits=93300 decisions=467 (active 160s)
    [r3~live] cocoa-nosep-cascade: pct_lin=50 closed_bits=93300 decisions=503 (active 170s)
[r3] cocoa-nosep-cascade: pct_lin=50 closed_bits=93300 decisions=536 closed_bits=93300.0 (active 180s)
  [r3] cocoa-sep-cascade resumed (window 60s)...
    [r3~live] cocoa-sep-cascade: pct_lin=50 closed_bits=93300 decisions=283 (active 130s)
    [r3~live] cocoa-sep-cascade: pct_lin=50 closed_bits=93300 decisions=314 (active 140s)
    [r3~live] cocoa-sep-cascade: pct_lin=50 closed_bits=93300 decisions=345 (active 150s)
    [r3~live] cocoa-sep-cascade: pct_lin=50 closed_bits=93300 decisions=375 (active 160s)
    [r3~live] cocoa-sep-cascade: pct_lin=50 closed_bits=93300 decisions=408 (active 171s)
[r3] cocoa-sep-cascade: pct_lin=50 closed_bits=93300 decisions=441 closed_bits=93300.0 (active 180s)
    [mem~after-r3] total RSS 1.0 GB across 2 live: cocoa-nosep-cascade=0.4G, cocoa-sep-cascade=0.6G
[select] keep 1/2 by banded near-tie |dcb|<1.5b -> min ETA -> cocoa-nosep-cascade
[leader] cocoa-nosep-cascade
  [monitor] cocoa-nosep-cascade resumed to completion (2759s left)...
    [mem~monitor] total RSS 0.4 GB across 1 live: cocoa-nosep-cascade=0.4G
    [monitor~live] cocoa-nosep-cascade: pct_lin=50 closed_bits=93300 decisions=726 (active 240s)
    [monitor~live] cocoa-nosep-cascade: pct_lin=50 closed_bits=93300 decisions=971 (active 300s)
[handoff] monitor: 10 consecutive 'bail' verdicts from the escape-history tree (leader walled)
  -> killing COCOA (free RAM), switching to battle-tested ganak-native.
  [ganak] ganak-native to completion (2639s left, 26 GB)...
    [ganak~live] ganak-native: cache_K=- cubes=- confl/s=- (active 60s)
    [ganak~live] ganak-native: cache_K=- cubes=- confl/s=- (active 120s)
    [ganak~live] ganak-native: cache_K=- cubes=- confl/s=- (active 180s)
    [ganak~live] ganak-native: cache_K=- cubes=- confl/s=- (active 240s)
    [ganak~live] ganak-native: cache_K=- cubes=- confl/s=- (active 300s)
    [ganak~live] ganak-native: cache_K=- cubes=- confl/s=- (active 360s)
    [ganak~live] ganak-native: cache_K=- cubes=- confl/s=- (active 420s)
    [ganak~live] ganak-native: cache_K=- cubes=- confl/s=- (active 480s)
    [ganak~live] ganak-native: cache_K=- cubes=- confl/s=- (active 541s)
    [ganak~live] ganak-native: cache_K=- cubes=- confl/s=- (active 601s)
    [ganak~live] ganak-native: cache_K=- cubes=- confl/s=- (active 661s)
    [ganak~live] ganak-native: cache_K=- cubes=- confl/s=- (active 721s)
    [ganak~live] ganak-native: cache_K=- cubes=- confl/s=- (active 781s)
    [ganak~live] ganak-native: cache_K=- cubes=- confl/s=- (active 841s)
    [ganak~live] ganak-native: cache_K=- cubes=- confl/s=- (active 901s)
    [ganak~live] ganak-native: cache_K=- cubes=- confl/s=- (active 961s)
    [ganak~live] ganak-native: cache_K=- cubes=- confl/s=- (active 1021s)
    [ganak~live] ganak-native: cache_K=- cubes=- confl/s=- (active 1081s)
    [ganak~live] ganak-native: cache_K=- cubes=- confl/s=- (active 1141s)
    [ganak~live] ganak-native: cache_K=- cubes=- confl/s=- (active 1201s)
    [ganak~live] ganak-native: cache_K=- cubes=- confl/s=- (active 1261s)
