[step1] mc2026_track1_045.cnf — structural analysis (what METIS produced):
    metis root cut : sep_ratio=0.065819 balance=0.489191 sepsize=88 n_vars=1337
    nd_cost (tree) : band=high log2_cost=287.670393 root_sep=0 max_path=287.0 worst_leaf=12 n_leaves=328
    arjun signal   : substantial=True
[step2] band=high -> PHASE-2 SOLVERS SELECTED (8): ['cocoa-plain', 'cocoa-cache-max', 'cocoa-nosep-cascade', 'cocoa-sep-cascade', 'cocoa-adaptive', 'cocoa-reactive', 'cocoa-unified-sep', 'cocoa-adaptive-nosep']  (+Ganak handoff on sustained overshoot)
[step2] forecast trace -> /Users/konstantin.kutzkov/Desktop/Code/COCOA/portfolio/runlogs/forecast_mc2026_track1_045.jsonl
  [r1] cocoa-plain running (window 60s)...
    [r1~live] cocoa-plain: pct_lin=3.07979e-34 closed_bits=901.033 decisions=134262 (active 10s)
    [r1~live] cocoa-plain: pct_lin=6.22249e-34 closed_bits=902.048 decisions=271146 (active 20s)
    [r1~live] cocoa-plain: pct_lin=9.31753e-34 closed_bits=902.631 decisions=405958 (active 30s)
    [r1~live] cocoa-plain: pct_lin=1.24293e-33 closed_bits=903.046 decisions=541499 (active 40s)
    [r1~live] cocoa-plain: pct_lin=1.54834e-33 closed_bits=903.363 decisions=674524 (active 50s)
[r1] cocoa-plain: pct_lin=1.85764e-33 closed_bits=903.626 decisions=809249 closed_bits=903.6 vel=0.033 (active 60s)
  [r1] cocoa-cache-max running (window 60s)...
    [r1~live] cocoa-cache-max: pct_lin=2.63339e-34 closed_bits=900.808 decisions=114818 (active 10s)
    [r1~live] cocoa-cache-max: pct_lin=5.32593e-34 closed_bits=901.824 decisions=232093 (active 20s)
    [r1~live] cocoa-cache-max: pct_lin=8.01222e-34 closed_bits=902.413 decisions=349101 (active 30s)
    [r1~live] cocoa-cache-max: pct_lin=1.07411e-33 closed_bits=902.836 decisions=467966 (active 40s)
    [r1~live] cocoa-cache-max: pct_lin=1.34186e-33 closed_bits=903.157 decisions=585277 (active 50s)
[r1] cocoa-cache-max: pct_lin=1.60824e-33 closed_bits=903.418 decisions=702141 closed_bits=903.4 vel=0.033 (active 60s)
  [r1] cocoa-nosep-cascade running (window 60s)...
[FINISH] cocoa-nosep-cascade completed in round1: count=32334741710

=== pipeline result: {'status': 'solved', 'winner': 'cocoa-nosep-cascade', 'decided': 'cocoa-nosep-cascade', 'count': '32334741710', 'round': 'round1', 'active_wall_s': 6.0, 'step1_band': 'high', 'step1_arjun_substantial': True, 'cnf': 'mc2026_track1_045.cnf'} ===
COUNT: 32334741710
