Solving /Users/konstantin.kutzkov/Desktop/Code/SharpSAT/temp_cnf/mc2026_public/mc2026_track1_169.cnf
variables (all/used/free): 	636/636/0
clauses (all/long/binary/unit): 1816/1039/776/1

Preprocessing ..preprocess: 1786 -> 1786 clauses (subsumed=0 pure_dup=0 ssr=0 forced=0 passes=1 elapsed_ms=0)
 DONE
variables (all/used/free): 	625/625/0
clauses (all/long/binary/unit): 1786/1028/758/0
NDHierarchy: 651 tree nodes, 256 internal (sep), 69 passthrough, 326 leaves, 471 total sep elements (vars=435 clauses=36), max_sep=17 (vars=17 clauses=0), sep_buckets=[1-2:224, 3-4:21, 5-7:6, 8-15:3, 16-31:2, 32-63:0, 64+:0], sep_clause_len=[3:36, 4:0, 5:0, 6:0, 7:0, 8:0, 9:0, 10-15:0, 16+:0]
NDCentrality: root_sep_vars=17 scored=17 max_deg=14.0
ROOT_DECOMP: root_active=625 subcomps=1 trivial_factor=1 sub0=625
calls=100000 depth=37 decisions=143828 conflicts=34943 stores=92876 hits=24451 l1_hits=35807
OP_STATS calls=100000 ANALYZE:c=39661:ms=135.626:avg=3419.64ns CANONICAL:c=119728:ms=1498.85:avg=12518.8ns L1_PEEK:c=49008:ms=7.6358:avg=155.807ns L2_PEEK:c=119728:ms=37.7759:avg=315.514ns PICK:c=0:ms=0:avg=0ns BCP:c=145079:ms=2047.47:avg=14112.8ns L1_STORE:c=13199:ms=1.51248:avg=114.59ns L2_STORE:c=92876:ms=7.49568:avg=80.7063ns
calls=200000 depth=27 decisions=288428 conflicts=71043 stores=179104 hits=48163 l1_hits=66370
OP_STATS calls=200000 ANALYZE:c=72964:ms=281.277:avg=3855.01ns CANONICAL:c=234252:ms=3438.45:avg=14678.4ns L1_PEEK:c=90189:ms=16.8792:avg=187.154ns L2_PEEK:c=234252:ms=83.32:avg=355.685ns PICK:c=0:ms=0:avg=0ns BCP:c=289679:ms=7187.85:avg=24813.1ns L1_STORE:c=23818:ms=2.35824:avg=99.0106ns L2_STORE:c=179104:ms=15.7969:avg=88.1997ns
calls=300000 depth=34 decisions=433294 conflicts=102271 stores=262309 hits=75937 l1_hits=94711
OP_STATS calls=300000 ANALYZE:c=104804:ms=422.821:avg=4034.4ns CANONICAL:c=350834:ms=5641.53:avg=16080.3ns L1_PEEK:c=127070:ms=26.145:avg=205.753ns L2_PEEK:c=350834:ms=129.346:avg=368.683ns PICK:c=0:ms=0:avg=0ns BCP:c=434545:ms=17787.7:avg=40934ns L1_STORE:c=32358:ms=3.97314:avg=122.787ns L2_STORE:c=262309:ms=28.1313:avg=107.245ns
calls=400000 depth=56 decisions=559720 conflicts=120551 stores=346456 hits=100367 l1_hits=141222
OP_STATS calls=400000 ANALYZE:c=161199:ms=592.002:avg=3672.49ns CANONICAL:c=464710:ms=7269.36:avg=15642.8ns L1_PEEK:c=184588:ms=37.9999:avg=205.863ns L2_PEEK:c=464710:ms=176.211:avg=379.184ns PICK:c=0:ms=0:avg=0ns BCP:c=560971:ms=23890.4:avg=42587.5ns L1_STORE:c=43365:ms=4.85075:avg=111.859ns L2_STORE:c=346456:ms=35.7808:avg=103.277ns
calls=500000 depth=26 decisions=679717 conflicts=128851 stores=425420 hits=129397 l1_hits=190120
OP_STATS calls=500000 ANALYZE:c=221546:ms=762.538:avg=3441.89ns CANONICAL:c=579696:ms=8755.16:avg=15103ns L1_PEEK:c=243797:ms=51.2632:avg=210.27ns L2_PEEK:c=579696:ms=224.259:avg=386.856ns PICK:c=0:ms=0:avg=0ns BCP:c=680968:ms=28092:avg=41253ns L1_STORE:c=53676:ms=7.33642:avg=136.68ns L2_STORE:c=425420:ms=55.9336:avg=131.479ns
calls=600000 depth=23 decisions=808890 conflicts=136731 stores=511863 hits=166923 l1_hits=236168
OP_STATS calls=600000 ANALYZE:c=277767:ms=951.789:avg=3426.57ns CANONICAL:c=708182:ms=10524.7:avg=14861.5ns L1_PEEK:c=301558:ms=65.3452:avg=216.692ns L2_PEEK:c=708182:ms=274.849:avg=388.105ns PICK:c=0:ms=0:avg=0ns BCP:c=810141:ms=32609.2:avg=40251.3ns L1_STORE:c=65389:ms=8.20336:avg=125.455ns L2_STORE:c=511863:ms=63.3664:avg=123.796ns
calls=700000 depth=23 decisions=948680 conflicts=159997 stores=596725 hits=197778 l1_hits=270679
OP_STATS calls=700000 ANALYZE:c=319084:ms=1110.4:avg=3479.97ns CANONICAL:c=828945:ms=12632.5:avg=15239.2ns L1_PEEK:c=345354:ms=76.8563:avg=222.544ns L2_PEEK:c=828945:ms=326.194:avg=393.505ns PICK:c=0:ms=0:avg=0ns BCP:c=949931:ms=42892.4:avg=45153.2ns L1_STORE:c=74674:ms=9.0321:avg=120.954ns L2_STORE:c=596725:ms=72.4335:avg=121.385ns
calls=800000 depth=25 decisions=1079926 conflicts=177684 stores=674592 hits=227788 l1_hits=307081
OP_STATS calls=800000 ANALYZE:c=355187:ms=1254.8:avg=3532.78ns CANONICAL:c=944201:ms=14770.4:avg=15643.3ns L1_PEEK:c=390830:ms=89.6557:avg=229.398ns L2_PEEK:c=944201:ms=375.487:avg=397.677ns PICK:c=0:ms=0:avg=0ns BCP:c=1081177:ms=51748.3:avg=47863ns L1_STORE:c=83748:ms=9.82798:avg=117.352ns L2_STORE:c=674592:ms=81.3211:avg=120.548ns
calls=900000 depth=29 decisions=1216178 conflicts=193025 stores=761139 hits=262359 l1_hits=350753
OP_STATS calls=900000 ANALYZE:c=388269:ms=1400.21:avg=3606.3ns CANONICAL:c=1069806:ms=17181.8:avg=16060.7ns L1_PEEK:c=443679:ms=105.93:avg=238.754ns L2_PEEK:c=1069806:ms=431.363:avg=403.216ns PICK:c=0:ms=0:avg=0ns BCP:c=1217429:ms=65676.3:avg=53946.7ns L1_STORE:c=92924:ms=10.6908:avg=115.049ns L2_STORE:c=761139:ms=92.5515:avg=121.596ns
calls=1000000 depth=27 decisions=1351242 conflicts=206126 stores=842916 hits=298791 l1_hits=389448
OP_STATS calls=1000000 ANALYZE:c=424172:ms=1544.84:avg=3642ns CANONICAL:c=1194088:ms=19605.6:avg=16418.9ns L1_PEEK:c=490768:ms=120.303:avg=245.133ns L2_PEEK:c=1194088:ms=489.403:avg=409.855ns PICK:c=0:ms=0:avg=0ns BCP:c=1352493:ms=80140:avg=59253.5ns L1_STORE:c=101319:ms=11.5503:avg=114ns L2_STORE:c=842916:ms=143.409:avg=170.135ns
calls=1100000 depth=28 decisions=1483392 conflicts=220020 stores=920472 hits=331524 l1_hits=428897
OP_STATS calls=1100000 ANALYZE:c=463441:ms=1695.25:avg=3657.96ns CANONICAL:c=1311858:ms=21891.2:avg=16687.2ns L1_PEEK:c=537212:ms=133.305:avg=248.141ns L2_PEEK:c=1311858:ms=538.141:avg=410.213ns PICK:c=0:ms=0:avg=0ns BCP:c=1484643:ms=94230.6:avg=63470.2ns L1_STORE:c=108314:ms=15.4747:avg=142.869ns L2_STORE:c=920472:ms=153.221:avg=166.459ns
calls=1200000 depth=27 decisions=1607632 conflicts=229544 stores=998261 hits=363476 l1_hits=472457
OP_STATS calls=1200000 ANALYZE:c=508302:ms=1866.02:avg=3671.09ns CANONICAL:c=1429003:ms=23899:avg=16724.3ns L1_PEEK:c=590605:ms=148.613:avg=251.628ns L2_PEEK:c=1429003:ms=585.694:avg=409.862ns PICK:c=0:ms=0:avg=0ns BCP:c=1608883:ms=103412:avg=64275.4ns L1_STORE:c=118146:ms=16.3329:avg=138.243ns L2_STORE:c=998261:ms=162.154:avg=162.436ns
calls=1300000 depth=31 decisions=1740760 conflicts=246530 stores=1075067 hits=393021 l1_hits=511904
OP_STATS calls=1300000 ANALYZE:c=543809:ms=2017.59:avg=3710.11ns CANONICAL:c=1543087:ms=26274.8:avg=17027.4ns L1_PEEK:c=635724:ms=162.821:avg=256.118ns L2_PEEK:c=1543087:ms=636.361:avg=412.394ns PICK:c=0:ms=0:avg=0ns BCP:c=1742011:ms=123416:avg=70846.6ns L1_STORE:c=123819:ms=17.0622:avg=137.799ns L2_STORE:c=1075067:ms=173.043:avg=160.96ns
calls=1400000 depth=22 decisions=1876092 conflicts=259672 stores=1151799 hits=428740 l1_hits=547140
OP_STATS calls=1400000 ANALYZE:c=577358:ms=2149.72:avg=3723.37ns CANONICAL:c=1663289:ms=28793.9:avg=17311.4ns L1_PEEK:c=676731:ms=175.944:avg=259.991ns L2_PEEK:c=1663289:ms=689.367:avg=414.46ns PICK:c=0:ms=0:avg=0ns BCP:c=1877343:ms=140529:avg=74855.4ns L1_STORE:c=129590:ms=17.7228:avg=136.761ns L2_STORE:c=1151799:ms=184.284:avg=159.996ns
calls=1500000 depth=34 decisions=2008110 conflicts=278101 stores=1230028 hits=456535 l1_hits=586915
OP_STATS calls=1500000 ANALYZE:c=614596:ms=2299.63:avg=3741.69ns CANONICAL:c=1776578:ms=31049.5:avg=17477.2ns L1_PEEK:c=723459:ms=189.296:avg=261.654ns L2_PEEK:c=1776578:ms=737.275:avg=414.997ns PICK:c=0:ms=0:avg=0ns BCP:c=2009361:ms=157057:avg=78162.8ns L1_STORE:c=136543:ms=18.5217:avg=135.647ns L2_STORE:c=1230028:ms=195.174:avg=158.674ns
calls=1600000 depth=26 decisions=2133860 conflicts=289170 stores=1313845 hits=486179 l1_hits=637143
OP_STATS calls=1600000 ANALYZE:c=654439:ms=2475.25:avg=3782.25ns CANONICAL:c=1895428:ms=33216.9:avg=17524.8ns L1_PEEK:c=783253:ms=207.416:avg=264.813ns L2_PEEK:c=1895428:ms=788.275:avg=415.882ns PICK:c=0:ms=0:avg=0ns BCP:c=2135111:ms=167539:avg=78468.7ns L1_STORE:c=146109:ms=19.4795:avg=133.322ns L2_STORE:c=1313845:ms=205.841:avg=156.671ns
calls=1700000 depth=31 decisions=2259105 conflicts=299669 stores=1398333 hits=515303 l1_hits=689112
OP_STATS calls=1700000 ANALYZE:c=699706:ms=2661.58:avg=3803.85ns CANONICAL:c=2014214:ms=35290.3:avg=17520.6ns L1_PEEK:c=844431:ms=226.316:avg=268.01ns L2_PEEK:c=2014214:ms=840.914:avg=417.49ns PICK:c=0:ms=0:avg=0ns BCP:c=2260356:ms=180587:avg=79893.4ns L1_STORE:c=155317:ms=20.4973:avg=131.971ns L2_STORE:c=1398333:ms=216.821:avg=155.057ns
calls=1800000 depth=31 decisions=2384283 conflicts=306732 stores=1484809 hits=549087 l1_hits=740713
OP_STATS calls=1800000 ANALYZE:c=743896:ms=2845.35:avg=3824.93ns CANONICAL:c=2138982:ms=37411.5:avg=17490.3ns L1_PEEK:c=907193:ms=245.797:avg=270.942ns L2_PEEK:c=2138982:ms=899.976:avg=420.75ns PICK:c=0:ms=0:avg=0ns BCP:c=2385534:ms=187501:avg=78599.1ns L1_STORE:c=166478:ms=21.4576:avg=128.892ns L2_STORE:c=1484809:ms=227.203:avg=153.018ns
calls=1900000 depth=33 decisions=2511043 conflicts=313525 stores=1572894 hits=585277 l1_hits=790005
OP_STATS calls=1900000 ANALYZE:c=791006:ms=3033.68:avg=3835.21ns CANONICAL:c=2267230:ms=39448.2:avg=17399.3ns L1_PEEK:c=968737:ms=265.347:avg=273.911ns L2_PEEK:c=2267230:ms=962.834:avg=424.674ns PICK:c=0:ms=0:avg=0ns BCP:c=2512294:ms=194119:avg=77267.6ns L1_STORE:c=178730:ms=22.543:avg=126.129ns L2_STORE:c=1572894:ms=237.658:avg=151.096ns
calls=2000000 depth=22 decisions=2644319 conflicts=326650 stores=1662441 hits=621248 l1_hits=833599
OP_STATS calls=2000000 ANALYZE:c=829083:ms=3231.62:avg=3897.83ns CANONICAL:c=2396225:ms=41880:avg=17477.5ns L1_PEEK:c=1024663:ms=285.712:avg=278.835ns L2_PEEK:c=2396225:ms=1025.18:avg=427.83ns PICK:c=0:ms=0:avg=0ns BCP:c=2645570:ms=207940:avg=78599.3ns L1_STORE:c=191063:ms=23.8148:avg=124.644ns L2_STORE:c=1662441:ms=345.858:avg=208.042ns
calls=2100000 depth=28 decisions=2770173 conflicts=334959 stores=1744687 hits=656820 l1_hits=878248
OP_STATS calls=2100000 ANALYZE:c=868972:ms=3416.4:avg=3931.54ns CANONICAL:c=2519965:ms=44256:avg=17562.2ns L1_PEEK:c=1081423:ms=306.721:avg=283.627ns L2_PEEK:c=2519965:ms=1083:avg=429.77ns PICK:c=0:ms=0:avg=0ns BCP:c=2771424:ms=218532:avg=78851.9ns L1_STORE:c=203173:ms=25.0017:avg=123.056ns L2_STORE:c=1744687:ms=356.007:avg=204.052ns
calls=2200000 depth=28 decisions=2898963 conflicts=344594 stores=1833512 hits=694425 l1_hits=924232
OP_STATS calls=2200000 ANALYZE:c=905611:ms=3609.19:avg=3985.37ns CANONICAL:c=2650120:ms=46758.4:avg=17643.9ns L1_PEEK:c=1142131:ms=327.788:avg=286.997ns L2_PEEK:c=2650120:ms=1144.6:avg=431.907ns PICK:c=0:ms=0:avg=0ns BCP:c=2900214:ms=227615:avg=78482ns L1_STORE:c=217898:ms=32.4036:avg=148.71ns L2_STORE:c=1833512:ms=366.363:avg=199.815ns
calls=2300000 depth=26 decisions=3030962 conflicts=360010 stores=1919726 hits=726657 l1_hits=967641
OP_STATS calls=2300000 ANALYZE:c=940988:ms=3789.22:avg=4026.86ns CANONICAL:c=2773160:ms=49192.5:avg=17738.8ns L1_PEEK:c=1196594:ms=346.642:avg=289.691ns L2_PEEK:c=2773160:ms=1203.66:avg=434.04ns PICK:c=0:ms=0:avg=0ns BCP:c=3032213:ms=243004:avg=80140.8ns L1_STORE:c=228952:ms=33.3567:avg=145.693ns L2_STORE:c=1919726:ms=377.752:avg=196.774ns
calls=2400000 depth=30 decisions=3165256 conflicts=373114 stores=2005787 hits=762141 l1_hits=1009229
OP_STATS calls=2400000 ANALYZE:c=974782:ms=3956.74:avg=4059.1ns CANONICAL:c=2899353:ms=51640.9:avg=17811.2ns L1_PEEK:c=1247830:ms=365.078:avg=292.57ns L2_PEEK:c=2899353:ms=1264.32:avg=436.069ns PICK:c=0:ms=0:avg=0ns BCP:c=3166507:ms=258013:avg=81481.9ns L1_STORE:c=238600:ms=34.2908:avg=143.717ns L2_STORE:c=2005787:ms=389.709:avg=194.292ns
calls=2500000 depth=30 decisions=3296478 conflicts=383832 stores=2095227 hits=797800 l1_hits=1058246
OP_STATS calls=2500000 ANALYZE:c=1010426:ms=4141.08:avg=4098.35ns CANONICAL:c=3027973:ms=54112.8:avg=17871ns L1_PEEK:c=1308483:ms=386.19:avg=295.144ns L2_PEEK:c=3027973:ms=1327.12:avg=438.286ns PICK:c=0:ms=0:avg=0ns BCP:c=3297729:ms=271571:avg=82350.9ns L1_STORE:c=250235:ms=35.2887:avg=141.022ns L2_STORE:c=2095227:ms=401.429:avg=191.592ns
calls=2600000 depth=28 decisions=3426047 conflicts=394555 stores=2178882 hits=831808 l1_hits=1103063
OP_STATS calls=2600000 ANALYZE:c=1046453:ms=4314.29:avg=4122.77ns CANONICAL:c=3151083:ms=56514.8:avg=17935ns L1_PEEK:c=1363013:ms=405.452:avg=297.468ns L2_PEEK:c=3151083:ms=1386.42:avg=439.983ns PICK:c=0:ms=0:avg=0ns BCP:c=3427298:ms=284082:avg=82887.9ns L1_STORE:c=259949:ms=36.1439:avg=139.042ns L2_STORE:c=2178882:ms=412.697:avg=189.408ns
calls=2700000 depth=27 decisions=3556652 conflicts=404461 stores=2263625 hits=868744 l1_hits=1147071
OP_STATS calls=2700000 ANALYZE:c=1082809:ms=4501.61:avg=4157.35ns CANONICAL:c=3277847:ms=59126.5:avg=18038.2ns L1_PEEK:c=1418172:ms=426.392:avg=300.663ns L2_PEEK:c=3277847:ms=1448.31:avg=441.848ns PICK:c=0:ms=0:avg=0ns BCP:c=3557903:ms=299020:avg=84044ns L1_STORE:c=271099:ms=37.1611:avg=137.076ns L2_STORE:c=2263625:ms=424.58:avg=187.567ns
calls=2800000 depth=27 decisions=3683686 conflicts=413411 stores=2345358 hits=904471 l1_hits=1189623
OP_STATS calls=2800000 ANALYZE:c=1120128:ms=4683.61:avg=4181.32ns CANONICAL:c=3401396:ms=61628:avg=18118.4ns L1_PEEK:c=1472277:ms=446.814:avg=303.485ns L2_PEEK:c=3401396:ms=1510.91:avg=444.203ns PICK:c=0:ms=0:avg=0ns BCP:c=3684937:ms=310181:avg=84175.3ns L1_STORE:c=282653:ms=38.123:avg=134.875ns L2_STORE:c=2345358:ms=435.819:avg=185.822ns
calls=2900000 depth=25 decisions=3820817 conflicts=426566 stores=2429985 hits=942726 l1_hits=1228883
OP_STATS calls=2900000 ANALYZE:c=1155095:ms=4849.07:avg=4197.98ns CANONICAL:c=3529401:ms=64362.6:avg=18236.1ns L1_PEEK:c=1520692:ms=464.361:avg=305.362ns L2_PEEK:c=3529401:ms=1576.03:avg=446.542ns PICK:c=0:ms=0:avg=0ns BCP:c=3822068:ms=329806:avg=86290ns L1_STORE:c=291808:ms=39.053:avg=133.831ns L2_STORE:c=2429985:ms=448.736:avg=184.666ns
calls=3000000 depth=24 decisions=3943459 conflicts=436683 stores=2511014 hits=972297 l1_hits=1278031
OP_STATS calls=3000000 ANALYZE:c=1194847:ms=5022.79:avg=4203.71ns CANONICAL:c=3646324:ms=66493:avg=18235.6ns L1_PEEK:c=1580562:ms=484.342:avg=306.436ns L2_PEEK:c=3646324:ms=1631.85:avg=447.532ns PICK:c=0:ms=0:avg=0ns BCP:c=3944710:ms=341758:avg=86637.2ns L1_STORE:c=302530:ms=39.9179:avg=131.947ns L2_STORE:c=2511014:ms=459.389:avg=182.949ns
calls=3100000 depth=26 decisions=4067358 conflicts=446940 stores=2593054 hits=1002984 l1_hits=1328169
OP_STATS calls=3100000 ANALYZE:c=1234024:ms=5203.57:avg=4216.75ns CANONICAL:c=3765039:ms=68753.1:avg=18260.9ns L1_PEEK:c=1641759:ms=505.271:avg=307.762ns L2_PEEK:c=3765039:ms=1689.31:avg=448.683ns PICK:c=0:ms=0:avg=0ns BCP:c=4068609:ms=354585:avg=87151.3ns L1_STORE:c=313589:ms=40.8478:avg=130.259ns L2_STORE:c=2593054:ms=470.204:avg=181.332ns
calls=3200000 depth=21 decisions=4198844 conflicts=454611 stores=2684176 hits=1040991 l1_hits=1378325
OP_STATS calls=3200000 ANALYZE:c=1270659:ms=5387.85:avg=4240.2ns CANONICAL:c=3897124:ms=71108.6:avg=18246.4ns L1_PEEK:c=1703146:ms=527.274:avg=309.588ns L2_PEEK:c=3897124:ms=1758:avg=451.102ns PICK:c=0:ms=0:avg=0ns BCP:c=4200095:ms=364643:avg=86817.9ns L1_STORE:c=324820:ms=41.8471:avg=128.832ns L2_STORE:c=2684176:ms=481.808:avg=179.499ns
calls=3300000 depth=23 decisions=4327595 conflicts=463834 stores=2770236 hits=1077511 l1_hits=1424373
OP_STATS calls=3300000 ANALYZE:c=1307865:ms=5571.47:avg=4259.98ns CANONICAL:c=4024352:ms=73636.9:avg=18297.8ns L1_PEEK:c=1761540:ms=549.288:avg=311.822ns L2_PEEK:c=4024352:ms=1824.65:avg=453.402ns PICK:c=0:ms=0:avg=0ns BCP:c=4328846:ms=376481:avg=86970.2ns L1_STORE:c=337166:ms=42.9022:avg=127.244ns L2_STORE:c=2770236:ms=493.476:avg=178.135ns
calls=3400000 depth=29 decisions=4449865 conflicts=474351 stores=2847535 hits=1105066 l1_hits=1472934
OP_STATS calls=3400000 ANALYZE:c=1348357:ms=5741.86:avg=4258.42ns CANONICAL:c=4136777:ms=75804.3:avg=18324.5ns L1_PEEK:c=1818338:ms=569.669:avg=313.291ns L2_PEEK:c=4136777:ms=1881.08:avg=454.722ns PICK:c=0:ms=0:avg=0ns BCP:c=4451116:ms=391471:avg=87949ns L1_STORE:c=345402:ms=43.7587:avg=126.689ns L2_STORE:c=2847535:ms=504.869:avg=177.3ns
calls=3500000 depth=29 decisions=4569951 conflicts=482353 stores=2924822 hits=1132979 l1_hits=1524424
OP_STATS calls=3500000 ANALYZE:c=1390054:ms=5918.9:avg=4258.04ns CANONICAL:c=4249548:ms=78054.1:avg=18367.6ns L1_PEEK:c=1878086:ms=590.94:avg=314.65ns L2_PEEK:c=4249548:ms=1940.41:avg=456.616ns PICK:c=0:ms=0:avg=0ns BCP:c=4571202:ms=405246:avg=88651.9ns L1_STORE:c=353660:ms=44.5761:avg=126.042ns L2_STORE:c=2924822:ms=516.192:avg=176.487ns
calls=3600000 depth=27 decisions=4694456 conflicts=491990 stores=3002408 hits=1164718 l1_hits=1569047
OP_STATS calls=3600000 ANALYZE:c=1428723:ms=6087.21:avg=4260.59ns CANONICAL:c=4366343:ms=80371.4:avg=18407ns L1_PEEK:c=1932108:ms=610.814:avg=316.139ns L2_PEEK:c=4366343:ms=2001.46:avg=458.384ns PICK:c=0:ms=0:avg=0ns BCP:c=4695707:ms=419738:avg=89387.6ns L1_STORE:c=363060:ms=45.552:avg=125.467ns L2_STORE:c=3002408:ms=527.917:avg=175.831ns
calls=3700000 depth=30 decisions=4824225 conflicts=500377 stores=3088503 hits=1203168 l1_hits=1615925
OP_STATS calls=3700000 ANALYZE:c=1465181:ms=6272.45:avg=4281.01ns CANONICAL:c=4495524:ms=82876.3:avg=18435.3ns L1_PEEK:c=1991419:ms=633.917:avg=318.324ns L2_PEEK:c=4495524:ms=2071.99:avg=460.9ns PICK:c=0:ms=0:avg=0ns BCP:c=4825476:ms=433539:avg=89843.8ns L1_STORE:c=375493:ms=46.7777:avg=124.577ns L2_STORE:c=3088503:ms=540.594:avg=175.034ns
calls=3800000 depth=20 decisions=4961369 conflicts=511365 stores=3174860 hits=1244006 l1_hits=1656342
OP_STATS calls=3800000 ANALYZE:c=1497505:ms=6433.71:avg=4296.29ns CANONICAL:c=4627261:ms=85624:avg=18504.3ns L1_PEEK:c=2041968:ms=653.739:avg=320.151ns L2_PEEK:c=4627261:ms=2144.89:avg=463.534ns PICK:c=0:ms=0:avg=0ns BCP:c=4962620:ms=454716:avg=91628.2ns L1_STORE:c=385625:ms=47.833:avg=124.04ns L2_STORE:c=3174860:ms=554.997:avg=174.81ns
calls=3900000 depth=25 decisions=5084890 conflicts=521848 stores=3250309 hits=1273085 l1_hits=1702336
OP_STATS calls=3900000 ANALYZE:c=1536699:ms=6597.44:avg=4293.26ns CANONICAL:c=4739976:ms=87845.8:avg=18533ns L1_PEEK:c=2095821:ms=673.138:avg=321.181ns L2_PEEK:c=4739976:ms=2204.09:avg=465.001ns PICK:c=0:ms=0:avg=0ns BCP:c=5086141:ms=471748:avg=92751.6ns L1_STORE:c=393484:ms=48.6526:avg=123.646ns L2_STORE:c=3250309:ms=567.402:avg=174.569ns
calls=4000000 depth=25 decisions=5208504 conflicts=530521 stores=3333107 hits=1307039 l1_hits=1748945
OP_STATS calls=4000000 ANALYZE:c=1575333:ms=6777.32:avg=4302.15ns CANONICAL:c=4862462:ms=90180.9:avg=18546.3ns L1_PEEK:c=2155709:ms=696.372:avg=323.036ns L2_PEEK:c=4862462:ms=2268.54:avg=466.541ns PICK:c=0:ms=0:avg=0ns BCP:c=5209755:ms=481195:avg=92364.2ns L1_STORE:c=406763:ms=49.786:avg=122.396ns L2_STORE:c=3333107:ms=781.137:avg=234.357ns
calls=4100000 depth=30 decisions=5339927 conflicts=542882 stores=3418356 hits=1342530 l1_hits=1792164
OP_STATS calls=4100000 ANALYZE:c=1613185:ms=6963.88:avg=4316.85ns CANONICAL:c=4988121:ms=92641.5:avg=18572.4ns L1_PEEK:c=2210441:ms=717.131:avg=324.429ns L2_PEEK:c=4988121:ms=2327.33:avg=466.575ns PICK:c=0:ms=0:avg=0ns BCP:c=5341178:ms=501872:avg=93962.8ns L1_STORE:c=418276:ms=67.2014:avg=160.663ns L2_STORE:c=3418356:ms=792.293:avg=231.776ns
calls=4200000 depth=30 decisions=5462761 conflicts=547424 stores=3499373 hits=1376523 l1_hits=1844041
OP_STATS calls=4200000 ANALYZE:c=1653617:ms=7134.56:avg=4314.52ns CANONICAL:c=5109460:ms=94874.6:avg=18568.4ns L1_PEEK:c=2271692:ms=737.658:avg=324.717ns L2_PEEK:c=5109460:ms=2385.48:avg=466.875ns PICK:c=0:ms=0:avg=0ns BCP:c=5464012:ms=513683:avg=94012.1ns L1_STORE:c=427649:ms=67.9968:avg=159.001ns L2_STORE:c=3499373:ms=802.546:avg=229.34ns
calls=4300000 depth=31 decisions=5587787 conflicts=555166 stores=3576079 hits=1410016 l1_hits=1889216
OP_STATS calls=4300000 ANALYZE:c=1691723:ms=7292.19:avg=4310.51ns CANONICAL:c=5227423:ms=97145.3:avg=18583.8ns L1_PEEK:c=2325311:ms=755.835:avg=325.047ns L2_PEEK:c=5227423:ms=2439.82:avg=466.735ns PICK:c=0:ms=0:avg=0ns BCP:c=5589038:ms=531141:avg=95032.7ns L1_STORE:c=436094:ms=68.8139:avg=157.796ns L2_STORE:c=3576079:ms=813.471:avg=227.476ns
calls=4400000 depth=15 decisions=5712428 conflicts=560960 stores=3652819 hits=1444751 l1_hits=1935789
OP_STATS calls=4400000 ANALYZE:c=1730897:ms=7455.86:avg=4307.51ns CANONICAL:c=5346642:ms=99444.9:avg=18599.5ns L1_PEEK:c=2380014:ms=774.832:avg=325.558ns L2_PEEK:c=5346642:ms=2496.31:avg=466.893ns PICK:c=0:ms=0:avg=0ns BCP:c=5713679:ms=547135:avg=95758.8ns L1_STORE:c=444224:ms=69.6185:avg=156.719ns L2_STORE:c=3652819:ms=824.459:avg=225.705ns
calls=4500000 depth=26 decisions=5840819 conflicts=569688 stores=3728049 hits=1479670 l1_hits=1977036
OP_STATS calls=4500000 ANALYZE:c=1767303:ms=7604.51:avg=4302.89ns CANONICAL:c=5465055:ms=101876:avg=18641.4ns L1_PEEK:c=2428264:ms=791.318:avg=325.878ns L2_PEEK:c=5465055:ms=2550.29:avg=466.654ns PICK:c=0:ms=0:avg=0ns BCP:c=5842070:ms=569232:avg=97436.7ns L1_STORE:c=451227:ms=70.3102:avg=155.82ns L2_STORE:c=3728049:ms=835.871:avg=224.211ns
calls=4600000 depth=28 decisions=5960192 conflicts=576009 stores=3800456 hits=1509826 l1_hits=2022266
OP_STATS calls=4600000 ANALYZE:c=1808089:ms=7764.2:avg=4294.15ns CANONICAL:c=5576817:ms=104053:avg=18658.1ns L1_PEEK:c=2481401:ms=809.543:avg=326.244ns L2_PEEK:c=5576817:ms=2601.93:avg=466.562ns PICK:c=0:ms=0:avg=0ns BCP:c=5961443:ms=585801:avg=98265ns L1_STORE:c=459134:ms=71.0171:avg=154.676ns L2_STORE:c=3800456:ms=845.959:avg=222.594ns
calls=4700000 depth=28 decisions=6083964 conflicts=585384 stores=3873666 hits=1542520 l1_hits=2059072
OP_STATS calls=4700000 ANALYZE:c=1849445:ms=7923.32:avg=4284.16ns CANONICAL:c=5691650:ms=106132:avg=18646.9ns L1_PEEK:c=2527573:ms=825.904:avg=326.758ns L2_PEEK:c=5691650:ms=2654.52:avg=466.389ns PICK:c=0:ms=0:avg=0ns BCP:c=6085215:ms=601494:avg=98845.1ns L1_STORE:c=468500:ms=71.9183:avg=153.508ns L2_STORE:c=3873666:ms=855.933:avg=220.962ns
calls=4800000 depth=27 decisions=6211295 conflicts=597286 stores=3945734 hits=1574816 l1_hits=2092542
OP_STATS calls=4800000 ANALYZE:c=1889125:ms=8073.79:avg=4273.82ns CANONICAL:c=5805325:ms=108185:avg=18635.4ns L1_PEEK:c=2568600:ms=841.404:avg=327.573ns L2_PEEK:c=5805325:ms=2709.73:avg=466.767ns PICK:c=0:ms=0:avg=0ns BCP:c=6212546:ms=618891:avg=99619.5ns L1_STORE:c=476057:ms=72.8137:avg=152.952ns L2_STORE:c=3945734:ms=865.907:avg=219.454ns
calls=4900000 depth=14 decisions=6335254 conflicts=606171 stores=4016998 hits=1606666 l1_hits=2128885
OP_STATS calls=4900000 ANALYZE:c=1930487:ms=8233.89:avg=4265.19ns CANONICAL:c=5918009:ms=110293:avg=18636.8ns L1_PEEK:c=2612136:ms=857.474:avg=328.265ns L2_PEEK:c=5918009:ms=2760.5:avg=466.458ns PICK:c=0:ms=0:avg=0ns BCP:c=6336505:ms=636163:avg=100397ns L1_STORE:c=483251:ms=73.7211:avg=152.552ns L2_STORE:c=4016998:ms=876.172:avg=218.116ns
calls=5000000 depth=25 decisions=6458391 conflicts=614187 stores=4086528 hits=1638472 l1_hits=2164578
OP_STATS calls=5000000 ANALYZE:c=1971303:ms=8381.67:avg=4251.84ns CANONICAL:c=6029509:ms=112409:avg=18643.1ns L1_PEEK:c=2654361:ms=872.776:avg=328.808ns L2_PEEK:c=6029509:ms=2811.09:avg=466.222ns PICK:c=0:ms=0:avg=0ns BCP:c=6459642:ms=651038:avg=100786ns L1_STORE:c=489782:ms=74.4743:avg=152.056ns L2_STORE:c=4086528:ms=885.964:avg=216.801ns
calls=5100000 depth=28 decisions=6583035 conflicts=628745 stores=4159624 hits=1661548 l1_hits=2214568
OP_STATS calls=5100000 ANALYZE:c=2012389:ms=8568.7:avg=4257.97ns CANONICAL:c=6134651:ms=114628:avg=18685.4ns L1_PEEK:c=2708374:ms=890.3:avg=328.721ns L2_PEEK:c=6134651:ms=2857.75:avg=465.837ns PICK:c=0:ms=0:avg=0ns BCP:c=6584286:ms=683608:avg=103824ns L1_STORE:c=493805:ms=75.2078:avg=152.303ns L2_STORE:c=4159624:ms=898.399:avg=215.981ns
calls=5200000 depth=24 decisions=6701029 conflicts=638442 stores=4225023 hits=1684761 l1_hits=2259204
OP_STATS calls=5200000 ANALYZE:c=2056941:ms=8736.11:avg=4247.14ns CANONICAL:c=6234794:ms=116576:avg=18697.7ns L1_PEEK:c=2756390:ms=905.988:avg=328.686ns L2_PEEK:c=6234794:ms=2902.55:avg=465.54ns PICK:c=0:ms=0:avg=0ns BCP:c=6702280:ms=715532:avg=106759ns L1_STORE:c=497185:ms=75.8509:avg=152.561ns L2_STORE:c=4225023:ms=910.538:avg=215.511ns
calls=5300000 depth=24 decisions=6814892 conflicts=647690 stores=4284181 hits=1707352 l1_hits=2293551
OP_STATS calls=5300000 ANALYZE:c=2101080:ms=8872.98:avg=4223.05ns CANONICAL:c=6330157:ms=118410:avg=18705.7ns L1_PEEK:c=2795100:ms=919.44:avg=328.947ns L2_PEEK:c=6330157:ms=2942.88:avg=464.899ns PICK:c=0:ms=0:avg=0ns BCP:c=6816143:ms=735709:avg=107936ns L1_STORE:c=501548:ms=76.5232:avg=152.574ns L2_STORE:c=4284181:ms=920.32:avg=214.818ns
calls=5400000 depth=27 decisions=6937924 conflicts=657444 stores=4353575 hits=1737598 l1_hits=2328470
OP_STATS calls=5400000 ANALYZE:c=2140485:ms=9023.28:avg=4215.53ns CANONICAL:c=6440001:ms=120534:avg=18716.4ns L1_PEEK:c=2836785:ms=935.065:avg=329.621ns L2_PEEK:c=6440001:ms=2992.52:avg=464.678ns PICK:c=0:ms=0:avg=0ns BCP:c=6939175:ms=757354:avg=109142ns L1_STORE:c=508314:ms=77.3811:avg=152.231ns L2_STORE:c=4353575:ms=930.863:avg=213.816ns
calls=5500000 depth=25 decisions=7065858 conflicts=667429 stores=4427603 hits=1772193 l1_hits=2362391
OP_STATS calls=5500000 ANALYZE:c=2177349:ms=9177.43:avg=4214.96ns CANONICAL:c=6557280:ms=122849:avg=18734.7ns L1_PEEK:c=2878695:ms=951.345:avg=330.478ns L2_PEEK:c=6557280:ms=3046.79:avg=464.643ns PICK:c=0:ms=0:avg=0ns BCP:c=7067109:ms=781859:avg=110634ns L1_STORE:c=516302:ms=78.3595:avg=151.771ns L2_STORE:c=4427603:ms=941.915:avg=212.737ns


variables (total / active / free)	625/625/0
clauses (removed) 			1816 (30)
decisions 				7068718
conflicts 				667694
conflict clauses (all/bin/unit) 	618320/0/0

failed literals found by implicit BCP 	 0
implicit BCP miss rate 	 0%
bytes cache size (live)	499173992	(476.049 MB), evictions 0
cache (stores / hits) 			4429505/1773037
cache miss rate 71.4144%
 avg. variable count (stores / hits) 	0/0


# solutions 
2337405402708146114560
# END

time: 1435.07s

OP_STATS FINAL ANALYZE:c=2178103:ms=9181.55:avg=4215.39ns CANONICAL:c=6560095:ms=122909:avg=18735.8ns L1_PEEK:c=2879832:ms=951.796:avg=330.504ns L2_PEEK:c=6560095:ms=3048.31:avg=464.674ns PICK:c=0:ms=0:avg=0ns BCP:c=7069969:ms=782223:avg=110640ns L1_STORE:c=516617:ms=78.387:avg=151.731ns L2_STORE:c=4429506:ms=942.135:avg=212.695ns
BCP_PATHS FINAL visits=60507024241 A_removed=0(0%) B_sat=54143641298(89.4832%) C1_sound=0(0%) C2_comp=44268992(0.0731634%) D_early=2404840346(3.97448%) E_late=3832224658(6.33352%) F_prop=81481933(0.134665%) G_confl=567014(0.000937104%) scan_avg_lits=2.62945
PATHC_DETAIL FINAL sound_calls=6270925360 memo_hit%=99.9901 avg_bfs_per_miss=459.732 in_component_calls=6270925360 in_component_avg_walk=27.1416
OPEN_WORK n_root=625 n_open_comps=0 bound_log2=0 progress_bits=625 sizes=
MIDSEP_STATS decomp_attempts=1 decomp_splits=0
LEARN_FILTER_STATS learned_clauses=618320 dedup_dropped=49374 binary_filter_fires=0
SCC_UNSAT_STATS enabled=0 pruned_lit=0 pruned_clause=0 total=0
DIAG_STATS num_decisions=7068718 avg_bcp/dec=19.0767 avg_comp_at_entry=188.987 avg_L2_hit_size=98.5433 max_L2_hit_size=483 avg_L2_store_size=186.12 max_L2_store_size=625
L2_HIT_HIST [0-25)=232612 [25-50)=323048 [50-100)=429383 [100-200)=653415 [200-400)=108369 [400+)=1
L2_STORE_HIST [0-25)=7701 [25-50)=87681 [50-100)=629906 [100-200)=1417462 [200-400)=2245976 [400+)=40780
FULL_CACHE_STATS l2_stores=4429506 l2_hits=1773037 l1_stores=516617 l1_hits=2363215 l1_misses=516617 total_lookups=2879832 total_hits=4136252
