Solving /Users/konstantin.kutzkov/Desktop/Code/SharpSAT/temp_cnf/mc2026_public/mc2026_track1_169.cnf
variables (all/used/free): 	636/636/0
clauses (all/long/binary/unit): 1816/1039/776/1

Preprocessing ..preprocess: 1786 -> 1786 clauses (subsumed=0 pure_dup=0 ssr=0 forced=0 passes=1 elapsed_ms=0)
 DONE
variables (all/used/free): 	625/625/0
clauses (all/long/binary/unit): 1786/1028/758/0
NDHierarchy: 651 tree nodes, 256 internal (sep), 69 passthrough, 326 leaves, 471 total sep elements (vars=435 clauses=36), max_sep=17 (vars=17 clauses=0), sep_buckets=[1-2:224, 3-4:21, 5-7:6, 8-15:3, 16-31:2, 32-63:0, 64+:0], sep_clause_len=[3:36, 4:0, 5:0, 6:0, 7:0, 8:0, 9:0, 10-15:0, 16+:0]
NDCentrality: root_sep_vars=17 scored=17 max_deg=14.0
ROOT_DECOMP: root_active=625 subcomps=1 trivial_factor=1 sub0=625
calls=100000 depth=42 decisions=141702 conflicts=33077 stores=91422 hits=25372 l1_hits=33818
OP_STATS calls=100000 ANALYZE:c=42961:ms=149.585:avg=3481.89ns CANONICAL:c=119683:ms=1770.07:avg=14789.6ns L1_PEEK:c=47717:ms=7.80682:avg=163.607ns L2_PEEK:c=119683:ms=39.6027:avg=330.896ns PICK:c=0:ms=0:avg=0ns BCP:c=142953:ms=2125.74:avg=14870.2ns L1_STORE:c=13897:ms=1.60745:avg=115.668ns L2_STORE:c=91422:ms=7.76686:avg=84.9561ns
calls=200000 depth=27 decisions=286544 conflicts=65927 stores=176878 hits=52221 l1_hits=63492
OP_STATS calls=200000 ANALYZE:c=76358:ms=294.336:avg=3854.68ns CANONICAL:c=236826:ms=4171.41:avg=17613.8ns L1_PEEK:c=87392:ms=17.4453:avg=199.621ns L2_PEEK:c=236826:ms=87.6287:avg=370.013ns PICK:c=0:ms=0:avg=0ns BCP:c=287795:ms=7423.34:avg=25793.8ns L1_STORE:c=23899:ms=2.43303:avg=101.805ns L2_STORE:c=176878:ms=16.6604:avg=94.1917ns
calls=300000 depth=25 decisions=426612 conflicts=93372 stores=256591 hits=79967 l1_hits=92495
OP_STATS calls=300000 ANALYZE:c=111541:ms=435.877:avg=3907.77ns CANONICAL:c=351046:ms=6612.68:avg=18837.1ns L1_PEEK:c=124755:ms=26.7326:avg=214.281ns L2_PEEK:c=351046:ms=135.468:avg=385.898ns PICK:c=0:ms=0:avg=0ns BCP:c=427863:ms=15706.8:avg=36709.9ns L1_STORE:c=32259:ms=4.01359:avg=124.418ns L2_STORE:c=256591:ms=28.5394:avg=111.225ns
calls=400000 depth=31 decisions=552634 conflicts=107168 stores=339104 hits=109305 l1_hits=137842
OP_STATS calls=400000 ANALYZE:c=154213:ms=596.118:avg=3865.55ns CANONICAL:c=468730:ms=8744.87:avg=18656.5ns L1_PEEK:c=181387:ms=40.4927:avg=223.239ns L2_PEEK:c=468730:ms=181.949:avg=388.174ns PICK:c=0:ms=0:avg=0ns BCP:c=553885:ms=21642.8:avg=39074.5ns L1_STORE:c=43543:ms=4.94604:avg=113.59ns L2_STORE:c=339104:ms=36.4265:avg=107.42ns
calls=500000 depth=30 decisions=688660 conflicts=127995 stores=424183 hits=140427 l1_hits=174893
OP_STATS calls=500000 ANALYZE:c=197735:ms=770.095:avg=3894.58ns CANONICAL:c=589904:ms=11209.7:avg=19002.6ns L1_PEEK:c=229387:ms=53.9344:avg=235.124ns L2_PEEK:c=589904:ms=231.947:avg=393.194ns PICK:c=0:ms=0:avg=0ns BCP:c=689911:ms=31749.5:avg=46019.7ns L1_STORE:c=54492:ms=7.77513:avg=142.684ns L2_STORE:c=424183:ms=59.5876:avg=140.476ns
calls=600000 depth=29 decisions=814957 conflicts=134424 stores=509892 hits=175407 l1_hits=223089
OP_STATS calls=600000 ANALYZE:c=270682:ms=966.59:avg=3570.94ns CANONICAL:c=715356:ms=12972.6:avg=18134.4ns L1_PEEK:c=287931:ms=66.3478:avg=230.429ns L2_PEEK:c=715356:ms=283.211:avg=395.903ns PICK:c=0:ms=0:avg=0ns BCP:c=816208:ms=35038.8:avg=42928.8ns L1_STORE:c=64841:ms=8.56688:avg=132.121ns L2_STORE:c=509892:ms=66.6724:avg=130.758ns
calls=700000 depth=26 decisions=951432 conflicts=155535 stores=590434 hits=206160 l1_hits=258443
OP_STATS calls=700000 ANALYZE:c=307853:ms=1110.31:avg=3606.64ns CANONICAL:c=833135:ms=15540.6:avg=18653.2ns L1_PEEK:c=332187:ms=78.1134:avg=235.149ns L2_PEEK:c=833135:ms=333.88:avg=400.752ns PICK:c=0:ms=0:avg=0ns BCP:c=952683:ms=45491.9:avg=47751.3ns L1_STORE:c=73743:ms=9.37288:avg=127.102ns L2_STORE:c=590434:ms=75.4899:avg=127.855ns
calls=800000 depth=27 decisions=1080622 conflicts=171771 stores=671371 hits=235801 l1_hits=298853
OP_STATS calls=800000 ANALYZE:c=345381:ms=1267.95:avg=3671.16ns CANONICAL:c=950068:ms=18060.9:avg=19010.1ns L1_PEEK:c=382930:ms=93.5812:avg=244.382ns L2_PEEK:c=950068:ms=386.742:avg=407.068ns PICK:c=0:ms=0:avg=0ns BCP:c=1081873:ms=55520:avg=51318.4ns L1_STORE:c=84076:ms=10.3249:avg=122.805ns L2_STORE:c=671371:ms=85.194:avg=126.896ns
calls=900000 depth=23 decisions=1210490 conflicts=185666 stores=752670 hits=266353 l1_hits=342606
OP_STATS calls=900000 ANALYZE:c=383174:ms=1416.25:avg=3696.09ns CANONICAL:c=1068150:ms=20666.4:avg=19347.9ns L1_PEEK:c=435027:ms=108.854:avg=250.224ns L2_PEEK:c=1068150:ms=441.13:avg=412.985ns PICK:c=0:ms=0:avg=0ns BCP:c=1211741:ms=69072.6:avg=57002.8ns L1_STORE:c=92420:ms=11.1196:avg=120.316ns L2_STORE:c=752670:ms=95.7593:avg=127.226ns
calls=1000000 depth=25 decisions=1346273 conflicts=199615 stores=832781 hits=301942 l1_hits=379005
OP_STATS calls=1000000 ANALYZE:c=421536:ms=1563.21:avg=3708.38ns CANONICAL:c=1190481:ms=23510.4:avg=19748.7ns L1_PEEK:c=478552:ms=122.402:avg=255.776ns L2_PEEK:c=1190481:ms=499.055:avg=419.205ns PICK:c=0:ms=0:avg=0ns BCP:c=1347524:ms=83303:avg=61819.3ns L1_STORE:c=99546:ms=11.8734:avg=119.275ns L2_STORE:c=832781:ms=149.681:avg=179.736ns
calls=1100000 depth=25 decisions=1465324 conflicts=209392 stores=903462 hits=328913 l1_hits=422065
OP_STATS calls=1100000 ANALYZE:c=463649:ms=1712.52:avg=3693.56ns CANONICAL:c=1297906:ms=25824.9:avg=19897.3ns L1_PEEK:c=529536:ms=136.771:avg=258.284ns L2_PEEK:c=1297906:ms=543.135:avg=418.47ns PICK:c=0:ms=0:avg=0ns BCP:c=1466575:ms=93228.7:avg=63569ns L1_STORE:c=107470:ms=16.1931:avg=150.676ns L2_STORE:c=903462:ms=158.121:avg=175.016ns
calls=1200000 depth=29 decisions=1592834 conflicts=225151 stores=978555 hits=356237 l1_hits=462870
OP_STATS calls=1200000 ANALYZE:c=504984:ms=1870.35:avg=3703.77ns CANONICAL:c=1408628:ms=28235.4:avg=20044.6ns L1_PEEK:c=577613:ms=150.201:avg=260.037ns L2_PEEK:c=1408628:ms=588.994:avg=418.133ns PICK:c=0:ms=0:avg=0ns BCP:c=1594085:ms=108283:avg=67928.1ns L1_STORE:c=114741:ms=16.9126:avg=147.398ns L2_STORE:c=978555:ms=167.903:avg=171.582ns
calls=1300000 depth=27 decisions=1718307 conflicts=235736 stores=1052061 hits=386182 l1_hits=505550
OP_STATS calls=1300000 ANALYZE:c=544361:ms=2026.33:avg=3722.39ns CANONICAL:c=1520909:ms=30864.5:avg=20293.5ns L1_PEEK:c=626518:ms=165.256:avg=263.769ns L2_PEEK:c=1520909:ms=635.731:avg=417.994ns PICK:c=0:ms=0:avg=0ns BCP:c=1719558:ms=122260:avg=71099.4ns L1_STORE:c=120967:ms=17.6533:avg=145.935ns L2_STORE:c=1052061:ms=178.101:avg=169.288ns
calls=1400000 depth=20 decisions=1850936 conflicts=250883 stores=1132541 hits=418125 l1_hits=545185
OP_STATS calls=1400000 ANALYZE:c=585948:ms=2177.05:avg=3715.43ns CANONICAL:c=1639834:ms=33451.1:avg=20399.1ns L1_PEEK:c=674105:ms=178.703:avg=265.096ns L2_PEEK:c=1639834:ms=685.198:avg=417.846ns PICK:c=0:ms=0:avg=0ns BCP:c=1852187:ms=136910:avg=73918ns L1_STORE:c=128919:ms=18.526:avg=143.703ns L2_STORE:c=1132541:ms=188.8:avg=166.705ns
calls=1500000 depth=25 decisions=1967060 conflicts=259723 stores=1209127 hits=441870 l1_hits=598246
OP_STATS calls=1500000 ANALYZE:c=638389:ms=2367.41:avg=3708.41ns CANONICAL:c=1747973:ms=35573.1:avg=20351.1ns L1_PEEK:c=735824:ms=195.519:avg=265.715ns L2_PEEK:c=1747973:ms=729.841:avg=417.535ns PICK:c=0:ms=0:avg=0ns BCP:c=1968311:ms=144871:avg=73601.6ns L1_STORE:c=137577:ms=19.458:avg=141.434ns L2_STORE:c=1209127:ms=198.023:avg=163.774ns
calls=1600000 depth=21 decisions=2089148 conflicts=269821 stores=1290024 hits=469547 l1_hits=648437
OP_STATS calls=1600000 ANALYZE:c=680962:ms=2538.74:avg=3728.16ns CANONICAL:c=1862912:ms=37871:avg=20328.9ns L1_PEEK:c=795333:ms=213.294:avg=268.182ns L2_PEEK:c=1862912:ms=779.17:avg=418.254ns PICK:c=0:ms=0:avg=0ns BCP:c=2090399:ms=154249:avg=73789.1ns L1_STORE:c=146895:ms=20.3794:avg=138.734ns L2_STORE:c=1290024:ms=208.222:avg=161.409ns
calls=1700000 depth=28 decisions=2215527 conflicts=279775 stores=1373028 hits=501323 l1_hits=695049
OP_STATS calls=1700000 ANALYZE:c=720753:ms=2717.06:avg=3769.76ns CANONICAL:c=1983362:ms=40524.6:avg=20432.3ns L1_PEEK:c=851633:ms=231.893:avg=272.292ns L2_PEEK:c=1983362:ms=832.508:avg=419.746ns PICK:c=0:ms=0:avg=0ns BCP:c=2216778:ms=165166:avg=74507.3ns L1_STORE:c=156583:ms=21.426:avg=136.835ns L2_STORE:c=1373028:ms=219.3:avg=159.72ns
calls=1800000 depth=31 decisions=2346680 conflicts=292113 stores=1457734 hits=535391 l1_hits=738554
OP_STATS calls=1800000 ANALYZE:c=760847:ms=2897.19:avg=3807.84ns CANONICAL:c=2107236:ms=43264.5:avg=20531.4ns L1_PEEK:c=905294:ms=249.786:avg=275.917ns L2_PEEK:c=2107236:ms=892.139:avg=423.369ns PICK:c=0:ms=0:avg=0ns BCP:c=2347931:ms=178077:avg=75844.4ns L1_STORE:c=166738:ms=22.4805:avg=134.825ns L2_STORE:c=1457734:ms=230.898:avg=158.395ns
calls=1900000 depth=24 decisions=2473812 conflicts=301465 stores=1541772 hits=569890 l1_hits=783612
OP_STATS calls=1900000 ANALYZE:c=800587:ms=3081.56:avg=3849.13ns CANONICAL:c=2231089:ms=46030.3:avg=20631.3ns L1_PEEK:c=961748:ms=269.14:avg=279.844ns L2_PEEK:c=2231089:ms=950.986:avg=426.243ns PICK:c=0:ms=0:avg=0ns BCP:c=2475063:ms=189017:avg=76368.4ns L1_STORE:c=178135:ms=23.5773:avg=132.356ns L2_STORE:c=1541772:ms=242.405:avg=157.225ns
calls=2000000 depth=29 decisions=2600724 conflicts=309663 stores=1629395 hits=605491 l1_hits=831175
OP_STATS calls=2000000 ANALYZE:c=843788:ms=3277.71:avg=3884.52ns CANONICAL:c=2358442:ms=48532.1:avg=20578ns L1_PEEK:c=1022074:ms=290.026:avg=283.762ns L2_PEEK:c=2358442:ms=1013.79:avg=429.856ns PICK:c=0:ms=0:avg=0ns BCP:c=2601975:ms=196476:avg=75510.3ns L1_STORE:c=190897:ms=24.7793:avg=129.804ns L2_STORE:c=1629395:ms=253.802:avg=155.764ns
calls=2100000 depth=29 decisions=2724180 conflicts=315903 stores=1712651 hits=640199 l1_hits=878338
OP_STATS calls=2100000 ANALYZE:c=890494:ms=3472.63:avg=3899.67ns CANONICAL:c=2481986:ms=50978.6:avg=20539.5ns L1_PEEK:c=1081147:ms=311.11:avg=287.759ns L2_PEEK:c=2481986:ms=1073.72:avg=432.604ns PICK:c=0:ms=0:avg=0ns BCP:c=2725431:ms=203736:avg=74753.7ns L1_STORE:c=202808:ms=25.986:avg=128.131ns L2_STORE:c=1712651:ms=361.17:avg=210.884ns
calls=2200000 depth=26 decisions=2848159 conflicts=325105 stores=1797880 hits=674832 l1_hits=923545
OP_STATS calls=2200000 ANALYZE:c=930171:ms=3671.63:avg=3947.26ns CANONICAL:c=2606771:ms=53787:avg=20633.6ns L1_PEEK:c=1141286:ms=331.794:avg=290.719ns L2_PEEK:c=2606771:ms=1130.07:avg=433.514ns PICK:c=0:ms=0:avg=0ns BCP:c=2849410:ms=210961:avg=74036.7ns L1_STORE:c=217740:ms=34.0089:avg=156.19ns L2_STORE:c=1797880:ms=371.222:avg=206.478ns
calls=2300000 depth=31 decisions=2974715 conflicts=335328 stores=1880838 hits=706928 l1_hits=971663
OP_STATS calls=2300000 ANALYZE:c=968653:ms=3860.23:avg=3985.15ns CANONICAL:c=2727508:ms=56508.8:avg=20718.1ns L1_PEEK:c=1199487:ms=350.788:avg=292.448ns L2_PEEK:c=2727508:ms=1185.36:avg=434.595ns PICK:c=0:ms=0:avg=0ns BCP:c=2975966:ms=221453:avg=74414ns L1_STORE:c=227823:ms=34.9288:avg=153.316ns L2_STORE:c=1880838:ms=381.966:avg=203.083ns
calls=2400000 depth=26 decisions=3099152 conflicts=344279 stores=1962663 hits=738591 l1_hits=1020784
OP_STATS calls=2400000 ANALYZE:c=1007046:ms=4043.74:avg=4015.45ns CANONICAL:c=2847052:ms=59249.7:avg=20810.9ns L1_PEEK:c=1258726:ms=370.39:avg=294.257ns L2_PEEK:c=2847052:ms=1242.03:avg=436.25ns PICK:c=0:ms=0:avg=0ns BCP:c=3100403:ms=231993:avg=74826.6ns L1_STORE:c=237941:ms=35.8572:avg=150.698ns L2_STORE:c=1962663:ms=392.781:avg=200.126ns
calls=2500000 depth=26 decisions=3226706 conflicts=353601 stores=2044918 hits=773712 l1_hits=1065379
OP_STATS calls=2500000 ANALYZE:c=1045260:ms=4231.09:avg=4047.89ns CANONICAL:c=2970343:ms=62239.8:avg=20953.8ns L1_PEEK:c=1314295:ms=389.945:avg=296.695ns L2_PEEK:c=2970343:ms=1300.84:avg=437.942ns PICK:c=0:ms=0:avg=0ns BCP:c=3227957:ms=244670:avg=75797.3ns L1_STORE:c=248915:ms=36.8577:avg=148.073ns L2_STORE:c=2044918:ms=403.985:avg=197.556ns
calls=2600000 depth=31 decisions=3355531 conflicts=364439 stores=2129325 hits=807154 l1_hits=1111006
OP_STATS calls=2600000 ANALYZE:c=1085348:ms=4415.12:avg=4067.93ns CANONICAL:c=3093392:ms=65003.2:avg=21013.6ns L1_PEEK:c=1370180:ms=408.927:avg=298.448ns L2_PEEK:c=3093392:ms=1361.38:avg=440.094ns PICK:c=0:ms=0:avg=0ns BCP:c=3356782:ms=256777:avg=76494.9ns L1_STORE:c=259173:ms=37.8077:avg=145.878ns L2_STORE:c=2129325:ms=414.981:avg=194.888ns
calls=2700000 depth=35 decisions=3483266 conflicts=373847 stores=2214162 hits=840959 l1_hits=1157796
OP_STATS calls=2700000 ANALYZE:c=1122582:ms=4594.67:avg=4092.95ns CANONICAL:c=3217092:ms=67746.9:avg=21058.4ns L1_PEEK:c=1427396:ms=429.016:avg=300.558ns L2_PEEK:c=3217092:ms=1423.17:avg=442.377ns PICK:c=0:ms=0:avg=0ns BCP:c=3484517:ms=266342:avg=76435.8ns L1_STORE:c=269598:ms=38.8157:avg=143.976ns L2_STORE:c=2214162:ms=426.113:avg=192.449ns
calls=2800000 depth=30 decisions=3608770 conflicts=383455 stores=2296224 hits=874583 l1_hits=1202711
OP_STATS calls=2800000 ANALYZE:c=1160626:ms=4783.9:avg=4121.83ns CANONICAL:c=3338754:ms=70685.8:avg=21171.3ns L1_PEEK:c=1484058:ms=449.561:avg=302.927ns L2_PEEK:c=3338754:ms=1482.68:avg=444.081ns PICK:c=0:ms=0:avg=0ns BCP:c=3610021:ms=277085:avg=76754.5ns L1_STORE:c=281345:ms=39.8595:avg=141.675ns L2_STORE:c=2296224:ms=437.262:avg=190.426ns
calls=2900000 depth=25 decisions=3729138 conflicts=391162 stores=2372025 hits=903671 l1_hits=1249189
OP_STATS calls=2900000 ANALYZE:c=1203084:ms=4959.71:avg=4122.5ns CANONICAL:c=3451706:ms=73192.3:avg=21204.7ns L1_PEEK:c=1538895:ms=468.667:avg=304.548ns L2_PEEK:c=3451706:ms=1537.06:avg=445.305ns PICK:c=0:ms=0:avg=0ns BCP:c=3730389:ms=291320:avg=78093.7ns L1_STORE:c=289705:ms=40.7666:avg=140.718ns L2_STORE:c=2372025:ms=448.217:avg=188.96ns
calls=3000000 depth=28 decisions=3848519 conflicts=400173 stores=2448148 hits=930707 l1_hits=1298465
OP_STATS calls=3000000 ANALYZE:c=1245052:ms=5131.36:avg=4121.4ns CANONICAL:c=3562825:ms=75643.8:avg=21231.4ns L1_PEEK:c=1596878:ms=487.631:avg=305.365ns L2_PEEK:c=3562825:ms=1589.72:avg=446.196ns PICK:c=0:ms=0:avg=0ns BCP:c=3849770:ms=304884:avg=79195.3ns L1_STORE:c=298412:ms=41.6582:avg=139.6ns L2_STORE:c=2448148:ms=458.759:avg=187.39ns
calls=3100000 depth=29 decisions=3963784 conflicts=407608 stores=2521543 hits=955486 l1_hits=1348367
OP_STATS calls=3100000 ANALYZE:c=1290343:ms=5308.94:avg=4114.36ns CANONICAL:c=3669869:ms=77812.5:avg=21203.1ns L1_PEEK:c=1654862:ms=506.256:avg=305.921ns L2_PEEK:c=3669869:ms=1641.01:avg=447.158ns PICK:c=0:ms=0:avg=0ns BCP:c=3965035:ms=314590:avg=79341.1ns L1_STORE:c=306493:ms=42.4523:avg=138.51ns L2_STORE:c=2521543:ms=468.582:avg=185.831ns
calls=3200000 depth=32 decisions=4089188 conflicts=416439 stores=2609219 hits=987770 l1_hits=1398771
OP_STATS calls=3200000 ANALYZE:c=1330088:ms=5498.37:avg=4133.84ns CANONICAL:c=3793939:ms=80356.9:avg=21180.3ns L1_PEEK:c=1716870:ms=527.743:avg=307.387ns L2_PEEK:c=3793939:ms=1706.05:avg=449.678ns PICK:c=0:ms=0:avg=0ns BCP:c=4090439:ms=322844:avg=78926.4ns L1_STORE:c=318097:ms=43.4723:avg=136.664ns L2_STORE:c=2609219:ms=479.523:avg=183.78ns
calls=3300000 depth=31 decisions=4212114 conflicts=425409 stores=2690496 hits=1019753 l1_hits=1445033
OP_STATS calls=3300000 ANALYZE:c=1369812:ms=5683.7:avg=4149.25ns CANONICAL:c=3913438:ms=83057.5:avg=21223.7ns L1_PEEK:c=1774917:ms=548.81:avg=309.203ns L2_PEEK:c=3913438:ms=1766.68:avg=451.438ns PICK:c=0:ms=0:avg=0ns BCP:c=4213365:ms=335528:avg=79634.1ns L1_STORE:c=329882:ms=44.5766:avg=135.129ns L2_STORE:c=2690496:ms=490.782:avg=182.413ns
calls=3400000 depth=28 decisions=4335087 conflicts=432848 stores=2771330 hits=1053278 l1_hits=1490505
OP_STATS calls=3400000 ANALYZE:c=1410743:ms=5876.63:avg=4165.63ns CANONICAL:c=4034185:ms=85704.6:avg=21244.6ns L1_PEEK:c=1831991:ms=571.008:avg=311.687ns L2_PEEK:c=4034185:ms=1828.11:avg=453.154ns PICK:c=0:ms=0:avg=0ns BCP:c=4336338:ms=349659:avg=80634.7ns L1_STORE:c=341485:ms=45.7585:avg=133.999ns L2_STORE:c=2771330:ms=502.623:avg=181.365ns
calls=3500000 depth=27 decisions=4458867 conflicts=439854 stores=2850370 hits=1087428 l1_hits=1534073
OP_STATS calls=3500000 ANALYZE:c=1450878:ms=6048.17:avg=4168.62ns CANONICAL:c=4154361:ms=88287.6:avg=21251.8ns L1_PEEK:c=1885948:ms=591.218:avg=313.486ns L2_PEEK:c=4154361:ms=1890.06:avg=454.958ns PICK:c=0:ms=0:avg=0ns BCP:c=4460118:ms=365000:avg=81836.3ns L1_STORE:c=351874:ms=46.8036:avg=133.012ns L2_STORE:c=2850370:ms=514.348:avg=180.45ns
calls=3600000 depth=28 decisions=4585281 conflicts=450246 stores=2934025 hits=1120605 l1_hits=1579934
OP_STATS calls=3600000 ANALYZE:c=1489070:ms=6233.48:avg=4186.16ns CANONICAL:c=4276642:ms=91118:avg=21306ns L1_PEEK:c=1943516:ms=612.386:avg=315.092ns L2_PEEK:c=4276642:ms=1953.38:avg=456.756ns PICK:c=0:ms=0:avg=0ns BCP:c=4586532:ms=379833:avg=82814.9ns L1_STORE:c=363580:ms=47.9387:avg=131.852ns L2_STORE:c=2934025:ms=526.224:avg=179.352ns
calls=3700000 depth=26 decisions=4713727 conflicts=458452 stores=3018829 hits=1158172 l1_hits=1624459
OP_STATS calls=3700000 ANALYZE:c=1526782:ms=6420.36:avg=4205.16ns CANONICAL:c=4404077:ms=93971.3:avg=21337.4ns L1_PEEK:c=2000301:ms=633.869:avg=316.887ns L2_PEEK:c=4404077:ms=2021.74:avg=459.061ns PICK:c=0:ms=0:avg=0ns BCP:c=4714978:ms=391231:avg=82976.3ns L1_STORE:c=375841:ms=49.0927:avg=130.621ns L2_STORE:c=3018829:ms=538.117:avg=178.254ns
calls=3800000 depth=26 decisions=4838415 conflicts=466197 stores=3096275 hits=1192829 l1_hits=1666986
OP_STATS calls=3800000 ANALYZE:c=1565023:ms=6586.69:avg=4208.68ns CANONICAL:c=4523698:ms=96727.6:avg=21382.4ns L1_PEEK:c=2053025:ms=653.887:avg=318.499ns L2_PEEK:c=4523698:ms=2084.34:avg=460.76ns PICK:c=0:ms=0:avg=0ns BCP:c=4839666:ms=406175:avg=83926.2ns L1_STORE:c=386038:ms=50.1258:avg=129.847ns L2_STORE:c=3096275:ms=550.044:avg=177.647ns
calls=3900000 depth=27 decisions=4959041 conflicts=472529 stores=3173564 hits=1222701 l1_hits=1716209
OP_STATS calls=3900000 ANALYZE:c=1605309:ms=6765.07:avg=4214.19ns CANONICAL:c=4638430:ms=99369.6:avg=21423.1ns L1_PEEK:c=2110256:ms=675.251:avg=319.985ns L2_PEEK:c=4638430:ms=2143.85:avg=462.192ns PICK:c=0:ms=0:avg=0ns BCP:c=4960292:ms=417667:avg=84202ns L1_STORE:c=394046:ms=50.9958:avg=129.416ns L2_STORE:c=3173564:ms=561.781:avg=177.019ns
calls=4000000 depth=24 decisions=5086069 conflicts=479605 stores=3253884 hits=1258825 l1_hits=1759263
OP_STATS calls=4000000 ANALYZE:c=1642451:ms=6939.43:avg=4225.04ns CANONICAL:c=4761432:ms=102229:avg=21470.3ns L1_PEEK:c=2162921:ms=696.835:avg=322.173ns L2_PEEK:c=4761432:ms=2210.4:avg=464.23ns PICK:c=0:ms=0:avg=0ns BCP:c=5087320:ms=431457:avg=84810.2ns L1_STORE:c=403657:ms=52.0809:avg=129.023ns L2_STORE:c=3253884:ms=574.545:avg=176.572ns
calls=4100000 depth=26 decisions=5201913 conflicts=486576 stores=3323582 hits=1285655 l1_hits=1802362
OP_STATS calls=4100000 ANALYZE:c=1685060:ms=7101.68:avg=4214.5ns CANONICAL:c=4868062:ms=104664:avg=21500.1ns L1_PEEK:c=2213877:ms=716.066:avg=323.444ns L2_PEEK:c=4868062:ms=2261.93:avg=464.647ns PICK:c=0:ms=0:avg=0ns BCP:c=5203164:ms=442852:avg=85112ns L1_STORE:c=411514:ms=52.8755:avg=128.49ns L2_STORE:c=3323582:ms=797.933:avg=240.082ns
calls=4200000 depth=29 decisions=5323774 conflicts=492692 stores=3402863 hits=1317659 l1_hits=1853515
OP_STATS calls=4200000 ANALYZE:c=1724915:ms=7279.86:avg=4220.41ns CANONICAL:c=4986254:ms=107317:avg=21522.6ns L1_PEEK:c=2274383:ms=736.924:avg=324.011ns L2_PEEK:c=4986254:ms=2318.27:avg=464.932ns PICK:c=0:ms=0:avg=0ns BCP:c=5325025:ms=453246:avg=85116.2ns L1_STORE:c=420867:ms=69.9329:avg=166.164ns L2_STORE:c=3402863:ms=808.02:avg=237.453ns
calls=4300000 depth=28 decisions=5445631 conflicts=497778 stores=3481294 hits=1350655 l1_hits=1903478
OP_STATS calls=4300000 ANALYZE:c=1764739:ms=7456.41:avg=4225.22ns CANONICAL:c=5104870:ms=109994:avg=21546.9ns L1_PEEK:c=2333381:ms=757.709:avg=324.726ns L2_PEEK:c=5104870:ms=2375.17:avg=465.275ns PICK:c=0:ms=0:avg=0ns BCP:c=5446882:ms=463271:avg=85052.5ns L1_STORE:c=429902:ms=70.7262:avg=164.517ns L2_STORE:c=3481294:ms=818.109:avg=235.001ns
calls=4400000 depth=19 decisions=5564036 conflicts=504386 stores=3555075 hits=1379921 l1_hits=1951943
OP_STATS calls=4400000 ANALYZE:c=1806095:ms=7631.56:avg=4225.45ns CANONICAL:c=5216652:ms=112593:avg=21583.4ns L1_PEEK:c=2390573:ms=777.959:avg=325.428ns L2_PEEK:c=5216652:ms=2428.02:avg=465.436ns PICK:c=0:ms=0:avg=0ns BCP:c=5565287:ms=474239:avg=85213.7ns L1_STORE:c=438629:ms=71.4592:avg=162.915ns L2_STORE:c=3555075:ms=827.699:avg=232.822ns
calls=4500000 depth=24 decisions=5693563 conflicts=513056 stores=3638138 hits=1417543 l1_hits=1996050
OP_STATS calls=4500000 ANALYZE:c=1842726:ms=7814.36:avg=4240.65ns CANONICAL:c=5342986:ms=115583:avg=21632.6ns L1_PEEK:c=2445801:ms=799.2:avg=326.764ns L2_PEEK:c=5342986:ms=2497.81:avg=467.492ns PICK:c=0:ms=0:avg=0ns BCP:c=5694814:ms=489078:avg=85881.3ns L1_STORE:c=449750:ms=72.4856:avg=161.169ns L2_STORE:c=3638138:ms=839.114:avg=230.644ns
calls=4600000 depth=18 decisions=5834132 conflicts=525369 stores=3723393 hits=1459997 l1_hits=2032070
OP_STATS calls=4600000 ANALYZE:c=1873809:ms=7983.65:avg=4260.65ns CANONICAL:c=5475606:ms=119014:avg=21735.3ns L1_PEEK:c=2491102:ms=817.412:avg=328.133ns L2_PEEK:c=5475606:ms=2564.43:avg=468.337ns PICK:c=0:ms=0:avg=0ns BCP:c=5835383:ms=516681:avg=88542.8ns L1_STORE:c=459031:ms=73.5161:avg=160.155ns L2_STORE:c=3723393:ms=853.014:avg=229.096ns
calls=4700000 depth=22 decisions=5960064 conflicts=538374 stores=3790713 hits=1489383 l1_hits=2062737
OP_STATS calls=4700000 ANALYZE:c=1917663:ms=8139.51:avg=4244.5ns CANONICAL:c=5583208:ms=121459:avg=21754.3ns L1_PEEK:c=2527336:ms=829.78:avg=328.322ns L2_PEEK:c=5583208:ms=2609.24:avg=467.338ns PICK:c=0:ms=0:avg=0ns BCP:c=5961315:ms=538994:avg=90415.3ns L1_STORE:c=464598:ms=74.4074:avg=160.154ns L2_STORE:c=3790713:ms=863.607:avg=227.822ns
calls=4800000 depth=27 decisions=6084060 conflicts=550580 stores=3861764 hits=1519282 l1_hits=2095932
OP_STATS calls=4800000 ANALYZE:c=1958954:ms=8320.69:avg=4247.52ns CANONICAL:c=5693811:ms=124060:avg=21788.5ns L1_PEEK:c=2568991:ms=845.439:avg=329.094ns L2_PEEK:c=5693811:ms=2655.53:avg=466.388ns PICK:c=0:ms=0:avg=0ns BCP:c=6085311:ms=557706:avg=91647.9ns L1_STORE:c=473058:ms=75.5204:avg=159.643ns L2_STORE:c=3861764:ms=873.91:avg=226.298ns
calls=4900000 depth=24 decisions=6210124 conflicts=559916 stores=3934200 hits=1553312 l1_hits=2129394
OP_STATS calls=4900000 ANALYZE:c=2002185:ms=8492.69:avg=4241.71ns CANONICAL:c=5809463:ms=126539:avg=21781.5ns L1_PEEK:c=2610567:ms=860.929:avg=329.786ns L2_PEEK:c=5809463:ms=2705.5:avg=465.705ns PICK:c=0:ms=0:avg=0ns BCP:c=6211375:ms=576925:avg=92881.9ns L1_STORE:c=481172:ms=76.5184:avg=159.025ns L2_STORE:c=3934200:ms=883.845:avg=224.657ns
calls=5000000 depth=21 decisions=6333948 conflicts=569932 stores=4005169 hits=1584641 l1_hits=2164045
OP_STATS calls=5000000 ANALYZE:c=2041900:ms=8650.68:avg=4236.58ns CANONICAL:c=5921436:ms=129062:avg=21795.7ns L1_PEEK:c=2653061:ms=876.628:avg=330.421ns L2_PEEK:c=5921436:ms=2753.83:avg=465.062ns PICK:c=0:ms=0:avg=0ns BCP:c=6335199:ms=594598:avg=93856.2ns L1_STORE:c=489015:ms=77.4154:avg=158.309ns L2_STORE:c=4005169:ms=893.762:avg=223.152ns
calls=5100000 depth=28 decisions=6452817 conflicts=579048 stores=4069090 hits=1612058 l1_hits=2197933
OP_STATS calls=5100000 ANALYZE:c=2083827:ms=8794.22:avg=4220.22ns CANONICAL:c=6024804:ms=131359:avg=21803.1ns L1_PEEK:c=2692588:ms=890.65:avg=330.778ns L2_PEEK:c=6024804:ms=2798.5:avg=464.496ns PICK:c=0:ms=0:avg=0ns BCP:c=6454068:ms=610762:avg=94632.1ns L1_STORE:c=494654:ms=78.1635:avg=158.017ns L2_STORE:c=4069090:ms=903.314:avg=221.994ns
calls=5200000 depth=28 decisions=6575896 conflicts=586463 stores=4139914 hits=1645196 l1_hits=2232812
OP_STATS calls=5200000 ANALYZE:c=2122996:ms=8944.07:avg=4212.95ns CANONICAL:c=6138491:ms=133886:avg=21810.8ns L1_PEEK:c=2735216:ms=906.704:avg=331.493ns L2_PEEK:c=6138491:ms=2849.97:avg=464.278ns PICK:c=0:ms=0:avg=0ns BCP:c=6577147:ms=623232:avg=94757.2ns L1_STORE:c=502403:ms=78.9835:avg=157.211ns L2_STORE:c=4139914:ms=912.446:avg=220.402ns


variables (total / active / free)	625/625/0
clauses (removed) 			1816 (30)
decisions 				6696738
conflicts 				597519
conflict clauses (all/bin/unit) 	548798/0/0

failed literals found by implicit BCP 	 0
implicit BCP miss rate 	 0%
bytes cache size (live)	475662000	(453.627 MB), evictions 0
cache (stores / hits) 			4207573/1677781
cache miss rate 71.4923%
 avg. variable count (stores / hits) 	0/0


# solutions 
2337397011807753781248
# END

time: 1283.96s

OP_STATS FINAL ANALYZE:c=2155423:ms=9081.93:avg=4213.53ns CANONICAL:c=6246612:ms=136597:avg=21867.4ns L1_PEEK:c=2769363:ms=919.503:avg=332.027ns L2_PEEK:c=6246612:ms=2899.57:avg=464.183ns PICK:c=0:ms=0:avg=0ns BCP:c=6697989:ms=647469:avg=96666.2ns L1_STORE:c=508641:ms=79.8924:avg=157.07ns L2_STORE:c=4207574:ms=923.453:avg=219.474ns
BCP_PATHS FINAL visits=48130873719 A_removed=0(0%) B_sat=42803888973(88.9323%) C1_sound=0(0%) C2_comp=36115843(0.0750367%) D_early=2172282862(4.51328%) E_late=3042506767(6.32132%) F_prop=75569797(0.157009%) G_confl=509477(0.00105852%) scan_avg_lits=2.47147
PATHC_DETAIL FINAL sound_calls=5241628065 memo_hit%=99.9895 avg_bfs_per_miss=402.287 in_component_calls=5241628065 in_component_avg_walk=27.4064
OPEN_WORK n_root=625 n_open_comps=0 bound_log2=0 progress_bits=625 sizes=
MIDSEP_STATS decomp_attempts=2 decomp_splits=1
LEARN_FILTER_STATS learned_clauses=548798 dedup_dropped=48721 binary_filter_fires=0
SCC_UNSAT_STATS enabled=0 pruned_lit=0 pruned_clause=0 total=0
DIAG_STATS num_decisions=6696738 avg_bcp/dec=18.5801 avg_comp_at_entry=184.784 avg_L2_hit_size=95.3212 max_L2_hit_size=354 avg_L2_store_size=183.94 max_L2_store_size=625
L2_HIT_HIST [0-25)=237388 [25-50)=325715 [50-100)=408594 [100-200)=574018 [200-400)=104231 [400+)=0
L2_STORE_HIST [0-25)=7468 [25-50)=88426 [50-100)=631124 [100-200)=1366218 [200-400)=2077461 [400+)=36877
FULL_CACHE_STATS l2_stores=4207574 l2_hits=1677781 l1_stores=508641 l1_hits=2260722 l1_misses=508641 total_lookups=2769363 total_hits=3938503
