Solving /Users/konstantin.kutzkov/Desktop/Code/SharpSAT/temp_cnf/mc2026_public/mc2026_track1_169.cnf
variables (all/used/free): 	636/636/0
clauses (all/long/binary/unit): 1816/1039/776/1

Preprocessing ..preprocess: 1786 -> 1786 clauses (subsumed=0 pure_dup=0 ssr=0 forced=0 passes=1 elapsed_ms=0)
 DONE
variables (all/used/free): 	625/625/0
clauses (all/long/binary/unit): 1786/1028/758/0
NDHierarchy: 651 tree nodes, 256 internal (sep), 69 passthrough, 326 leaves, 471 total sep elements (vars=435 clauses=36), max_sep=17 (vars=17 clauses=0), sep_buckets=[1-2:224, 3-4:21, 5-7:6, 8-15:3, 16-31:2, 32-63:0, 64+:0], sep_clause_len=[3:36, 4:0, 5:0, 6:0, 7:0, 8:0, 9:0, 10-15:0, 16+:0]
NDCentrality: root_sep_vars=17 scored=17 max_deg=14.0
ROOT_DECOMP: root_active=625 subcomps=1 trivial_factor=1 sub0=625
calls=100000 depth=37 decisions=143828 conflicts=34943 stores=92876 hits=24451 l1_hits=35807
OP_STATS calls=100000 ANALYZE:c=39661:ms=140.199:avg=3534.93ns CANONICAL:c=119728:ms=1565.92:avg=13079ns L1_PEEK:c=49008:ms=8.05319:avg=164.324ns L2_PEEK:c=119728:ms=37.6452:avg=314.423ns PICK:c=0:ms=0:avg=0ns BCP:c=145079:ms=2139.26:avg=14745.5ns L1_STORE:c=13199:ms=1.65366:avg=125.287ns L2_STORE:c=92876:ms=7.85078:avg=84.5297ns
calls=200000 depth=27 decisions=288428 conflicts=71043 stores=179104 hits=48163 l1_hits=66370
OP_STATS calls=200000 ANALYZE:c=72964:ms=292.336:avg=4006.58ns CANONICAL:c=234252:ms=3588.87:avg=15320.5ns L1_PEEK:c=90189:ms=17.83:avg=197.696ns L2_PEEK:c=234252:ms=82.8492:avg=353.676ns PICK:c=0:ms=0:avg=0ns BCP:c=289679:ms=7589.35:avg=26199.2ns L1_STORE:c=23818:ms=2.59247:avg=108.845ns L2_STORE:c=179104:ms=17.4078:avg=97.194ns
calls=300000 depth=34 decisions=433294 conflicts=102271 stores=262309 hits=75937 l1_hits=94711
OP_STATS calls=300000 ANALYZE:c=104804:ms=436.776:avg=4167.55ns CANONICAL:c=350834:ms=5870.05:avg=16731.7ns L1_PEEK:c=127070:ms=27.2008:avg=214.061ns L2_PEEK:c=350834:ms=129.204:avg=368.278ns PICK:c=0:ms=0:avg=0ns BCP:c=434545:ms=18605.7:avg=42816.4ns L1_STORE:c=32358:ms=4.25476:avg=131.49ns L2_STORE:c=262309:ms=29.8362:avg=113.744ns
calls=400000 depth=56 decisions=559720 conflicts=120551 stores=346456 hits=100367 l1_hits=141222
OP_STATS calls=400000 ANALYZE:c=161199:ms=611.56:avg=3793.82ns CANONICAL:c=464710:ms=7544.89:avg=16235.7ns L1_PEEK:c=184588:ms=38.9819:avg=211.183ns L2_PEEK:c=464710:ms=161.499:avg=347.527ns PICK:c=0:ms=0:avg=0ns BCP:c=560971:ms=24961.3:avg=44496.6ns L1_STORE:c=43365:ms=5.25506:avg=121.182ns L2_STORE:c=346456:ms=37.5839:avg=108.481ns
calls=500000 depth=26 decisions=679717 conflicts=128851 stores=425420 hits=129397 l1_hits=190120
OP_STATS calls=500000 ANALYZE:c=221546:ms=785.891:avg=3547.31ns CANONICAL:c=579696:ms=9066.9:avg=15640.8ns L1_PEEK:c=243797:ms=51.9762:avg=213.195ns L2_PEEK:c=579696:ms=201.423:avg=347.464ns PICK:c=0:ms=0:avg=0ns BCP:c=680968:ms=29459.4:avg=43261ns L1_STORE:c=53676:ms=7.81492:avg=145.594ns L2_STORE:c=425420:ms=58.2665:avg=136.962ns
calls=600000 depth=23 decisions=808890 conflicts=136731 stores=511863 hits=166923 l1_hits=236168
OP_STATS calls=600000 ANALYZE:c=277767:ms=982.786:avg=3538.17ns CANONICAL:c=708182:ms=10889.3:avg=15376.4ns L1_PEEK:c=301558:ms=66.3966:avg=220.178ns L2_PEEK:c=708182:ms=246.747:avg=348.423ns PICK:c=0:ms=0:avg=0ns BCP:c=810141:ms=34387.4:avg=42446.2ns L1_STORE:c=65389:ms=8.75213:avg=133.847ns L2_STORE:c=511863:ms=65.9627:avg=128.868ns
calls=700000 depth=23 decisions=948680 conflicts=159997 stores=596725 hits=197778 l1_hits=270679
OP_STATS calls=700000 ANALYZE:c=319084:ms=1143.52:avg=3583.77ns CANONICAL:c=828945:ms=13034.4:avg=15724.1ns L1_PEEK:c=345354:ms=77.9868:avg=225.817ns L2_PEEK:c=828945:ms=296.035:avg=357.122ns PICK:c=0:ms=0:avg=0ns BCP:c=949931:ms=44884.3:avg=47250ns L1_STORE:c=74674:ms=9.56719:avg=128.119ns L2_STORE:c=596725:ms=75.1471:avg=125.933ns
calls=800000 depth=25 decisions=1079926 conflicts=177684 stores=674592 hits=227788 l1_hits=307081
OP_STATS calls=800000 ANALYZE:c=355187:ms=1289.29:avg=3629.89ns CANONICAL:c=944201:ms=15214.1:avg=16113.2ns L1_PEEK:c=390830:ms=91.2727:avg=233.536ns L2_PEEK:c=944201:ms=346.412:avg=366.884ns PICK:c=0:ms=0:avg=0ns BCP:c=1081177:ms=54179.3:avg=50111.4ns L1_STORE:c=83748:ms=10.4292:avg=124.531ns L2_STORE:c=674592:ms=84.5142:avg=125.282ns
calls=900000 depth=29 decisions=1216178 conflicts=193025 stores=761139 hits=262359 l1_hits=350753
OP_STATS calls=900000 ANALYZE:c=388269:ms=1432.62:avg=3689.76ns CANONICAL:c=1069806:ms=17632.5:avg=16482ns L1_PEEK:c=443679:ms=106.953:avg=241.059ns L2_PEEK:c=1069806:ms=402.885:avg=376.596ns PICK:c=0:ms=0:avg=0ns BCP:c=1217429:ms=67626.7:avg=55548.8ns L1_STORE:c=92924:ms=11.2887:avg=121.483ns L2_STORE:c=761139:ms=95.4769:avg=125.439ns
calls=1000000 depth=27 decisions=1351242 conflicts=206126 stores=842916 hits=298791 l1_hits=389448
OP_STATS calls=1000000 ANALYZE:c=424172:ms=1577.37:avg=3718.71ns CANONICAL:c=1194088:ms=20075.7:avg=16812.6ns L1_PEEK:c=490768:ms=121.483:avg=247.536ns L2_PEEK:c=1194088:ms=461.091:avg=386.145ns PICK:c=0:ms=0:avg=0ns BCP:c=1352493:ms=82626.3:avg=61091.8ns L1_STORE:c=101319:ms=12.1249:avg=119.671ns L2_STORE:c=842916:ms=142.945:avg=169.583ns
calls=1100000 depth=28 decisions=1483392 conflicts=220020 stores=920472 hits=331524 l1_hits=428897
OP_STATS calls=1100000 ANALYZE:c=463441:ms=1728.1:avg=3728.84ns CANONICAL:c=1311858:ms=22376:avg=17056.7ns L1_PEEK:c=537212:ms=134.683:avg=250.707ns L2_PEEK:c=1311858:ms=510.052:avg=388.802ns PICK:c=0:ms=0:avg=0ns BCP:c=1484643:ms=97080.3:avg=65389.6ns L1_STORE:c=108314:ms=15.5765:avg=143.809ns L2_STORE:c=920472:ms=152.608:avg=165.793ns
calls=1200000 depth=27 decisions=1607632 conflicts=229544 stores=998261 hits=363476 l1_hits=472457
OP_STATS calls=1200000 ANALYZE:c=508302:ms=1894.86:avg=3727.83ns CANONICAL:c=1429003:ms=24374.4:avg=17056.9ns L1_PEEK:c=590605:ms=149.523:avg=253.169ns L2_PEEK:c=1429003:ms=559.195:avg=391.318ns PICK:c=0:ms=0:avg=0ns BCP:c=1608883:ms=105902:avg=65823.5ns L1_STORE:c=118146:ms=16.4358:avg=139.114ns L2_STORE:c=998261:ms=161.496:avg=161.778ns
calls=1300000 depth=31 decisions=1740760 conflicts=246530 stores=1075067 hits=393021 l1_hits=511904
OP_STATS calls=1300000 ANALYZE:c=543809:ms=2047.89:avg=3765.82ns CANONICAL:c=1543087:ms=26784.1:avg=17357.5ns L1_PEEK:c=635724:ms=163.651:avg=257.424ns L2_PEEK:c=1543087:ms=604.795:avg=391.939ns PICK:c=0:ms=0:avg=0ns BCP:c=1742011:ms=126987:avg=72896.8ns L1_STORE:c=123819:ms=17.1678:avg=138.653ns L2_STORE:c=1075067:ms=172.947:avg=160.871ns
calls=1400000 depth=22 decisions=1876092 conflicts=259672 stores=1151799 hits=428740 l1_hits=547140
OP_STATS calls=1400000 ANALYZE:c=577358:ms=2189.38:avg=3792.06ns CANONICAL:c=1663289:ms=29425.1:avg=17690.9ns L1_PEEK:c=676731:ms=177.837:avg=262.789ns L2_PEEK:c=1663289:ms=655.231:avg=393.937ns PICK:c=0:ms=0:avg=0ns BCP:c=1877343:ms=147783:avg=78719.4ns L1_STORE:c=129590:ms=17.8995:avg=138.124ns L2_STORE:c=1151799:ms=185.764:avg=161.281ns
calls=1500000 depth=34 decisions=2008110 conflicts=278101 stores=1230028 hits=456535 l1_hits=586915
OP_STATS calls=1500000 ANALYZE:c=614596:ms=2352.47:avg=3827.67ns CANONICAL:c=1776578:ms=31780:avg=17888.3ns L1_PEEK:c=723459:ms=192.539:avg=266.137ns L2_PEEK:c=1776578:ms=696.893:avg=392.267ns PICK:c=0:ms=0:avg=0ns BCP:c=2009361:ms=166494:avg=82859ns L1_STORE:c=136543:ms=18.8617:avg=138.137ns L2_STORE:c=1230028:ms=197.855:avg=160.854ns
calls=1600000 depth=26 decisions=2133860 conflicts=289170 stores=1313845 hits=486179 l1_hits=637143
OP_STATS calls=1600000 ANALYZE:c=654439:ms=2537.72:avg=3877.71ns CANONICAL:c=1895428:ms=34017.5:avg=17947.1ns L1_PEEK:c=783253:ms=212.202:avg=270.924ns L2_PEEK:c=1895428:ms=741.25:avg=391.072ns PICK:c=0:ms=0:avg=0ns BCP:c=2135111:ms=179016:avg=83844ns L1_STORE:c=146109:ms=19.9378:avg=136.459ns L2_STORE:c=1313845:ms=209.815:avg=159.695ns
calls=1700000 depth=31 decisions=2259105 conflicts=299669 stores=1398333 hits=515303 l1_hits=689112
OP_STATS calls=1700000 ANALYZE:c=699706:ms=2733.08:avg=3906.04ns CANONICAL:c=2014214:ms=36160.8:avg=17952.8ns L1_PEEK:c=844431:ms=231.802:avg=274.506ns L2_PEEK:c=2014214:ms=788.728:avg=391.581ns PICK:c=0:ms=0:avg=0ns BCP:c=2260356:ms=193162:avg=85456.6ns L1_STORE:c=155317:ms=20.9721:avg=135.028ns L2_STORE:c=1398333:ms=221.651:avg=158.511ns
calls=1800000 depth=31 decisions=2384283 conflicts=306732 stores=1484809 hits=549087 l1_hits=740713
OP_STATS calls=1800000 ANALYZE:c=743896:ms=2925.87:avg=3933.17ns CANONICAL:c=2138982:ms=38334.2:avg=17921.7ns L1_PEEK:c=907193:ms=251.88:avg=277.647ns L2_PEEK:c=2138982:ms=845.98:avg=395.506ns PICK:c=0:ms=0:avg=0ns BCP:c=2385534:ms=200694:avg=84129.7ns L1_STORE:c=166478:ms=21.9901:avg=132.09ns L2_STORE:c=1484809:ms=233.16:avg=157.03ns
calls=1900000 depth=33 decisions=2511043 conflicts=313525 stores=1572894 hits=585277 l1_hits=790005
OP_STATS calls=1900000 ANALYZE:c=791006:ms=3121.38:avg=3946.09ns CANONICAL:c=2267230:ms=40419.2:avg=17827.6ns L1_PEEK:c=968737:ms=271.472:avg=280.233ns L2_PEEK:c=2267230:ms=906.922:avg=400.013ns PICK:c=0:ms=0:avg=0ns BCP:c=2512294:ms=207773:avg=82702.4ns L1_STORE:c=178730:ms=23.1312:avg=129.42ns L2_STORE:c=1572894:ms=244.17:avg=155.236ns
calls=2000000 depth=22 decisions=2644319 conflicts=326650 stores=1662441 hits=621248 l1_hits=833599
OP_STATS calls=2000000 ANALYZE:c=829083:ms=3325.14:avg=4010.63ns CANONICAL:c=2396225:ms=42901.2:avg=17903.6ns L1_PEEK:c=1024663:ms=292.32:avg=285.284ns L2_PEEK:c=2396225:ms=966.028:avg=403.146ns PICK:c=0:ms=0:avg=0ns BCP:c=2645570:ms=222451:avg=84084.4ns L1_STORE:c=191063:ms=24.451:avg=127.974ns L2_STORE:c=1662441:ms=356.446:avg=214.411ns
calls=2100000 depth=28 decisions=2770173 conflicts=334959 stores=1744687 hits=656820 l1_hits=878248
OP_STATS calls=2100000 ANALYZE:c=868972:ms=3512.51:avg=4042.14ns CANONICAL:c=2519965:ms=45313:avg=17981.6ns L1_PEEK:c=1081423:ms=313.73:avg=290.108ns L2_PEEK:c=2519965:ms=1021.91:avg=405.527ns PICK:c=0:ms=0:avg=0ns BCP:c=2771424:ms=233955:avg=84417ns L1_STORE:c=203173:ms=25.6031:avg=126.016ns L2_STORE:c=1744687:ms=366.763:avg=210.217ns
calls=2200000 depth=28 decisions=2898963 conflicts=344594 stores=1833512 hits=694425 l1_hits=924232
OP_STATS calls=2200000 ANALYZE:c=905611:ms=3709.85:avg=4096.51ns CANONICAL:c=2650120:ms=47848.8:avg=18055.3ns L1_PEEK:c=1142131:ms=334.913:avg=293.235ns L2_PEEK:c=2650120:ms=1081.44:avg=408.071ns PICK:c=0:ms=0:avg=0ns BCP:c=2900214:ms=243040:avg=83800.8ns L1_STORE:c=217898:ms=33.3496:avg=153.051ns L2_STORE:c=1833512:ms=377.529:avg=205.905ns
calls=2300000 depth=26 decisions=3030962 conflicts=360010 stores=1919726 hits=726657 l1_hits=967641
OP_STATS calls=2300000 ANALYZE:c=940988:ms=3891.16:avg=4135.18ns CANONICAL:c=2773160:ms=50305.4:avg=18140.1ns L1_PEEK:c=1196594:ms=353.9:avg=295.756ns L2_PEEK:c=2773160:ms=1138.68:avg=410.608ns PICK:c=0:ms=0:avg=0ns BCP:c=3032213:ms=258827:avg=85359.2ns L1_STORE:c=228952:ms=34.2886:avg=149.763ns L2_STORE:c=1919726:ms=389.423:avg=202.853ns
calls=2400000 depth=30 decisions=3165256 conflicts=373114 stores=2005787 hits=762141 l1_hits=1009229
OP_STATS calls=2400000 ANALYZE:c=974782:ms=4054.22:avg=4159.1ns CANONICAL:c=2899353:ms=52756.2:avg=18195.8ns L1_PEEK:c=1247830:ms=371.31:avg=297.565ns L2_PEEK:c=2899353:ms=1198.93:avg=413.516ns PICK:c=0:ms=0:avg=0ns BCP:c=3166507:ms=273123:avg=86253.6ns L1_STORE:c=238600:ms=35.1129:avg=147.162ns L2_STORE:c=2005787:ms=401.003:avg=199.923ns
calls=2500000 depth=30 decisions=3296478 conflicts=383832 stores=2095227 hits=797800 l1_hits=1058246
OP_STATS calls=2500000 ANALYZE:c=1010426:ms=4239.45:avg=4195.7ns CANONICAL:c=3027973:ms=55248:avg=18245.9ns L1_PEEK:c=1308483:ms=392.135:avg=299.687ns L2_PEEK:c=3027973:ms=1260.56:avg=416.306ns PICK:c=0:ms=0:avg=0ns BCP:c=3297729:ms=286664:avg=86927.8ns L1_STORE:c=250235:ms=36.1079:avg=144.296ns L2_STORE:c=2095227:ms=412.98:avg=197.105ns
calls=2600000 depth=28 decisions=3426047 conflicts=394555 stores=2178882 hits=831808 l1_hits=1103063
OP_STATS calls=2600000 ANALYZE:c=1046453:ms=4412.22:avg=4216.35ns CANONICAL:c=3151083:ms=57659:avg=18298.2ns L1_PEEK:c=1363013:ms=410.843:avg=301.423ns L2_PEEK:c=3151083:ms=1319.39:avg=418.711ns PICK:c=0:ms=0:avg=0ns BCP:c=3427298:ms=298692:avg=87150.8ns L1_STORE:c=259949:ms=36.9297:avg=142.065ns L2_STORE:c=2178882:ms=424.139:avg=194.659ns
calls=2700000 depth=27 decisions=3556652 conflicts=404461 stores=2263625 hits=868744 l1_hits=1147071
OP_STATS calls=2700000 ANALYZE:c=1082809:ms=4591.69:avg=4240.53ns CANONICAL:c=3277847:ms=60250.9:avg=18381.2ns L1_PEEK:c=1418172:ms=430.604:avg=303.633ns L2_PEEK:c=3277847:ms=1383.23:avg=421.992ns PICK:c=0:ms=0:avg=0ns BCP:c=3557903:ms=312709:avg=87891.5ns L1_STORE:c=271099:ms=37.8366:avg=139.567ns L2_STORE:c=2263625:ms=435.86:avg=192.55ns
calls=2800000 depth=27 decisions=3683686 conflicts=413411 stores=2345358 hits=904471 l1_hits=1189623
OP_STATS calls=2800000 ANALYZE:c=1120128:ms=4770.1:avg=4258.53ns CANONICAL:c=3401396:ms=62743.9:avg=18446.5ns L1_PEEK:c=1472277:ms=450.345:avg=305.883ns L2_PEEK:c=3401396:ms=1445.21:avg=424.887ns PICK:c=0:ms=0:avg=0ns BCP:c=3684937:ms=323590:avg=87814.1ns L1_STORE:c=282653:ms=38.7552:avg=137.112ns L2_STORE:c=2345358:ms=446.925:avg=190.557ns
calls=2900000 depth=25 decisions=3820817 conflicts=426566 stores=2429985 hits=942726 l1_hits=1228883
OP_STATS calls=2900000 ANALYZE:c=1155095:ms=4936.1:avg=4273.32ns CANONICAL:c=3529401:ms=65503.4:avg=18559.4ns L1_PEEK:c=1520692:ms=467.61:avg=307.498ns L2_PEEK:c=3529401:ms=1510.41:avg=427.95ns PICK:c=0:ms=0:avg=0ns BCP:c=3822068:ms=343663:avg=89915.6ns L1_STORE:c=291808:ms=39.6567:avg=135.9ns L2_STORE:c=2429985:ms=460.046:avg=189.32ns
calls=3000000 depth=24 decisions=3943459 conflicts=436683 stores=2511014 hits=972297 l1_hits=1278031
OP_STATS calls=3000000 ANALYZE:c=1194847:ms=5114.97:avg=4280.86ns CANONICAL:c=3646324:ms=67669.1:avg=18558.2ns L1_PEEK:c=1580562:ms=488.483:avg=309.056ns L2_PEEK:c=3646324:ms=1568.12:avg=430.055ns PICK:c=0:ms=0:avg=0ns BCP:c=3944710:ms=356725:avg=90431.2ns L1_STORE:c=302530:ms=40.563:avg=134.079ns L2_STORE:c=2511014:ms=471.394:avg=187.73ns
calls=3100000 depth=26 decisions=4067358 conflicts=446940 stores=2593054 hits=1002984 l1_hits=1328169
OP_STATS calls=3100000 ANALYZE:c=1234024:ms=5300.68:avg=4295.44ns CANONICAL:c=3765039:ms=69959.7:avg=18581.4ns L1_PEEK:c=1641759:ms=509.973:avg=310.626ns L2_PEEK:c=3765039:ms=1626.63:avg=432.036ns PICK:c=0:ms=0:avg=0ns BCP:c=4068609:ms=369818:avg=90895.4ns L1_STORE:c=313589:ms=41.5273:avg=132.426ns L2_STORE:c=2593054:ms=482.761:avg=186.175ns
calls=3200000 depth=21 decisions=4198844 conflicts=454611 stores=2684176 hits=1040991 l1_hits=1378325
OP_STATS calls=3200000 ANALYZE:c=1270659:ms=5493.62:avg=4323.45ns CANONICAL:c=3897124:ms=72363.6:avg=18568.5ns L1_PEEK:c=1703146:ms=532.828:avg=312.849ns L2_PEEK:c=3897124:ms=1693.23:avg=434.482ns PICK:c=0:ms=0:avg=0ns BCP:c=4200095:ms=380734:avg=90648.8ns L1_STORE:c=324820:ms=42.6268:avg=131.232ns L2_STORE:c=2684176:ms=494.99:avg=184.41ns
calls=3300000 depth=23 decisions=4327595 conflicts=463834 stores=2770236 hits=1077511 l1_hits=1424373
OP_STATS calls=3300000 ANALYZE:c=1307865:ms=5687.82:avg=4348.94ns CANONICAL:c=4024352:ms=74951.3:avg=18624.4ns L1_PEEK:c=1761540:ms=555.649:avg=315.434ns L2_PEEK:c=4024352:ms=1757.49:avg=436.715ns PICK:c=0:ms=0:avg=0ns BCP:c=4328846:ms=393375:avg=90872.9ns L1_STORE:c=337166:ms=43.8045:avg=129.92ns L2_STORE:c=2770236:ms=507.344:avg=183.141ns
calls=3400000 depth=29 decisions=4449865 conflicts=474351 stores=2847535 hits=1105066 l1_hits=1472934
OP_STATS calls=3400000 ANALYZE:c=1348357:ms=5859.98:avg=4346.02ns CANONICAL:c=4136777:ms=77143.8:avg=18648.3ns L1_PEEK:c=1818338:ms=575.881:avg=316.708ns L2_PEEK:c=4136777:ms=1816.27:avg=439.054ns PICK:c=0:ms=0:avg=0ns BCP:c=4451116:ms=408811:avg=91844.6ns L1_STORE:c=345402:ms=44.7023:avg=129.421ns L2_STORE:c=2847535:ms=519.06:avg=182.284ns
calls=3500000 depth=29 decisions=4569951 conflicts=482353 stores=2924822 hits=1132979 l1_hits=1524424
OP_STATS calls=3500000 ANALYZE:c=1390054:ms=6037.05:avg=4343.04ns CANONICAL:c=4249548:ms=79408.6:avg=18686.4ns L1_PEEK:c=1878086:ms=596.741:avg=317.739ns L2_PEEK:c=4249548:ms=1873.95:avg=440.977ns PICK:c=0:ms=0:avg=0ns BCP:c=4571202:ms=422826:avg=92497.9ns L1_STORE:c=353660:ms=45.5509:avg=128.799ns L2_STORE:c=2924822:ms=530.644:avg=181.428ns
calls=3600000 depth=27 decisions=4694456 conflicts=491990 stores=3002408 hits=1164718 l1_hits=1569047
OP_STATS calls=3600000 ANALYZE:c=1428723:ms=6210.94:avg=4347.2ns CANONICAL:c=4366343:ms=81769.7:avg=18727.3ns L1_PEEK:c=1932108:ms=617.497:avg=319.598ns L2_PEEK:c=4366343:ms=1932.91:avg=442.685ns PICK:c=0:ms=0:avg=0ns BCP:c=4695707:ms=438596:avg=93403.5ns L1_STORE:c=363060:ms=46.5537:avg=128.226ns L2_STORE:c=3002408:ms=542.971:avg=180.845ns
calls=3700000 depth=30 decisions=4824225 conflicts=500377 stores=3088503 hits=1203168 l1_hits=1615925
OP_STATS calls=3700000 ANALYZE:c=1465181:ms=6407.47:avg=4373.16ns CANONICAL:c=4495524:ms=84340.2:avg=18760.9ns L1_PEEK:c=1991419:ms=642.086:avg=322.426ns L2_PEEK:c=4495524:ms=2004.67:avg=445.925ns PICK:c=0:ms=0:avg=0ns BCP:c=4825476:ms=453920:avg=94067.4ns L1_STORE:c=375493:ms=47.9019:avg=127.571ns L2_STORE:c=3088503:ms=556.736:avg=180.261ns
calls=3800000 depth=20 decisions=4961369 conflicts=511365 stores=3174860 hits=1244006 l1_hits=1656342
OP_STATS calls=3800000 ANALYZE:c=1497505:ms=6571.52:avg=4388.31ns CANONICAL:c=4627261:ms=87130.4:avg=18829.8ns L1_PEEK:c=2041968:ms=662.442:avg=324.413ns L2_PEEK:c=4627261:ms=2077.21:avg=448.908ns PICK:c=0:ms=0:avg=0ns BCP:c=4962620:ms=476432:avg=96004.1ns L1_STORE:c=385625:ms=48.99:avg=127.04ns L2_STORE:c=3174860:ms=571.598:avg=180.039ns
calls=3900000 depth=25 decisions=5084890 conflicts=521848 stores=3250309 hits=1273085 l1_hits=1702336
OP_STATS calls=3900000 ANALYZE:c=1536699:ms=6738.31:avg=4384.92ns CANONICAL:c=4739976:ms=89386.7:avg=18858ns L1_PEEK:c=2095821:ms=682.363:avg=325.583ns L2_PEEK:c=4739976:ms=2134.28:avg=450.271ns PICK:c=0:ms=0:avg=0ns BCP:c=5086141:ms=494393:avg=97204ns L1_STORE:c=393484:ms=49.8394:avg=126.662ns L2_STORE:c=3250309:ms=583.958:avg=179.662ns
calls=4000000 depth=25 decisions=5208504 conflicts=530521 stores=3333107 hits=1307039 l1_hits=1748945
OP_STATS calls=4000000 ANALYZE:c=1575333:ms=6921.5:avg=4393.68ns CANONICAL:c=4862462:ms=91753.4:avg=18869.7ns L1_PEEK:c=2155709:ms=706.189:avg=327.59ns L2_PEEK:c=4862462:ms=2200.28:avg=452.502ns PICK:c=0:ms=0:avg=0ns BCP:c=5209755:ms=504346:avg=96808.1ns L1_STORE:c=406763:ms=50.9669:avg=125.299ns L2_STORE:c=3333107:ms=799.2:avg=239.776ns
calls=4100000 depth=30 decisions=5339927 conflicts=542882 stores=3418356 hits=1342530 l1_hits=1792164
OP_STATS calls=4100000 ANALYZE:c=1613185:ms=7109.7:avg=4407.24ns CANONICAL:c=4988121:ms=94240:avg=18892.9ns L1_PEEK:c=2210441:ms=727.055:avg=328.919ns L2_PEEK:c=4988121:ms=2265.19:avg=454.116ns PICK:c=0:ms=0:avg=0ns BCP:c=5341178:ms=525698:avg=98423.6ns L1_STORE:c=418276:ms=68.9122:avg=164.753ns L2_STORE:c=3418356:ms=810.941:avg=237.231ns
calls=4200000 depth=30 decisions=5462761 conflicts=547424 stores=3499373 hits=1376523 l1_hits=1844041
OP_STATS calls=4200000 ANALYZE:c=1653617:ms=7281.91:avg=4403.63ns CANONICAL:c=5109460:ms=96493.9:avg=18885.3ns L1_PEEK:c=2271692:ms=747.738:avg=329.155ns L2_PEEK:c=5109460:ms=2327.67:avg=455.56ns PICK:c=0:ms=0:avg=0ns BCP:c=5464012:ms=537812:avg=98428ns L1_STORE:c=427649:ms=69.7167:avg=163.023ns L2_STORE:c=3499373:ms=821.495:avg=234.755ns
calls=4300000 depth=31 decisions=5587787 conflicts=555166 stores=3576079 hits=1410016 l1_hits=1889216
OP_STATS calls=4300000 ANALYZE:c=1691723:ms=7441.51:avg=4398.78ns CANONICAL:c=5227423:ms=98788:avg=18898ns L1_PEEK:c=2325311:ms=766.14:avg=329.479ns L2_PEEK:c=5227423:ms=2386.99:avg=456.629ns PICK:c=0:ms=0:avg=0ns BCP:c=5589038:ms=555781:avg=99441.2ns L1_STORE:c=436094:ms=70.505:avg=161.674ns L2_STORE:c=3576079:ms=832.852:avg=232.895ns
calls=4400000 depth=15 decisions=5712428 conflicts=560960 stores=3652819 hits=1444751 l1_hits=1935789
OP_STATS calls=4400000 ANALYZE:c=1730897:ms=7606.71:avg=4394.66ns CANONICAL:c=5346642:ms=101113:avg=18911.5ns L1_PEEK:c=2380014:ms=784.982:avg=329.822ns L2_PEEK:c=5346642:ms=2447.39:avg=457.743ns PICK:c=0:ms=0:avg=0ns BCP:c=5713679:ms=572254:avg=100155ns L1_STORE:c=444224:ms=71.3192:avg=160.548ns L2_STORE:c=3652819:ms=844.32:avg=231.142ns
calls=4500000 depth=26 decisions=5840819 conflicts=569688 stores=3728049 hits=1479670 l1_hits=1977036
OP_STATS calls=4500000 ANALYZE:c=1767303:ms=7757.05:avg=4389.2ns CANONICAL:c=5465055:ms=103574:avg=18952ns L1_PEEK:c=2428264:ms=801.719:avg=330.161ns L2_PEEK:c=5465055:ms=2507.92:avg=458.9ns PICK:c=0:ms=0:avg=0ns BCP:c=5842070:ms=595290:avg=101897ns L1_STORE:c=451227:ms=71.9904:avg=159.544ns L2_STORE:c=3728049:ms=856.438:avg=229.728ns
calls=4600000 depth=28 decisions=5960192 conflicts=576009 stores=3800456 hits=1509826 l1_hits=2022266
OP_STATS calls=4600000 ANALYZE:c=1808089:ms=7919.96:avg=4380.29ns CANONICAL:c=5576817:ms=105778:avg=18967.5ns L1_PEEK:c=2481401:ms=820.557:avg=330.683ns L2_PEEK:c=5576817:ms=2564.16:avg=459.789ns PICK:c=0:ms=0:avg=0ns BCP:c=5961443:ms=612638:avg=102767ns L1_STORE:c=459134:ms=72.6882:avg=158.316ns L2_STORE:c=3800456:ms=867.144:avg=228.168ns
calls=4700000 depth=28 decisions=6083964 conflicts=585384 stores=3873666 hits=1542520 l1_hits=2059072
OP_STATS calls=4700000 ANALYZE:c=1849445:ms=8082.89:avg=4370.44ns CANONICAL:c=5691650:ms=107883:avg=18954.6ns L1_PEEK:c=2527573:ms=837.144:avg=331.205ns L2_PEEK:c=5691650:ms=2620.51:avg=460.413ns PICK:c=0:ms=0:avg=0ns BCP:c=6085215:ms=629286:avg=103412ns L1_STORE:c=468500:ms=73.6402:avg=157.183ns L2_STORE:c=3873666:ms=877.427:avg=226.511ns
calls=4800000 depth=27 decisions=6211295 conflicts=597286 stores=3945734 hits=1574816 l1_hits=2092542
OP_STATS calls=4800000 ANALYZE:c=1889125:ms=8234.11:avg=4358.69ns CANONICAL:c=5805325:ms=109954:avg=18940.2ns L1_PEEK:c=2568600:ms=851.696:avg=331.58ns L2_PEEK:c=5805325:ms=2674.75:avg=460.741ns PICK:c=0:ms=0:avg=0ns BCP:c=6212546:ms=646931:avg=104133ns L1_STORE:c=476057:ms=74.5462:avg=156.591ns L2_STORE:c=3945734:ms=887.936:avg=225.037ns
calls=4900000 depth=14 decisions=6335254 conflicts=606171 stores=4016998 hits=1606666 l1_hits=2128885
OP_STATS calls=4900000 ANALYZE:c=1930487:ms=8402.48:avg=4352.52ns CANONICAL:c=5918009:ms=112108:avg=18943.5ns L1_PEEK:c=2612136:ms=868.844:avg=332.618ns L2_PEEK:c=5918009:ms=2728.55:avg=461.058ns PICK:c=0:ms=0:avg=0ns BCP:c=6336505:ms=665873:avg=105085ns L1_STORE:c=483251:ms=75.4825:avg=156.197ns L2_STORE:c=4016998:ms=899.44:avg=223.908ns
calls=5000000 depth=25 decisions=6458391 conflicts=614187 stores=4086528 hits=1638472 l1_hits=2164578
OP_STATS calls=5000000 ANALYZE:c=1971303:ms=8561.11:avg=4342.87ns CANONICAL:c=6029509:ms=114295:avg=18955.9ns L1_PEEK:c=2654361:ms=885.249:avg=333.507ns L2_PEEK:c=6029509:ms=2782.68:avg=461.51ns PICK:c=0:ms=0:avg=0ns BCP:c=6459642:ms=683202:avg=105765ns L1_STORE:c=489782:ms=76.3691:avg=155.925ns L2_STORE:c=4086528:ms=910.402:avg=222.781ns
calls=5100000 depth=28 decisions=6583035 conflicts=628745 stores=4159624 hits=1661548 l1_hits=2214568
OP_STATS calls=5100000 ANALYZE:c=2012389:ms=8747.94:avg=4347.04ns CANONICAL:c=6134651:ms=116540:avg=18996.9ns L1_PEEK:c=2708374:ms=902.24:avg=333.13ns L2_PEEK:c=6134651:ms=2832.49:avg=461.72ns PICK:c=0:ms=0:avg=0ns BCP:c=6584286:ms=716287:avg=108787ns L1_STORE:c=493805:ms=76.9992:avg=155.93ns L2_STORE:c=4159624:ms=923.42:avg=221.996ns
calls=5200000 depth=24 decisions=6701029 conflicts=638442 stores=4225023 hits=1684761 l1_hits=2259204
OP_STATS calls=5200000 ANALYZE:c=2056941:ms=8909.8:avg=4331.58ns CANONICAL:c=6234794:ms=118484:avg=19003.7ns L1_PEEK:c=2756390:ms=916.554:avg=332.52ns L2_PEEK:c=6234794:ms=2880.69:avg=462.035ns PICK:c=0:ms=0:avg=0ns BCP:c=6702280:ms=746473:avg=111376ns L1_STORE:c=497185:ms=77.5687:avg=156.016ns L2_STORE:c=4225023:ms=936.055:avg=221.55ns
calls=5300000 depth=24 decisions=6814892 conflicts=647690 stores=4284181 hits=1707352 l1_hits=2293551
OP_STATS calls=5300000 ANALYZE:c=2101080:ms=9049.54:avg=4307.09ns CANONICAL:c=6330157:ms=120345:avg=19011.4ns L1_PEEK:c=2795100:ms=929.965:avg=332.713ns L2_PEEK:c=6330157:ms=2925.25:avg=462.114ns PICK:c=0:ms=0:avg=0ns BCP:c=6816143:ms=767711:avg=112631ns L1_STORE:c=501548:ms=78.2545:avg=156.026ns L2_STORE:c=4284181:ms=946.656:avg=220.966ns
calls=5400000 depth=27 decisions=6937924 conflicts=657444 stores=4353575 hits=1737598 l1_hits=2328470
OP_STATS calls=5400000 ANALYZE:c=2140485:ms=9200.36:avg=4298.26ns CANONICAL:c=6440001:ms=122485:avg=19019.3ns L1_PEEK:c=2836785:ms=945.238:avg=333.207ns L2_PEEK:c=6440001:ms=2978.97:avg=462.573ns PICK:c=0:ms=0:avg=0ns BCP:c=6939175:ms=789736:avg=113808ns L1_STORE:c=508314:ms=79.0521:avg=155.518ns L2_STORE:c=4353575:ms=957.532:avg=219.942ns
calls=5500000 depth=25 decisions=7065858 conflicts=667429 stores=4427603 hits=1772193 l1_hits=2362391
OP_STATS calls=5500000 ANALYZE:c=2177349:ms=9359.98:avg=4298.8ns CANONICAL:c=6557280:ms=124850:avg=19039.9ns L1_PEEK:c=2878695:ms=961.758:avg=334.095ns L2_PEEK:c=6557280:ms=3036.64:avg=463.094ns PICK:c=0:ms=0:avg=0ns BCP:c=7067109:ms=816651:avg=115557ns L1_STORE:c=516302:ms=80.0258:avg=154.998ns L2_STORE:c=4427603:ms=969.443:avg=218.954ns


variables (total / active / free)	625/625/0
clauses (removed) 			1816 (30)
decisions 				7068718
conflicts 				667694
conflict clauses (all/bin/unit) 	618320/0/0

failed literals found by implicit BCP 	 0
implicit BCP miss rate 	 0%
bytes cache size (live)	499173992	(476.049 MB), evictions 0
cache (stores / hits) 			4429505/1773037
cache miss rate 71.4144%
 avg. variable count (stores / hits) 	0/0


# solutions 
2337405402708146114560
# END

time: 1480.28s

OP_STATS FINAL ANALYZE:c=2178103:ms=9364.17:avg=4299.23ns CANONICAL:c=6560095:ms=124911:avg=19041ns L1_PEEK:c=2879832:ms=962.219:avg=334.123ns L2_PEEK:c=6560095:ms=3038.01:avg=463.105ns PICK:c=0:ms=0:avg=0ns BCP:c=7069969:ms=817045:avg=115566ns L1_STORE:c=516617:ms=80.0544:avg=154.959ns L2_STORE:c=4429506:ms=969.68:avg=218.914ns
BCP_PATHS FINAL visits=60507024241 A_removed=0(0%) B_sat=54143641298(89.4832%) C1_sound=0(0%) C2_comp=44268992(0.0731634%) D_early=2404840346(3.97448%) E_late=3832224658(6.33352%) F_prop=81481933(0.134665%) G_confl=567014(0.000937104%) scan_avg_lits=2.62945
PATHC_DETAIL FINAL sound_calls=6270925360 memo_hit%=99.9901 avg_bfs_per_miss=459.732 in_component_calls=6270925360 in_component_avg_walk=27.1416
OPEN_WORK n_root=625 n_open_comps=0 bound_log2=0 progress_bits=625 sizes=
MIDSEP_STATS decomp_attempts=1 decomp_splits=0
LEARN_FILTER_STATS learned_clauses=618320 dedup_dropped=49374 binary_filter_fires=0
SCC_UNSAT_STATS enabled=0 pruned_lit=0 pruned_clause=0 total=0
DIAG_STATS num_decisions=7068718 avg_bcp/dec=19.0767 avg_comp_at_entry=188.987 avg_L2_hit_size=98.5433 max_L2_hit_size=483 avg_L2_store_size=186.12 max_L2_store_size=625
L2_HIT_HIST [0-25)=232612 [25-50)=323048 [50-100)=429383 [100-200)=653415 [200-400)=108369 [400+)=1
L2_STORE_HIST [0-25)=7701 [25-50)=87681 [50-100)=629906 [100-200)=1417462 [200-400)=2245976 [400+)=40780
FULL_CACHE_STATS l2_stores=4429506 l2_hits=1773037 l1_stores=516617 l1_hits=2363215 l1_misses=516617 total_lookups=2879832 total_hits=4136252
