[step1] mc2025_track1_089.cnf — structural analysis (what METIS produced):
    metis root cut : sep_ratio=0.320833 balance=0.496933 sepsize=154 n_vars=480
    nd_cost (tree) : band=high log2_cost=204.420242 root_sep=152 max_path=200.0 worst_leaf=0 n_leaves=387
    arjun signal   : substantial=False
[step2] band=high -> PHASE-2 SOLVERS SELECTED (6): ['cocoa-plain', 'cocoa-nosep-cascade', 'cocoa-adaptive', 'cocoa-reactive', 'cocoa-unified-sep', 'cocoa-adaptive-nosep']  (+Ganak fallback if best <5.0%)
  [r1] cocoa-plain running (window 60s)...
    [r1~live] cocoa-plain: pct_lin=0.515779 closed_bits=472.401 decisions=142688 (active 10s)
    [r1~live] cocoa-plain: pct_lin=0.56376 closed_bits=472.529 decisions=222535 (active 20s)
    [r1~live] cocoa-plain: pct_lin=0.574475 closed_bits=472.556 decisions=285453 (active 30s)
    [r1~live] cocoa-plain: pct_lin=0.607043 closed_bits=472.636 decisions=333508 (active 40s)
    [r1~live] cocoa-plain: pct_lin=0.633988 closed_bits=472.699 decisions=378311 (active 50s)
[r1] cocoa-plain: pct_lin=0.683015 closed_bits=472.806 decisions=415761 closed_bits=472.8 vel=0.008 (active 60s)
  [r1] cocoa-nosep-cascade running (window 60s)...
    [r1~live] cocoa-nosep-cascade: pct_lin=1.9134 closed_bits=474.292 decisions=33128 (active 10s)
    [r1~live] cocoa-nosep-cascade: pct_lin=2.32835 closed_bits=474.575 decisions=63703 (active 20s)
    [r1~live] cocoa-nosep-cascade: pct_lin=2.53675 closed_bits=474.699 decisions=92165 (active 30s)
    [r1~live] cocoa-nosep-cascade: pct_lin=3.0029 closed_bits=474.942 decisions=119233 (active 40s)
    [r1~live] cocoa-nosep-cascade: pct_lin=3.10787 closed_bits=474.992 decisions=145264 (active 50s)
[r1] cocoa-nosep-cascade: pct_lin=3.125 closed_bits=475 decisions=169243 closed_bits=475.0 vel=0.010 (active 60s)
  [r1] cocoa-adaptive running (window 60s)...
    [r1~live] cocoa-adaptive: pct_lin=3.20333e-143 closed_bits=0 decisions=0 (active 10s)
    [r1~live] cocoa-adaptive: pct_lin=0.445503 closed_bits=472.19 decisions=1529 (active 20s)
    [r1~live] cocoa-adaptive: pct_lin=0.445503 closed_bits=472.19 decisions=1529 (active 30s)
    [r1~live] cocoa-adaptive: pct_lin=0.456214 closed_bits=472.224 decisions=1818 (active 40s)
    [r1~live] cocoa-adaptive: pct_lin=0.457668 closed_bits=472.229 decisions=2060 (active 50s)
[r1] cocoa-adaptive: pct_lin=0.460577 closed_bits=472.238 decisions=2274 closed_bits=472.2 vel=0.001 (active 60s)
  [r1] cocoa-reactive running (window 60s)...
    [r1~live] cocoa-reactive: pct_lin=0.510963 closed_bits=472.387 decisions=136768 (active 10s)
    [r1~live] cocoa-reactive: pct_lin=0.56273 closed_bits=472.527 decisions=213770 (active 20s)
    [r1~live] cocoa-reactive: pct_lin=0.572184 closed_bits=472.551 decisions=277165 (active 30s)
    [r1~live] cocoa-reactive: pct_lin=0.597 closed_bits=472.612 decisions=320606 (active 40s)
    [r1~live] cocoa-reactive: pct_lin=0.625404 closed_bits=472.679 decisions=366465 (active 50s)
[r1] cocoa-reactive: pct_lin=0.668779 closed_bits=472.776 decisions=403455 closed_bits=472.8 vel=0.007 (active 60s)
  [r1] cocoa-unified-sep running (window 60s)...
    [r1~live] cocoa-unified-sep: pct_lin=0.511714 closed_bits=472.39 decisions=138352 (active 10s)
    [r1~live] cocoa-unified-sep: pct_lin=0.562844 closed_bits=472.527 decisions=215141 (active 20s)
    [r1~live] cocoa-unified-sep: pct_lin=0.572681 closed_bits=472.552 decisions=278361 (active 30s)
    [r1~live] cocoa-unified-sep: pct_lin=0.592994 closed_bits=472.602 decisions=319150 (active 40s)
    [r1~live] cocoa-unified-sep: pct_lin=0.626725 closed_bits=472.682 decisions=368182 (active 50s)
[r1] cocoa-unified-sep: pct_lin=0.673413 closed_bits=472.786 decisions=405541 closed_bits=472.8 vel=0.008 (active 60s)
  [r1] cocoa-adaptive-nosep running (window 60s)...
    [r1~live] cocoa-adaptive-nosep: pct_lin=0.439441 closed_bits=472.17 decisions=1108 (active 10s)
    [r1~live] cocoa-adaptive-nosep: pct_lin=0.445499 closed_bits=472.19 decisions=1520 (active 20s)
    [r1~live] cocoa-adaptive-nosep: pct_lin=0.445499 closed_bits=472.19 decisions=1520 (active 30s)
    [r1~live] cocoa-adaptive-nosep: pct_lin=0.456142 closed_bits=472.224 decisions=1814 (active 40s)
    [r1~live] cocoa-adaptive-nosep: pct_lin=0.457665 closed_bits=472.229 decisions=2056 (active 50s)
[r1] cocoa-adaptive-nosep: pct_lin=0.460577 closed_bits=472.238 decisions=2274 closed_bits=472.2 vel=0.001 (active 60s)
[frontrunners] #1 cocoa-nosep-cascade (cb=475.0) #2 cocoa-plain (cb=472.8) #3 cocoa-unified-sep (cb_vel=0.008 b/s, accelerator)
[frontrunners] ['cocoa-nosep-cascade', 'cocoa-plain', 'cocoa-unified-sep']
  [r2] cocoa-nosep-cascade resumed (window 120s)...
    [r2~live] cocoa-nosep-cascade: pct_lin=3.85647 closed_bits=475.303 decisions=194881 (active 70s)
    [r2~live] cocoa-nosep-cascade: pct_lin=4.53481 closed_bits=475.537 decisions=219426 (active 80s)
    [r2~live] cocoa-nosep-cascade: pct_lin=4.58941 closed_bits=475.554 decisions=243698 (active 90s)
    [r2~live] cocoa-nosep-cascade: pct_lin=5.01093 closed_bits=475.681 decisions=265985 (active 100s)
    [r2~live] cocoa-nosep-cascade: pct_lin=5.09948 closed_bits=475.706 decisions=287367 (active 110s)
    [r2~live] cocoa-nosep-cascade: pct_lin=5.27336 closed_bits=475.755 decisions=306685 (active 120s)
    [r2~live] cocoa-nosep-cascade: pct_lin=5.3707 closed_bits=475.781 decisions=324336 (active 130s)
    [r2~live] cocoa-nosep-cascade: pct_lin=5.44309 closed_bits=475.801 decisions=343023 (active 140s)
    [r2~live] cocoa-nosep-cascade: pct_lin=5.45616 closed_bits=475.804 decisions=361979 (active 150s)
    [r2~live] cocoa-nosep-cascade: pct_lin=5.46672 closed_bits=475.807 decisions=380459 (active 160s)
    [r2~live] cocoa-nosep-cascade: pct_lin=5.59953 closed_bits=475.841 decisions=397367 (active 170s)
[r2] cocoa-nosep-cascade: pct_lin=5.61514 closed_bits=475.845 decisions=414473 (active 180s)
  [r2] cocoa-plain resumed (window 120s)...
    [r2~live] cocoa-plain: pct_lin=0.718688 closed_bits=472.88 decisions=447760 (active 70s)
    [r2~live] cocoa-plain: pct_lin=0.729906 closed_bits=472.902 decisions=478648 (active 80s)
    [r2~live] cocoa-plain: pct_lin=0.764387 closed_bits=472.969 decisions=503518 (active 90s)
    [r2~live] cocoa-plain: pct_lin=0.776561 closed_bits=472.991 decisions=527013 (active 100s)
    [r2~live] cocoa-plain: pct_lin=0.802162 closed_bits=473.038 decisions=548615 (active 110s)
    [r2~live] cocoa-plain: pct_lin=0.863921 closed_bits=473.145 decisions=575800 (active 120s)
    [r2~live] cocoa-plain: pct_lin=0.875849 closed_bits=473.165 decisions=604637 (active 131s)
    [r2~live] cocoa-plain: pct_lin=0.890629 closed_bits=473.189 decisions=625258 (active 141s)
    [r2~live] cocoa-plain: pct_lin=0.912275 closed_bits=473.224 decisions=647278 (active 151s)
    [r2~live] cocoa-plain: pct_lin=0.938931 closed_bits=473.265 decisions=667874 (active 161s)
    [r2~live] cocoa-plain: pct_lin=0.94422 closed_bits=473.273 decisions=696036 (active 171s)
[r2] cocoa-plain: pct_lin=0.948557 closed_bits=473.28 decisions=722218 (active 180s)
  [r2] cocoa-unified-sep resumed (window 120s)...
    [r2~live] cocoa-unified-sep: pct_lin=0.707926 closed_bits=472.858 decisions=434077 (active 70s)
    [r2~live] cocoa-unified-sep: pct_lin=0.727447 closed_bits=472.897 decisions=465936 (active 80s)
    [r2~live] cocoa-unified-sep: pct_lin=0.743657 closed_bits=472.929 decisions=489486 (active 90s)
    [r2~live] cocoa-unified-sep: pct_lin=0.76937 closed_bits=472.978 decisions=513463 (active 100s)
    [r2~live] cocoa-unified-sep: pct_lin=0.779938 closed_bits=472.998 decisions=534461 (active 110s)
    [r2~live] cocoa-unified-sep: pct_lin=0.807094 closed_bits=473.047 decisions=552559 (active 120s)
    [r2~live] cocoa-unified-sep: pct_lin=0.864005 closed_bits=473.145 decisions=576115 (active 131s)
    [r2~live] cocoa-unified-sep: pct_lin=0.87585 closed_bits=473.165 decisions=604687 (active 141s)
    [r2~live] cocoa-unified-sep: pct_lin=0.892517 closed_bits=473.192 decisions=627293 (active 151s)
    [r2~live] cocoa-unified-sep: pct_lin=0.913623 closed_bits=473.226 decisions=648052 (active 161s)
    [r2~live] cocoa-unified-sep: pct_lin=0.938318 closed_bits=473.264 decisions=667572 (active 171s)
[r2] cocoa-unified-sep: pct_lin=0.944209 closed_bits=473.273 decisions=695963 (active 180s)
[leader] cocoa-nosep-cascade
[forecast] cocoa-nosep-cascade -> COCOA: ETA 1362s <= 90%x2879s (base 4328s /(1+B=2.18), rate=0.0218%/s, proj@budget=68.4%)
  [r3] cocoa-nosep-cascade resumed to completion (2879s left)...
    [r3~live] cocoa-nosep-cascade: pct_lin=5.85724 closed_bits=475.906 decisions=497549 (active 240s)
    [r3~live] cocoa-nosep-cascade: pct_lin=6.05316 closed_bits=475.954 decisions=577657 (active 300s)
    [r3~live] cocoa-nosep-cascade: pct_lin=6.13985 closed_bits=475.974 decisions=641118 (active 360s)
    [r3~live] cocoa-nosep-cascade: pct_lin=6.17214 closed_bits=475.982 decisions=692723 (active 420s)
    [r3~live] cocoa-nosep-cascade: pct_lin=6.20092 closed_bits=475.989 decisions=742336 (active 480s)
    [r3~live] cocoa-nosep-cascade: pct_lin=6.22516 closed_bits=475.994 decisions=791905 (active 540s)
    [r3~live] cocoa-nosep-cascade: pct_lin=6.2376 closed_bits=475.997 decisions=836613 (active 600s)
    [r3~live] cocoa-nosep-cascade: pct_lin=6.24657 closed_bits=475.999 decisions=875452 (active 660s)
    [r3~live] cocoa-nosep-cascade: pct_lin=6.33202 closed_bits=476.019 decisions=936510 (active 721s)
    [r3~live] cocoa-nosep-cascade: pct_lin=6.38561 closed_bits=476.031 decisions=1002303 (active 781s)
    [r3~live] cocoa-nosep-cascade: pct_lin=6.41925 closed_bits=476.039 decisions=1064303 (active 841s)
    [r3~live] cocoa-nosep-cascade: pct_lin=6.57425 closed_bits=476.073 decisions=1120681 (active 901s)
    [r3~live] cocoa-nosep-cascade: pct_lin=6.65271 closed_bits=476.09 decisions=1167024 (active 961s)
    [r3~live] cocoa-nosep-cascade: pct_lin=6.74285 closed_bits=476.11 decisions=1208177 (active 1021s)
    [r3~live] cocoa-nosep-cascade: pct_lin=6.7623 closed_bits=476.114 decisions=1251016 (active 1081s)
    [r3~live] cocoa-nosep-cascade: pct_lin=6.83285 closed_bits=476.129 decisions=1289087 (active 1141s)
    [r3~live] cocoa-nosep-cascade: pct_lin=6.88425 closed_bits=476.139 decisions=1323394 (active 1201s)
    [r3~live] cocoa-nosep-cascade: pct_lin=6.93075 closed_bits=476.149 decisions=1357874 (active 1261s)
    [r3~live] cocoa-nosep-cascade: pct_lin=6.97582 closed_bits=476.159 decisions=1386570 (active 1321s)
    [r3~live] cocoa-nosep-cascade: pct_lin=6.98115 closed_bits=476.16 decisions=1416976 (active 1381s)
    [r3~live] cocoa-nosep-cascade: pct_lin=7.00528 closed_bits=476.165 decisions=1445495 (active 1441s)
    [r3~live] cocoa-nosep-cascade: pct_lin=7.02617 closed_bits=476.169 decisions=1474173 (active 1501s)
    [r3~live] cocoa-nosep-cascade: pct_lin=7.13478 closed_bits=476.191 decisions=1499511 (active 1561s)
    [r3~live] cocoa-nosep-cascade: pct_lin=7.20206 closed_bits=476.205 decisions=1527575 (active 1621s)
