Solving /Users/konstantin.kutzkov/Desktop/Code/SharpSAT/temp_cnf/mc2026_public/mc2026_track1_169.cnf
variables (all/used/free): 	636/636/0
clauses (all/long/binary/unit): 1816/1039/776/1

Preprocessing ..preprocess: 1786 -> 1786 clauses (subsumed=0 pure_dup=0 ssr=0 forced=0 passes=1 elapsed_ms=0)
 DONE
variables (all/used/free): 	625/625/0
clauses (all/long/binary/unit): 1786/1028/758/0
NDHierarchy: 651 tree nodes, 256 internal (sep), 69 passthrough, 326 leaves, 471 total sep elements (vars=435 clauses=36), max_sep=17 (vars=17 clauses=0), sep_buckets=[1-2:224, 3-4:21, 5-7:6, 8-15:3, 16-31:2, 32-63:0, 64+:0], sep_clause_len=[3:36, 4:0, 5:0, 6:0, 7:0, 8:0, 9:0, 10-15:0, 16+:0]
NDCentrality: root_sep_vars=17 scored=17 max_deg=14.0
ROOT_DECOMP: root_active=625 subcomps=1 trivial_factor=1 sub0=625
PROGRESS t=0.010453 pct_log=0 pct_lin=7.18212e-187 progress_bits=0 closed_bits=0 open=1 bound_log2=625 decisions=0 l2_hits=0 scc_fires_lit=0 scc_fires_clause=0
calls=100000 depth=49 decisions=124309 conflicts=6966 stores=93137 hits=33066 l1_hits=62223
OP_STATS calls=100000 ANALYZE:c=62327:ms=125.395:avg=2011.89ns CANONICAL:c=128525:ms=913.18:avg=7105.08ns L1_PEEK:c=75672:ms=5.61889:avg=74.2532ns L2_PEEK:c=128525:ms=21.0659:avg=163.905ns PICK:c=0:ms=0:avg=0ns BCP:c=125560:ms=150.375:avg=1197.63ns L1_STORE:c=13447:ms=1.13504:avg=84.4086ns L2_STORE:c=93137:ms=7.81806:avg=83.9415ns
calls=200000 depth=54 decisions=246961 conflicts=7347 stores=186682 hits=69928 l1_hits=129911
OP_STATS calls=200000 ANALYZE:c=128215:ms=257.155:avg=2005.65ns CANONICAL:c=261087:ms=1838.94:avg=7043.41ns L1_PEEK:c=155801:ms=11.335:avg=72.753ns L2_PEEK:c=261087:ms=41.0632:avg=157.278ns PICK:c=0:ms=0:avg=0ns BCP:c=248212:ms=221.704:avg=893.204ns L1_STORE:c=25887:ms=2.1854:avg=84.4208ns L2_STORE:c=186682:ms=14.0777:avg=75.4101ns
PROGRESS t=10.0105 pct_log=97.6034 pct_lin=0.00309661 progress_bits=4.46753e-05 closed_bits=610.021 open=48 bound_log2=625 decisions=323498 l2_hits=93243 scc_fires_lit=0 scc_fires_clause=0
calls=300000 depth=39 decisions=370229 conflicts=7957 stores=280223 hits=107394 l1_hits=196265
OP_STATS calls=300000 ANALYZE:c=193249:ms=386.36:avg=1999.29ns CANONICAL:c=394237:ms=2769.29:avg=7024.42ns L1_PEEK:c=234805:ms=16.3021:avg=69.4282ns L2_PEEK:c=394237:ms=59.0459:avg=149.773ns PICK:c=0:ms=0:avg=0ns BCP:c=371480:ms=297.077:avg=799.713ns L1_STORE:c=38538:ms=3.33672:avg=86.5827ns L2_STORE:c=280223:ms=20.4432:avg=72.9533ns
calls=400000 depth=38 decisions=496582 conflicts=12031 stores=374290 hits=144612 l1_hits=258995
OP_STATS calls=400000 ANALYZE:c=256419:ms=518.164:avg=2020.77ns CANONICAL:c=527499:ms=3769.22:avg=7145.46ns L1_PEEK:c=310496:ms=21.5946:avg=69.5486ns L2_PEEK:c=527499:ms=79.957:avg=151.577ns PICK:c=0:ms=0:avg=0ns BCP:c=497833:ms=457.874:avg=919.735ns L1_STORE:c=51499:ms=4.46257:avg=86.6536ns L2_STORE:c=374290:ms=26.9721:avg=72.0621ns
PROGRESS t=20.0105 pct_log=97.8117 pct_lin=0.00763611 progress_bits=0.00011017 closed_bits=611.323 open=47 bound_log2=625 decisions=610746 l2_hits=175221 scc_fires_lit=0 scc_fires_clause=0
calls=500000 depth=40 decisions=621116 conflicts=18612 stores=467821 hits=178221 l1_hits=321643
OP_STATS calls=500000 ANALYZE:c=315062:ms=633.944:avg=2012.13ns CANONICAL:c=656797:ms=4698.86:avg=7154.2ns L1_PEEK:c=386644:ms=26.7614:avg=69.2147ns L2_PEEK:c=656797:ms=98.5247:avg=150.008ns PICK:c=0:ms=0:avg=0ns BCP:c=622367:ms=767.077:avg=1232.52ns L1_STORE:c=64999:ms=5.53036:avg=85.0837ns L2_STORE:c=467821:ms=33.3359:avg=71.2578ns
calls=600000 depth=45 decisions=742452 conflicts=19068 stores=561171 hits=213945 l1_hits=389999
OP_STATS calls=600000 ANALYZE:c=376707:ms=748.626:avg=1987.29ns CANONICAL:c=788091:ms=5569.34:avg=7066.88ns L1_PEEK:c=467629:ms=31.6266:avg=67.6318ns L2_PEEK:c=788091:ms=116.063:avg=147.272ns PICK:c=0:ms=0:avg=0ns BCP:c=743703:ms=845.576:avg=1136.98ns L1_STORE:c=77627:ms=6.5657:avg=84.5801ns L2_STORE:c=561171:ms=39.6886:avg=70.7246ns
calls=700000 depth=48 decisions=863659 conflicts=19496 stores=654784 hits=249148 l1_hits=459757
OP_STATS calls=700000 ANALYZE:c=437826:ms=865.866:avg=1977.65ns CANONICAL:c=919038:ms=6452.76:avg=7021.21ns L1_PEEK:c=549683:ms=37.0986:avg=67.4909ns L2_PEEK:c=919038:ms=135.695:avg=147.649ns PICK:c=0:ms=0:avg=0ns BCP:c=864910:ms=922.178:avg=1066.21ns L1_STORE:c=89922:ms=7.66446:avg=85.2345ns L2_STORE:c=654784:ms=46.2807:avg=70.6809ns
PROGRESS t=30.0105 pct_log=97.8224 pct_lin=0.00799897 progress_bits=0.000115405 closed_bits=611.39 open=39 bound_log2=625 decisions=967170 l2_hits=279056 scc_fires_lit=0 scc_fires_clause=0
calls=800000 depth=56 decisions=984626 conflicts=19908 stores=748317 hits=284181 l1_hits=529648
OP_STATS calls=800000 ANALYZE:c=498928:ms=979.663:avg=1963.54ns CANONICAL:c=1049765:ms=7321.26:avg=6974.19ns L1_PEEK:c=631899:ms=41.644:avg=65.903ns L2_PEEK:c=1049765:ms=150.32:avg=143.194ns PICK:c=0:ms=0:avg=0ns BCP:c=985877:ms=999.3:avg=1013.61ns L1_STORE:c=102248:ms=8.69223:avg=85.0112ns L2_STORE:c=748317:ms=52.5915:avg=70.2797ns
calls=900000 depth=49 decisions=1105535 conflicts=20202 stores=841772 hits=319559 l1_hits=599011
OP_STATS calls=900000 ANALYZE:c=560476:ms=1093.51:avg=1951.04ns CANONICAL:c=1180775:ms=8183.95:avg=6931ns L1_PEEK:c=713841:ms=46.2775:avg=64.8288ns L2_PEEK:c=1180775:ms=165.653:avg=140.292ns PICK:c=0:ms=0:avg=0ns BCP:c=1106786:ms=1070.92:avg=967.59ns L1_STORE:c=114828:ms=9.7619:avg=85.0132ns L2_STORE:c=841772:ms=58.9251:avg=70.0012ns
calls=1000000 depth=51 decisions=1226759 conflicts=20457 stores=935113 hits=355370 l1_hits=667536
OP_STATS calls=1000000 ANALYZE:c=622109:ms=1208.01:avg=1941.79ns CANONICAL:c=1312148:ms=9053.05:avg=6899.41ns L1_PEEK:c=794989:ms=51.1943:avg=64.3962ns L2_PEEK:c=1312148:ms=183.694:avg=139.995ns PICK:c=0:ms=0:avg=0ns BCP:c=1228010:ms=1141.36:avg=929.436ns L1_STORE:c=127449:ms=10.8583:avg=85.1973ns L2_STORE:c=935113:ms=65.3352:avg=69.8687ns
PROGRESS t=40.0105 pct_log=97.8295 pct_lin=0.00824926 progress_bits=0.000119017 closed_bits=611.435 open=34 bound_log2=625 decisions=1326134 l2_hits=383969 scc_fires_lit=0 scc_fires_clause=0
calls=1100000 depth=48 decisions=1347923 conflicts=20817 stores=1028717 hits=390601 l1_hits=737358
OP_STATS calls=1100000 ANALYZE:c=683051:ms=1322.9:avg=1936.75ns CANONICAL:c=1443113:ms=9933.12:avg=6883.12ns L1_PEEK:c=877105:ms=55.9937:avg=63.8392ns L2_PEEK:c=1443113:ms=199.32:avg=138.118ns PICK:c=0:ms=0:avg=0ns BCP:c=1349174:ms=1216.92:avg=901.974ns L1_STORE:c=139743:ms=11.8583:avg=84.8576ns L2_STORE:c=1028717:ms=71.7145:avg=69.7126ns
calls=1200000 depth=37 decisions=1471209 conflicts=24676 stores=1122248 hits=425293 l1_hits=802443
OP_STATS calls=1200000 ANALYZE:c=743149:ms=1437.64:avg=1934.53ns CANONICAL:c=1573485:ms=10849.6:avg=6895.29ns L1_PEEK:c=955295:ms=60.7512:avg=63.5942ns L2_PEEK:c=1573485:ms=217.35:avg=138.133ns PICK:c=0:ms=0:avg=0ns BCP:c=1472460:ms=1488.37:avg=1010.81ns L1_STORE:c=152849:ms=12.9555:avg=84.7603ns L2_STORE:c=1122248:ms=78.1855:avg=69.6687ns
calls=1300000 depth=42 decisions=1598051 conflicts=32468 stores=1215490 hits=460572 l1_hits=860485
OP_STATS calls=1300000 ANALYZE:c=804428:ms=1562.42:avg=1942.28ns CANONICAL:c=1704262:ms=11805.4:avg=6926.99ns L1_PEEK:c=1027315:ms=65.5607:avg=63.8175ns L2_PEEK:c=1704262:ms=234.782:avg=137.762ns PICK:c=0:ms=0:avg=0ns BCP:c=1599302:ms=2092.06:avg=1308.11ns L1_STORE:c=166828:ms=14.1126:avg=84.5937ns L2_STORE:c=1215490:ms=84.5037:avg=69.5223ns
PROGRESS t=50.0105 pct_log=98.2097 pct_lin=0.04282 progress_bits=0.000617894 closed_bits=613.811 open=42 bound_log2=624.999 decisions=1606589 l2_hits=463090 scc_fires_lit=0 scc_fires_clause=0
calls=1400000 depth=42 decisions=1719398 conflicts=33056 stores=1308983 hits=496221 l1_hits=929427
OP_STATS calls=1400000 ANALYZE:c=865006:ms=1678.14:avg=1940.03ns CANONICAL:c=1835573:ms=12691.6:avg=6914.24ns L1_PEEK:c=1108978:ms=70.1023:avg=63.2134ns L2_PEEK:c=1835573:ms=247.695:avg=134.942ns PICK:c=0:ms=0:avg=0ns BCP:c=1720649:ms=2183.83:avg=1269.19ns L1_STORE:c=179548:ms=15.2147:avg=84.7391ns L2_STORE:c=1308983:ms=90.8553:avg=69.4091ns
calls=1500000 depth=48 decisions=1840536 conflicts=33726 stores=1402407 hits=531451 l1_hits=998665
OP_STATS calls=1500000 ANALYZE:c=925735:ms=1794.59:avg=1938.56ns CANONICAL:c=1966423:ms=13577.4:avg=6904.63ns L1_PEEK:c=1190788:ms=74.7385:avg=62.7639ns L2_PEEK:c=1966423:ms=261.897:avg=133.185ns PICK:c=0:ms=0:avg=0ns BCP:c=1841787:ms=2285.49:avg=1240.91ns L1_STORE:c=192121:ms=16.3364:avg=85.0318ns L2_STORE:c=1402407:ms=97.4546:avg=69.491ns
PROGRESS t=60.0106 pct_log=98.2156 pct_lin=0.0439293 progress_bits=0.000633906 closed_bits=613.847 open=31 bound_log2=624.999 decisions=1946328 l2_hits=562277 scc_fires_lit=0 scc_fires_clause=0
calls=1600000 depth=40 decisions=1961474 conflicts=34330 stores=1495797 hits=566752 l1_hits=1067817
OP_STATS calls=1600000 ANALYZE:c=986702:ms=1910.06:avg=1935.8ns CANONICAL:c=2097312:ms=14449.7:avg=6889.65ns L1_PEEK:c=1272701:ms=79.0763:avg=62.1326ns L2_PEEK:c=2097312:ms=273.264:avg=130.293ns PICK:c=0:ms=0:avg=0ns BCP:c=1962725:ms=2371.81:avg=1208.43ns L1_STORE:c=204882:ms=17.3891:avg=84.8735ns L2_STORE:c=1495797:ms=103.588:avg=69.2527ns
calls=1700000 depth=53 decisions=2082640 conflicts=34915 stores=1588884 hits=602616 l1_hits=1135479
OP_STATS calls=1700000 ANALYZE:c=1048354:ms=2028.14:avg=1934.6ns CANONICAL:c=2228575:ms=15331.8:avg=6879.64ns L1_PEEK:c=1353345:ms=84.5078:avg=62.4437ns L2_PEEK:c=2228575:ms=290.968:avg=130.563ns PICK:c=0:ms=0:avg=0ns BCP:c=2083891:ms=2457.22:avg=1179.15ns L1_STORE:c=217861:ms=18.4825:avg=84.8361ns L2_STORE:c=1588884:ms=109.998:avg=69.2297ns
calls=1800000 depth=49 decisions=2203618 conflicts=35479 stores=1682320 hits=637836 l1_hits=1204939
OP_STATS calls=1800000 ANALYZE:c=1109152:ms=2144.09:avg=1933.09ns CANONICAL:c=2359416:ms=16212.1:avg=6871.25ns L1_PEEK:c=1435422:ms=89.6569:avg=62.4603ns L2_PEEK:c=2359416:ms=308.391:avg=130.706ns PICK:c=0:ms=0:avg=0ns BCP:c=2204869:ms=2544.34:avg=1153.97ns L1_STORE:c=230481:ms=19.554:avg=84.8399ns L2_STORE:c=1682320:ms=116.387:avg=69.1823ns
PROGRESS t=70.0106 pct_log=98.2166 pct_lin=0.0441217 progress_bits=0.000636682 closed_bits=613.854 open=39 bound_log2=624.999 decisions=2287873 l2_hits=662747 scc_fires_lit=0 scc_fires_clause=0
calls=1900000 depth=44 decisions=2324832 conflicts=36323 stores=1775576 hits=673437 l1_hits=1272944
OP_STATS calls=1900000 ANALYZE:c=1170436:ms=2260.66:avg=1931.47ns CANONICAL:c=2490519:ms=17090.7:avg=6862.29ns L1_PEEK:c=1516409:ms=94.8417:avg=62.5436ns L2_PEEK:c=2490519:ms=325.916:avg=130.863ns PICK:c=0:ms=0:avg=0ns BCP:c=2326083:ms=2656.07:avg=1141.86ns L1_STORE:c=243463:ms=20.6589:avg=84.8542ns L2_STORE:c=1775576:ms=122.939:avg=69.2388ns
calls=2000000 depth=45 decisions=2446010 conflicts=36819 stores=1868921 hits=709037 l1_hits=1341747
OP_STATS calls=2000000 ANALYZE:c=1231432:ms=2377.55:avg=1930.72ns CANONICAL:c=2621683:ms=17978.5:avg=6857.6ns L1_PEEK:c=1597912:ms=99.6722:avg=62.3765ns L2_PEEK:c=2621683:ms=340.094:avg=129.724ns PICK:c=0:ms=0:avg=0ns BCP:c=2447261:ms=2734.44:avg=1117.35ns L1_STORE:c=256162:ms=21.6572:avg=84.5451ns L2_STORE:c=1868921:ms=129.129:avg=69.0927ns
calls=2100000 depth=40 decisions=2567126 conflicts=37686 stores=1962395 hits=744083 l1_hits=1411078
OP_STATS calls=2100000 ANALYZE:c=1291971:ms=2492.14:avg=1928.94ns CANONICAL:c=2752375:ms=18855.5:avg=6850.61ns L1_PEEK:c=1679863:ms=103.811:avg=61.7975ns L2_PEEK:c=2752375:ms=349.962:avg=127.149ns PICK:c=0:ms=0:avg=0ns BCP:c=2568377:ms=2855.33:avg=1111.72ns L1_STORE:c=268783:ms=22.676:avg=84.3654ns L2_STORE:c=1962395:ms=135.314:avg=68.9536ns
PROGRESS t=80.0106 pct_log=98.2181 pct_lin=0.0444025 progress_bits=0.000640735 closed_bits=613.863 open=37 bound_log2=624.999 decisions=2628150 l2_hits=762140 scc_fires_lit=0 scc_fires_clause=0
calls=2200000 depth=47 decisions=2688233 conflicts=38237 stores=2055431 hits=780052 l1_hits=1478548
OP_STATS calls=2200000 ANALYZE:c=1353820:ms=2607.69:avg=1926.17ns CANONICAL:c=2883706:ms=19721.2:avg=6838.84ns L1_PEEK:c=1760427:ms=107.941:avg=61.3152ns L2_PEEK:c=2883706:ms=359.791:avg=124.767ns PICK:c=0:ms=0:avg=0ns BCP:c=2689484:ms=2943.15:avg=1094.32ns L1_STORE:c=281876:ms=23.6914:avg=84.0491ns L2_STORE:c=2055431:ms=141.315:avg=68.7519ns
calls=2300000 depth=50 decisions=2809200 conflicts=38837 stores=2148825 hits=815225 l1_hits=1547911
OP_STATS calls=2300000 ANALYZE:c=1414778:ms=2723.27:avg=1924.88ns CANONICAL:c=3014477:ms=20597.3:avg=6832.81ns L1_PEEK:c=1842395:ms=112.316:avg=60.962ns L2_PEEK:c=3014477:ms=371.064:avg=123.094ns PICK:c=0:ms=0:avg=0ns BCP:c=2810451:ms=3041.79:avg=1082.31ns L1_STORE:c=294482:ms=24.7533:avg=84.0572ns L2_STORE:c=2148825:ms=147.547:avg=68.6641ns
calls=2400000 depth=35 decisions=2930313 conflicts=39528 stores=2242183 hits=850684 l1_hits=1616651
OP_STATS calls=2400000 ANALYZE:c=1475793:ms=2838.34:avg=1923.26ns CANONICAL:c=3145498:ms=21471.3:avg=6826.06ns L1_PEEK:c=1923953:ms=116.464:avg=60.5336ns L2_PEEK:c=3145498:ms=381.071:avg=121.148ns PICK:c=0:ms=0:avg=0ns BCP:c=2931564:ms=3146.04:avg=1073.16ns L1_STORE:c=307300:ms=25.7851:avg=83.9084ns L2_STORE:c=2242183:ms=153.631:avg=68.5184ns
PROGRESS t=90.0107 pct_log=98.221 pct_lin=0.0449752 progress_bits=0.000649001 closed_bits=613.881 open=39 bound_log2=624.999 decisions=2970088 l2_hits=862474 scc_fires_lit=0 scc_fires_clause=0
calls=2500000 depth=44 decisions=3051565 conflicts=40150 stores=2335424 hits=886387 l1_hits=1684840
OP_STATS calls=2500000 ANALYZE:c=1537078:ms=2955.71:avg=1922.94ns CANONICAL:c=3276701:ms=22356.8:avg=6822.96ns L1_PEEK:c=2004965:ms=121.432:avg=60.5658ns L2_PEEK:c=3276701:ms=397.466:avg=121.301ns PICK:c=0:ms=0:avg=0ns BCP:c=3052816:ms=3241.05:avg=1061.66ns L1_STORE:c=320122:ms=26.9199:avg=84.0925ns L2_STORE:c=2335424:ms=160.177:avg=68.5856ns
calls=2600000 depth=40 decisions=3172663 conflicts=40819 stores=2428836 hits=921638 l1_hits=1754079
OP_STATS calls=2600000 ANALYZE:c=1597766:ms=3070.97:avg=1922.04ns CANONICAL:c=3407556:ms=23233.7:avg=6818.28ns L1_PEEK:c=2086828:ms=126.162:avg=60.4563ns L2_PEEK:c=3407556:ms=411.696:avg=120.819ns PICK:c=0:ms=0:avg=0ns BCP:c=3173914:ms=3341.38:avg=1052.76ns L1_STORE:c=332747:ms=27.9467:avg=83.9878ns L2_STORE:c=2428836:ms=166.392:avg=68.507ns
calls=2700000 depth=37 decisions=3293876 conflicts=41492 stores=2521967 hits=957555 l1_hits=1821662
OP_STATS calls=2700000 ANALYZE:c=1659412:ms=3187.51:avg=1920.87ns CANONICAL:c=3538893:ms=24106.1:avg=6811.77ns L1_PEEK:c=2167498:ms=131.201:avg=60.5309ns L2_PEEK:c=3538893:ms=427.604:avg=120.83ns PICK:c=0:ms=0:avg=0ns BCP:c=3295127:ms=3437.29:avg=1043.14ns L1_STORE:c=345834:ms=29.1055:avg=84.1603ns L2_STORE:c=2521967:ms=172.894:avg=68.5552ns
PROGRESS t=100.011 pct_log=98.254 pct_lin=0.0518799 progress_bits=0.000748662 closed_bits=614.087 open=38 bound_log2=624.999 decisions=3310735 l2_hits=962517 scc_fires_lit=0 scc_fires_clause=0
calls=2800000 depth=36 decisions=3425162 conflicts=49309 stores=2615905 hits=995684 l1_hits=1877737
OP_STATS calls=2800000 ANALYZE:c=1719723:ms=3337.11:avg=1940.49ns CANONICAL:c=3672980:ms=25234.2:avg=6870.23ns L1_PEEK:c=2236212:ms=139.192:avg=62.2443ns L2_PEEK:c=3672980:ms=463.205:avg=126.111ns PICK:c=0:ms=0:avg=0ns BCP:c=3426413:ms=4397.25:avg=1283.34ns L1_STORE:c=358473:ms=30.2349:avg=84.3436ns L2_STORE:c=2615905:ms=180.497:avg=68.9998ns
PROGRESS t=110.011 pct_log=98.3078 pct_lin=0.0654944 progress_bits=0.000945194 closed_bits=614.424 open=32 bound_log2=624.999 decisions=3492475 l2_hits=1014819 scc_fires_lit=0 scc_fires_clause=0
calls=2900000 depth=42 decisions=3556551 conflicts=55125 stores=2710067 hits=1032421 l1_hits=1942245
OP_STATS calls=2900000 ANALYZE:c=1773845:ms=3487.14:avg=1965.86ns CANONICAL:c=3805829:ms=26570:avg=6981.4ns L1_PEEK:c=2309938:ms=149.759:avg=64.8325ns L2_PEEK:c=3805829:ms=506.525:avg=133.092ns PICK:c=0:ms=0:avg=0ns BCP:c=3557802:ms=5725.59:avg=1609.31ns L1_STORE:c=367691:ms=31.1766:avg=84.7903ns L2_STORE:c=2710067:ms=187.78:avg=69.2898ns
calls=3000000 depth=35 decisions=3682455 conflicts=55937 stores=2803419 hits=1068434 l1_hits=2012370
OP_STATS calls=3000000 ANALYZE:c=1831758:ms=3628.45:avg=1980.86ns CANONICAL:c=3937404:ms=27758.6:avg=7049.97ns L1_PEEK:c=2388765:ms=159.546:avg=66.7903ns L2_PEEK:c=3937404:ms=547.474:avg=139.044ns PICK:c=0:ms=0:avg=0ns BCP:c=3683706:ms=5912.58:avg=1605.06ns L1_STORE:c=376394:ms=31.9931:avg=84.9989ns L2_STORE:c=2803419:ms=194.449:avg=69.3612ns
PROGRESS t=120.011 pct_log=98.3459 pct_lin=0.0772637 progress_bits=0.00111511 closed_bits=614.662 open=36 bound_log2=624.999 decisions=3720435 l2_hits=1079033 scc_fires_lit=0 scc_fires_clause=0
calls=3100000 depth=26 decisions=3808619 conflicts=57628 stores=2896511 hits=1103845 l1_hits=2081798
OP_STATS calls=3100000 ANALYZE:c=1888434:ms=3765.85:avg=1994.16ns CANONICAL:c=4068205:ms=28954:avg=7117.14ns L1_PEEK:c=2466826:ms=169.281:avg=68.623ns L2_PEEK:c=4068205:ms=589.078:avg=144.8ns PICK:c=0:ms=0:avg=0ns BCP:c=3809870:ms=6270.49:avg=1645.85ns L1_STORE:c=385027:ms=32.7656:avg=85.0995ns L2_STORE:c=2896511:ms=201.197:avg=69.4617ns
PROGRESS t=130.011 pct_log=98.4451 pct_lin=0.11874 progress_bits=0.00171407 closed_bits=615.282 open=37 bound_log2=624.998 decisions=3916108 l2_hits=1129513 scc_fires_lit=0 scc_fires_clause=0
calls=3200000 depth=41 decisions=3938764 conflicts=62506 stores=2993334 hits=1135385 l1_hits=2160495
OP_STATS calls=3200000 ANALYZE:c=1934426:ms=3893.85:avg=2012.92ns CANONICAL:c=4197637:ms=30260.1:avg=7208.85ns L1_PEEK:c=2550741:ms=177.83:avg=69.717ns L2_PEEK:c=4197637:ms=623.082:avg=148.436ns PICK:c=0:ms=0:avg=0ns BCP:c=3940015:ms=7466.3:avg=1894.99ns L1_STORE:c=390244:ms=33.3196:avg=85.3814ns L2_STORE:c=2993334:ms=208.066:avg=69.5097ns
calls=3300000 depth=37 decisions=4069663 conflicts=63894 stores=3091061 hits=1173781 l1_hits=2233576
OP_STATS calls=3300000 ANALYZE:c=1992872:ms=4044.21:avg=2029.34ns CANONICAL:c=4334515:ms=31500.7:avg=7267.42ns L1_PEEK:c=2631948:ms=186.2:avg=70.7459ns L2_PEEK:c=4334515:ms=658.859:avg=152.003ns PICK:c=0:ms=0:avg=0ns BCP:c=4070914:ms=7801.48:avg=1916.4ns L1_STORE:c=398370:ms=34.0183:avg=85.3936ns L2_STORE:c=3091061:ms=214.771:avg=69.4812ns
PROGRESS t=140.011 pct_log=98.4794 pct_lin=0.13774 progress_bits=0.00198854 closed_bits=615.496 open=31 bound_log2=624.998 decisions=4143878 l2_hits=1194745 scc_fires_lit=0 scc_fires_clause=0
calls=3400000 depth=42 decisions=4202617 conflicts=67363 stores=3188212 hits=1212081 l1_hits=2303108
OP_STATS calls=3400000 ANALYZE:c=2053195:ms=4204.51:avg=2047.79ns CANONICAL:c=4470919:ms=32738.7:avg=7322.6ns L1_PEEK:c=2709347:ms=194.473:avg=71.7786ns L2_PEEK:c=4470919:ms=695.951:avg=155.662ns PICK:c=0:ms=0:avg=0ns BCP:c=4203868:ms=8649.24:avg=2057.45ns L1_STORE:c=406238:ms=34.6563:avg=85.3103ns L2_STORE:c=3188212:ms=221.332:avg=69.4221ns
PROGRESS t=150.011 pct_log=98.5316 pct_lin=0.172701 progress_bits=0.00249371 closed_bits=615.822 open=26 bound_log2=624.998 decisions=4329440 l2_hits=1247895 scc_fires_lit=0 scc_fires_clause=0
calls=3500000 depth=29 decisions=4336333 conflicts=72797 stores=3283533 hits=1250056 l1_hits=2368579
OP_STATS calls=3500000 ANALYZE:c=2104691:ms=4344.36:avg=2064.13ns CANONICAL:c=4605766:ms=34157.5:avg=7416.25ns L1_PEEK:c=2782947:ms=203.099:avg=72.9799ns L2_PEEK:c=4605766:ms=734.137:avg=159.395ns PICK:c=0:ms=0:avg=0ns BCP:c=4337584:ms=10640.2:avg=2453.02ns L1_STORE:c=414366:ms=35.3469:avg=85.3035ns L2_STORE:c=3283533:ms=228.617:avg=69.6254ns
calls=3600000 depth=26 decisions=4469841 conflicts=83691 stores=3379297 hits=1284853 l1_hits=2429200
OP_STATS calls=3600000 ANALYZE:c=2161357:ms=4502.74:avg=2083.29ns CANONICAL:c=4737737:ms=35465.6:avg=7485.77ns L1_PEEK:c=2854337:ms=212.763:avg=74.5403ns L2_PEEK:c=4737737:ms=776.09:avg=163.81ns PICK:c=0:ms=0:avg=0ns BCP:c=4471092:ms=12045.4:avg=2694.06ns L1_STORE:c=425136:ms=36.2564:avg=85.2819ns L2_STORE:c=3379297:ms=235.209:avg=69.6029ns
PROGRESS t=160.012 pct_log=98.6716 pct_lin=0.316727 progress_bits=0.00457666 closed_bits=616.697 open=24 bound_log2=624.995 decisions=4486976 l2_hits=1288828 scc_fires_lit=0 scc_fires_clause=0
calls=3700000 depth=38 decisions=4601513 conflicts=100163 stores=3472667 hits=1313454 l1_hits=2485609
OP_STATS calls=3700000 ANALYZE:c=2216023:ms=4659.23:avg=2102.52ns CANONICAL:c=4861926:ms=36888.8:avg=7587.28ns L1_PEEK:c=2921940:ms=222.428:avg=76.1233ns L2_PEEK:c=4861926:ms=820.528:avg=168.766ns PICK:c=0:ms=0:avg=0ns BCP:c=4602764:ms=15489.8:avg=3365.32ns L1_STORE:c=436330:ms=37.3684:avg=85.6425ns L2_STORE:c=3472667:ms=242.509:avg=69.8336ns
PROGRESS t=170.012 pct_log=98.8252 pct_lin=0.616229 progress_bits=0.0089178 closed_bits=617.658 open=25 bound_log2=624.991 decisions=4610512 l2_hits=1315906 scc_fires_lit=0 scc_fires_clause=0
calls=3800000 depth=43 decisions=4731995 conflicts=103273 stores=3567823 hits=1351317 l1_hits=2553888
OP_STATS calls=3800000 ANALYZE:c=2270632:ms=4804.27:avg=2115.83ns CANONICAL:c=4996563:ms=38205.3:avg=7646.31ns L1_PEEK:c=2999097:ms=232.425:avg=77.4984ns L2_PEEK:c=4996563:ms=866.856:avg=173.49ns PICK:c=0:ms=0:avg=0ns BCP:c=4733246:ms=16636:avg=3514.72ns L1_STORE:c=445207:ms=38.0432:avg=85.4506ns L2_STORE:c=3567823:ms=249.037:avg=69.8009ns
PROGRESS t=180.012 pct_log=98.8334 pct_lin=0.638342 progress_bits=0.00923885 closed_bits=617.709 open=30 bound_log2=624.991 decisions=4822675 l2_hits=1378383 scc_fires_lit=0 scc_fires_clause=0
calls=3900000 depth=31 decisions=4863405 conflicts=104314 stores=3665957 hits=1390435 l1_hits=2626547
OP_STATS calls=3900000 ANALYZE:c=2332820:ms=4966.83:avg=2129.11ns CANONICAL:c=5134429:ms=39403.9:avg=7674.46ns L1_PEEK:c=3079879:ms=242.752:avg=78.8185ns L2_PEEK:c=5134429:ms=913.035:avg=177.826ns PICK:c=0:ms=0:avg=0ns BCP:c=4864656:ms=17026.3:avg=3499.99ns L1_STORE:c=453330:ms=38.7278:avg=85.4296ns L2_STORE:c=3665957:ms=255.627:avg=69.7299ns
PROGRESS t=190.012 pct_log=98.8812 pct_lin=0.785339 progress_bits=0.0113748 closed_bits=618.008 open=24 bound_log2=624.989 decisions=4974992 l2_hits=1419841 scc_fires_lit=0 scc_fires_clause=0
calls=4000000 depth=44 decisions=4995296 conflicts=113170 stores=3759101 hits=1424762 l1_hits=2688559
OP_STATS calls=4000000 ANALYZE:c=2384365:ms=5119.32:avg=2147.04ns CANONICAL:c=5264194:ms=40831.2:avg=7756.39ns L1_PEEK:c=3150902:ms=254.004:avg=80.6132ns L2_PEEK:c=5264194:ms=964.886:avg=183.292ns PICK:c=0:ms=0:avg=0ns BCP:c=4996547:ms=19786.1:avg=3959.95ns L1_STORE:c=462341:ms=39.5384:avg=85.5178ns L2_STORE:c=3759101:ms=263.198:avg=70.0162ns
calls=4100000 depth=43 decisions=5125408 conflicts=116555 stores=3856240 hits=1462633 l1_hits=2756127
OP_STATS calls=4100000 ANALYZE:c=2447063:ms=5284.1:avg=2159.36ns CANONICAL:c=5400157:ms=42067.5:avg=7790.05ns L1_PEEK:c=3228660:ms=265.364:avg=82.1901ns L2_PEEK:c=5400157:ms=1018.41:avg=188.588ns PICK:c=0:ms=0:avg=0ns BCP:c=5126659:ms=20966.4:avg=4089.69ns L1_STORE:c=472531:ms=40.3636:avg=85.42ns L2_STORE:c=3856240:ms=272.923:avg=70.7743ns
PROGRESS t=200.012 pct_log=98.9007 pct_lin=0.854574 progress_bits=0.0123819 closed_bits=618.129 open=39 bound_log2=624.988 decisions=5174909 l2_hits=1475663 scc_fires_lit=0 scc_fires_clause=0
calls=4200000 depth=26 decisions=5252765 conflicts=119757 stores=3952009 hits=1498089 l1_hits=2826721
OP_STATS calls=4200000 ANALYZE:c=2507937:ms=5438.33:avg=2168.45ns CANONICAL:c=5532781:ms=43309:avg=7827.7ns L1_PEEK:c=3309139:ms=276.554:avg=83.5727ns L2_PEEK:c=5532781:ms=1063.22:avg=192.167ns PICK:c=0:ms=0:avg=0ns BCP:c=5254016:ms=22414.6:avg=4266.18ns L1_STORE:c=482417:ms=41.1749:avg=85.3512ns L2_STORE:c=3952009:ms=279.373:avg=70.6913ns
PROGRESS t=210.013 pct_log=98.911 pct_lin=0.893402 progress_bits=0.012947 closed_bits=618.194 open=33 bound_log2=624.987 decisions=5337352 l2_hits=1520046 scc_fires_lit=0 scc_fires_clause=0
calls=4300000 depth=32 decisions=5384081 conflicts=123028 stores=4050536 hits=1533765 l1_hits=2902667
OP_STATS calls=4300000 ANALYZE:c=2561209:ms=5583.79:avg=2180.14ns CANONICAL:c=5667479:ms=44611.4:avg=7871.47ns L1_PEEK:c=3392227:ms=287.764:avg=84.8303ns L2_PEEK:c=5667479:ms=1107.43:avg=195.401ns PICK:c=0:ms=0:avg=0ns BCP:c=5385332:ms=24059:avg=4467.5ns L1_STORE:c=489558:ms=41.7806:avg=85.3434ns L2_STORE:c=4050536:ms=285.651:avg=70.5219ns
PROGRESS t=220.013 pct_log=98.9286 pct_lin=0.964212 progress_bits=0.0139781 closed_bits=618.304 open=23 bound_log2=624.986 decisions=5511423 l2_hits=1569018 scc_fires_lit=0 scc_fires_clause=0
calls=4400000 depth=31 decisions=5515722 conflicts=127348 stores=4146313 hits=1570135 l1_hits=2972861
OP_STATS calls=4400000 ANALYZE:c=2615540:ms=5730.46:avg=2190.93ns CANONICAL:c=5801033:ms=45950.8:avg=7921.14ns L1_PEEK:c=3470062:ms=298.765:avg=86.098ns L2_PEEK:c=5801033:ms=1151.01:avg=198.414ns PICK:c=0:ms=0:avg=0ns BCP:c=5516973:ms=26779.3:avg=4853.99ns L1_STORE:c=497199:ms=42.4785:avg=85.4356ns L2_STORE:c=4146313:ms=292.056:avg=70.4376ns
calls=4500000 depth=29 decisions=5648308 conflicts=132322 stores=4242586 hits=1606989 l1_hits=3041229
OP_STATS calls=4500000 ANALYZE:c=2671411:ms=5881.44:avg=2201.62ns CANONICAL:c=5935401:ms=47286.8:avg=7966.91ns L1_PEEK:c=3546429:ms=311.04:avg=87.7052ns L2_PEEK:c=5935401:ms=1199.86:avg=202.153ns PICK:c=0:ms=0:avg=0ns BCP:c=5649559:ms=29245.4:avg=5176.59ns L1_STORE:c=505198:ms=43.164:avg=85.4398ns L2_STORE:c=4242586:ms=298.702:avg=70.4056ns
PROGRESS t=230.013 pct_log=98.9438 pct_lin=1.02997 progress_bits=0.0149364 closed_bits=618.399 open=44 bound_log2=624.985 decisions=5671165 l2_hits=1613800 scc_fires_lit=0 scc_fires_clause=0
calls=4600000 depth=41 decisions=5781851 conflicts=139139 stores=4338548 hits=1644051 l1_hits=3105805
OP_STATS calls=4600000 ANALYZE:c=2727338:ms=6042.21:avg=2215.42ns CANONICAL:c=6069779:ms=48633.3:avg=8012.36ns L1_PEEK:c=3619999:ms=323.486:avg=89.3608ns L2_PEEK:c=6069779:ms=1249.05:avg=205.781ns PICK:c=0:ms=0:avg=0ns BCP:c=5783102:ms=31901:avg=5516.24ns L1_STORE:c=514192:ms=44.043:avg=85.6547ns L2_STORE:c=4338548:ms=305.611:avg=70.4409ns
PROGRESS t=240.013 pct_log=98.982 pct_lin=1.21519 progress_bits=0.0176389 closed_bits=618.637 open=25 bound_log2=624.982 decisions=5821815 l2_hits=1654941 scc_fires_lit=0 scc_fires_clause=0
calls=4700000 depth=41 decisions=5912030 conflicts=141528 stores=4435110 hits=1681253 l1_hits=3176948
OP_STATS calls=4700000 ANALYZE:c=2787133:ms=6199.89:avg=2224.47ns CANONICAL:c=6204689:ms=49856.4:avg=8035.27ns L1_PEEK:c=3699408:ms=336.055:avg=90.8402ns L2_PEEK:c=6204689:ms=1295.94:avg=208.864ns PICK:c=0:ms=0:avg=0ns BCP:c=5913281:ms=32743.7:avg=5537.31ns L1_STORE:c=522459:ms=44.8113:avg=85.7699ns L2_STORE:c=4435110:ms=312.06:avg=70.3614ns
calls=4800000 depth=43 decisions=6040376 conflicts=142582 stores=4530353 hits=1719086 l1_hits=3246769
OP_STATS calls=4800000 ANALYZE:c=2850164:ms=6361.77:avg=2232.07ns CANONICAL:c=6339352:ms=51044:avg=8051.92ns L1_PEEK:c=3778185:ms=349.083:avg=92.3944ns L2_PEEK:c=6339352:ms=1344.85:avg=212.143ns PICK:c=0:ms=0:avg=0ns BCP:c=6041627:ms=33139.9:avg=5485.26ns L1_STORE:c=531415:ms=45.62:avg=85.8463ns L2_STORE:c=4530353:ms=318.485:avg=70.3002ns
PROGRESS t=250.013 pct_log=98.9845 pct_lin=1.22878 progress_bits=0.0178374 closed_bits=618.653 open=33 bound_log2=624.982 decisions=6059858 l2_hits=1724896 scc_fires_lit=0 scc_fires_clause=0
calls=4900000 depth=40 decisions=6168723 conflicts=143559 stores=4625718 hits=1756894 l1_hits=3316983
OP_STATS calls=4900000 ANALYZE:c=2913386:ms=6523.54:avg=2239.16ns CANONICAL:c=6474068:ms=52227.3:avg=8067.16ns L1_PEEK:c=3857291:ms=361.43:avg=93.7004ns L2_PEEK:c=6474068:ms=1392.89:avg=215.148ns PICK:c=0:ms=0:avg=0ns BCP:c=6169974:ms=33494.3:avg=5428.6ns L1_STORE:c=540306:ms=46.4096:avg=85.8951ns L2_STORE:c=4625718:ms=324.74:avg=70.2031ns
PROGRESS t=260.014 pct_log=98.9863 pct_lin=1.23821 progress_bits=0.0179751 closed_bits=618.664 open=28 bound_log2=624.982 decisions=6294911 l2_hits=1794268 scc_fires_lit=0 scc_fires_clause=0
calls=5000000 depth=32 decisions=6297700 conflicts=145102 stores=4721067 hits=1794884 l1_hits=3386692
OP_STATS calls=5000000 ANALYZE:c=2972182:ms=6677.36:avg=2246.62ns CANONICAL:c=6608952:ms=53460:avg=8089.03ns L1_PEEK:c=3936003:ms=373.269:avg=94.8344ns L2_PEEK:c=6608952:ms=1441.42:avg=218.101ns PICK:c=0:ms=0:avg=0ns BCP:c=6298951:ms=34131.5:avg=5418.6ns L1_STORE:c=549309:ms=47.2001:avg=85.9264ns L2_STORE:c=4721067:ms=331.139:avg=70.1407ns
PROGRESS t=270.014 pct_log=99.0363 pct_lin=1.53755 progress_bits=0.0223544 closed_bits=618.977 open=21 bound_log2=624.978 decisions=6402045 l2_hits=1821237 scc_fires_lit=0 scc_fires_clause=0
calls=5100000 depth=43 decisions=6429680 conflicts=154903 stores=4813241 hits=1828157 l1_hits=3447933
OP_STATS calls=5100000 ANALYZE:c=3021662:ms=6815.57:avg=2255.57ns CANONICAL:c=6737015:ms=54893.4:avg=8148.04ns L1_PEEK:c=4005733:ms=384.68:avg=96.0324ns L2_PEEK:c=6737015:ms=1490.81:avg=221.287ns PICK:c=0:ms=0:avg=0ns BCP:c=6430931:ms=38185.8:avg=5937.83ns L1_STORE:c=557798:ms=47.9948:avg=86.0433ns L2_STORE:c=4813241:ms=338.578:avg=70.3431ns
calls=5200000 depth=44 decisions=6553661 conflicts=155945 stores=4906781 hits=1861975 l1_hits=3520989
OP_STATS calls=5200000 ANALYZE:c=3078619:ms=6956.03:avg=2259.47ns CANONICAL:c=6866527:ms=56030.6:avg=8159.97ns L1_PEEK:c=4087515:ms=396.588:avg=97.0241ns L2_PEEK:c=6866527:ms=1536.01:avg=223.695ns PICK:c=0:ms=0:avg=0ns BCP:c=6554912:ms=38817.5:avg=5921.89ns L1_STORE:c=566523:ms=48.8191:avg=86.1732ns L2_STORE:c=4906781:ms=345.448:avg=70.4021ns
PROGRESS t=280.014 pct_log=99.0403 pct_lin=1.56424 progress_bits=0.0227456 closed_bits=619.002 open=31 bound_log2=624.977 decisions=6625459 l2_hits=1881751 scc_fires_lit=0 scc_fires_clause=0
calls=5300000 depth=40 decisions=6677359 conflicts=156437 stores=5000455 hits=1896222 l1_hits=3594184
OP_STATS calls=5300000 ANALYZE:c=3136772:ms=7097.03:avg=2262.53ns CANONICAL:c=6996554:ms=57152.7:avg=8168.69ns L1_PEEK:c=4169641:ms=407.957:avg=97.84ns L2_PEEK:c=6996554:ms=1580.44:avg=225.888ns PICK:c=0:ms=0:avg=0ns BCP:c=6678610:ms=39118.2:avg=5857.24ns L1_STORE:c=575455:ms=49.6183:avg=86.2245ns L2_STORE:c=5000455:ms=352.3:avg=70.4536ns
PROGRESS t=290.014 pct_log=99.0413 pct_lin=1.57143 progress_bits=0.022851 closed_bits=619.008 open=28 bound_log2=624.977 decisions=6781576 l2_hits=1922888 scc_fires_lit=0 scc_fires_clause=0
calls=5400000 depth=39 decisions=6810402 conflicts=166491 stores=5094780 hits=1930328 l1_hits=3654722
OP_STATS calls=5400000 ANALYZE:c=3183267:ms=7236.77:avg=2273.38ns CANONICAL:c=7126876:ms=58567.6:avg=8217.85ns L1_PEEK:c=4239404:ms=418.749:avg=98.7755ns L2_PEEK:c=7126876:ms=1623.9:avg=227.856ns PICK:c=0:ms=0:avg=0ns BCP:c=6811653:ms=43213:avg=6343.98ns L1_STORE:c=584680:ms=50.6149:avg=86.5686ns L2_STORE:c=5094780:ms=360.401:avg=70.7392ns
PROGRESS t=300.014 pct_log=99.048 pct_lin=1.61735 progress_bits=0.0235242 closed_bits=619.05 open=28 bound_log2=624.976 decisions=6877725 l2_hits=1949428 scc_fires_lit=0 scc_fires_clause=0
calls=5500000 depth=56 decisions=6939561 conflicts=176167 stores=5186486 hits=1963790 l1_hits=3710315
OP_STATS calls=5500000 ANALYZE:c=3237976:ms=7394.02:avg=2283.53ns CANONICAL:c=7254820:ms=60000:avg=8270.36ns L1_PEEK:c=4306217:ms=430.677:avg=100.013ns L2_PEEK:c=7254820:ms=1670.14:avg=230.212ns PICK:c=0:ms=0:avg=0ns BCP:c=6940812:ms=48396.6:avg=6972.76ns L1_STORE:c=595901:ms=51.7756:avg=86.8863ns L2_STORE:c=5186486:ms=368.798:avg=71.1075ns
calls=5600000 depth=50 decisions=7046582 conflicts=176204 stores=5270526 hits=1989035 l1_hits=3776971
OP_STATS calls=5600000 ANALYZE:c=3323710:ms=7589.44:avg=2283.43ns CANONICAL:c=7369421:ms=60897.2:avg=8263.5ns L1_PEEK:c=4385812:ms=445.461:avg=101.569ns L2_PEEK:c=7369421:ms=1713.95:avg=232.576ns PICK:c=0:ms=0:avg=0ns BCP:c=7047833:ms=48492.2:avg=6880.44ns L1_STORE:c=608837:ms=52.8772:avg=86.8495ns L2_STORE:c=5270526:ms=375.712:avg=71.2855ns
PROGRESS t=310.014 pct_log=99.0672 pct_lin=1.75793 progress_bits=0.0255871 closed_bits=619.17 open=40 bound_log2=624.974 decisions=7085196 l2_hits=1997889 scc_fires_lit=0 scc_fires_clause=0
calls=5700000 depth=50 decisions=7152761 conflicts=176226 stores=5353222 hits=2013853 l1_hits=3842839
OP_STATS calls=5700000 ANALYZE:c=3408960:ms=7777.6:avg=2281.52ns CANONICAL:c=7482703:ms=61758.9:avg=8253.55ns L1_PEEK:c=4464573:ms=459.736:avg=102.974ns L2_PEEK:c=7482703:ms=1759.39:avg=235.127ns PICK:c=0:ms=0:avg=0ns BCP:c=7154012:ms=48564:avg=6788.36ns L1_STORE:c=621732:ms=53.8469:avg=86.6079ns L2_STORE:c=5353222:ms=381.564:avg=71.2775ns
calls=5800000 depth=62 decisions=7259240 conflicts=176246 stores=5436065 hits=2038878 l1_hits=3908381
OP_STATS calls=5800000 ANALYZE:c=3494220:ms=7965.21:avg=2279.54ns CANONICAL:c=7596298:ms=62631.7:avg=8245.03ns L1_PEEK:c=4542966:ms=473.208:avg=104.163ns L2_PEEK:c=7596298:ms=1806.66:avg=237.834ns PICK:c=0:ms=0:avg=0ns BCP:c=7260491:ms=48652.5:avg=6700.99ns L1_STORE:c=634583:ms=54.8329:avg=86.4078ns L2_STORE:c=5436065:ms=387.449:avg=71.2738ns
calls=5900000 depth=52 decisions=7367044 conflicts=176409 stores=5519950 hits=2064622 l1_hits=3974214
OP_STATS calls=5900000 ANALYZE:c=3579703:ms=8157.67:avg=2278.87ns CANONICAL:c=7711292:ms=63525.5:avg=8237.99ns L1_PEEK:c=4621527:ms=486.922:avg=105.359ns L2_PEEK:c=7711292:ms=1855.32:avg=240.598ns PICK:c=0:ms=0:avg=0ns BCP:c=7368295:ms=48819.7:avg=6625.64ns L1_STORE:c=647311:ms=55.8016:avg=86.2052ns L2_STORE:c=5519950:ms=393.47:avg=71.2814ns
PROGRESS t=320.014 pct_log=99.0674 pct_lin=1.75934 progress_bits=0.0256079 closed_bits=619.171 open=52 bound_log2=624.974 decisions=7433337 l2_hits=2080018 scc_fires_lit=0 scc_fires_clause=0
calls=6000000 depth=51 decisions=7472312 conflicts=176506 stores=5601597 hits=2088853 l1_hits=4039025
OP_STATS calls=6000000 ANALYZE:c=3664437:ms=8340.37:avg=2276.03ns CANONICAL:c=7823287:ms=64378.6:avg=8229.1ns L1_PEEK:c=4699280:ms=500.021:avg=106.404ns L2_PEEK:c=7823287:ms=1900.6:avg=242.942ns PICK:c=0:ms=0:avg=0ns BCP:c=7473563:ms=48923.9:avg=6546.26ns L1_STORE:c=660253:ms=56.7696:avg=85.9816ns L2_STORE:c=5601597:ms=399.249:avg=71.2742ns
calls=6100000 depth=46 decisions=7578397 conflicts=176781 stores=5684055 hits=2113377 l1_hits=4104403
OP_STATS calls=6100000 ANALYZE:c=3749174:ms=8534.37:avg=2276.33ns CANONICAL:c=7936113:ms=65283.5:avg=8226.14ns L1_PEEK:c=4777523:ms=514.648:avg=107.723ns L2_PEEK:c=7936113:ms=1937.6:avg=244.149ns PICK:c=0:ms=0:avg=0ns BCP:c=7579648:ms=49185:avg=6489.09ns L1_STORE:c=673118:ms=57.8475:avg=85.9396ns L2_STORE:c=5684055:ms=405.692:avg=71.3738ns
calls=6200000 depth=51 decisions=7687144 conflicts=177761 stores=5769515 hits=2138948 l1_hits=4171108
OP_STATS calls=6200000 ANALYZE:c=3833957:ms=8735.53:avg=2278.46ns CANONICAL:c=8051994:ms=66228.1:avg=8225.05ns L1_PEEK:c=4857187:ms=529.364:avg=108.986ns L2_PEEK:c=8051994:ms=1976.86:avg=245.512ns PICK:c=0:ms=0:avg=0ns BCP:c=7688395:ms=49860:avg=6485.1ns L1_STORE:c=686075:ms=58.9667:avg=85.9479ns L2_STORE:c=5769515:ms=412.462:avg=71.49ns
PROGRESS t=330.014 pct_log=99.0678 pct_lin=1.76239 progress_bits=0.0256526 closed_bits=619.174 open=33 bound_log2=624.974 decisions=7744182 l2_hits=2152327 scc_fires_lit=0 scc_fires_clause=0
calls=6300000 depth=33 decisions=7796578 conflicts=179377 stores=5852715 hits=2164613 l1_hits=4235256
OP_STATS calls=6300000 ANALYZE:c=3913772:ms=8919.25:avg=2278.94ns CANONICAL:c=8166447:ms=67195.4:avg=8228.23ns L1_PEEK:c=4933576:ms=542.334:avg=109.927ns L2_PEEK:c=8166447:ms=2022.82:avg=247.699ns PICK:c=0:ms=0:avg=0ns BCP:c=7797829:ms=51236.4:avg=6570.6ns L1_STORE:c=698318:ms=59.907:avg=85.7875ns L2_STORE:c=5852715:ms=418.793:avg=71.5553ns
PROGRESS t=340.014 pct_log=99.0712 pct_lin=1.78842 progress_bits=0.026035 closed_bits=619.195 open=34 bound_log2=624.974 decisions=7890561 l2_hits=2187317 scc_fires_lit=0 scc_fires_clause=0
calls=6400000 depth=37 decisions=7916873 conflicts=183471 stores=5941197 hits=2195501 l1_hits=4297566
OP_STATS calls=6400000 ANALYZE:c=3977070:ms=9086.89:avg=2284.82ns CANONICAL:c=8289659:ms=68454.9:avg=8257.86ns L1_PEEK:c=5006735:ms=556.353:avg=111.121ns L2_PEEK:c=8289659:ms=2070.53:avg=249.772ns PICK:c=0:ms=0:avg=0ns BCP:c=7918124:ms=55277.1:avg=6981.09ns L1_STORE:c=709166:ms=60.9481:avg=85.9433ns L2_STORE:c=5941197:ms=426.302:avg=71.7535ns
PROGRESS t=350.014 pct_log=99.0749 pct_lin=1.81732 progress_bits=0.0264596 closed_bits=619.218 open=32 bound_log2=624.974 decisions=7980860 l2_hits=2213972 scc_fires_lit=0 scc_fires_clause=0
calls=6500000 depth=28 decisions=8040943 conflicts=189406 stores=6026746 hits=2229813 l1_hits=4350116
OP_STATS calls=6500000 ANALYZE:c=4034919:ms=9248.92:avg=2292.22ns CANONICAL:c=8414331:ms=69816.8:avg=8297.37ns L1_PEEK:c=5070642:ms=568.761:avg=112.168ns L2_PEEK:c=8414331:ms=2119.86:avg=251.934ns PICK:c=0:ms=0:avg=0ns BCP:c=8042194:ms=60488.1:avg=7521.35ns L1_STORE:c=720525:ms=62.0838:avg=86.1647ns L2_STORE:c=6026746:ms=434.103:avg=72.0295ns
PROGRESS t=360.014 pct_log=99.0793 pct_lin=1.8528 progress_bits=0.0269809 closed_bits=619.246 open=20 bound_log2=624.973 decisions=8095173 l2_hits=2245946 scc_fires_lit=0 scc_fires_clause=0
PROGRESS t=370.016 pct_log=99.0867 pct_lin=1.91269 progress_bits=0.0278616 closed_bits=619.292 open=24 bound_log2=624.972 decisions=8164325 l2_hits=2264757 scc_fires_lit=0 scc_fires_clause=0
calls=6600000 depth=37 decisions=8172631 conflicts=196428 stores=6118673 hits=2267402 l1_hits=4405502
OP_STATS calls=6600000 ANALYZE:c=4077307:ms=9400.26:avg=2305.51ns CANONICAL:c=8546544:ms=71477.5:avg=8363.33ns L1_PEEK:c=5136263:ms=582.49:avg=113.407ns L2_PEEK:c=8546544:ms=2171.9:avg=254.127ns PICK:c=0:ms=0:avg=0ns BCP:c=8173882:ms=68210.6:avg=8344.94ns L1_STORE:c=730758:ms=63.3311:avg=86.6649ns L2_STORE:c=6118673:ms=443.238:avg=72.4402ns
PROGRESS t=380.016 pct_log=99.0915 pct_lin=1.95327 progress_bits=0.0284585 closed_bits=619.322 open=25 bound_log2=624.972 decisions=8244290 l2_hits=2288915 scc_fires_lit=0 scc_fires_clause=0
calls=6700000 depth=45 decisions=8301612 conflicts=204327 stores=6209467 hits=2304154 l1_hits=4458073
OP_STATS calls=6700000 ANALYZE:c=4124837:ms=9568.06:avg=2319.62ns CANONICAL:c=8677164:ms=73096.4:avg=8423.99ns L1_PEEK:c=5201438:ms=598.057:avg=114.979ns L2_PEEK:c=8677164:ms=2226.45:avg=256.587ns PICK:c=0:ms=0:avg=0ns BCP:c=8302863:ms=75066.6:avg=9041.05ns L1_STORE:c=743362:ms=64.8137:avg=87.19ns L2_STORE:c=6209467:ms=452.553:avg=72.8812ns
PROGRESS t=390.016 pct_log=99.093 pct_lin=1.96562 progress_bits=0.0286403 closed_bits=619.331 open=34 bound_log2=624.971 decisions=8380574 l2_hits=2324674 scc_fires_lit=0 scc_fires_clause=0
calls=6800000 depth=43 decisions=8418946 conflicts=206008 stores=6303775 hits=2334789 l1_hits=4528682
OP_STATS calls=6800000 ANALYZE:c=4208376:ms=9774.94:avg=2322.73ns CANONICAL:c=8804003:ms=74148.5:avg=8422.13ns L1_PEEK:c=5285131:ms=613.453:avg=116.072ns L2_PEEK:c=8804003:ms=2271.42:avg=257.998ns PICK:c=0:ms=0:avg=0ns BCP:c=8420197:ms=76213.4:avg=9051.27ns L1_STORE:c=756445:ms=66.2986:avg=87.6449ns L2_STORE:c=6303775:ms=467.121:avg=74.1017ns
calls=6900000 depth=43 decisions=8541559 conflicts=209366 stores=6396038 hits=2370730 l1_hits=4589427
OP_STATS calls=6900000 ANALYZE:c=4290672:ms=9979.45:avg=2325.85ns CANONICAL:c=8934786:ms=75320.2:avg=8429.99ns L1_PEEK:c=5359983:ms=627.407:avg=117.054ns L2_PEEK:c=8934786:ms=2321.39:avg=259.815ns PICK:c=0:ms=0:avg=0ns BCP:c=8542810:ms=79135:avg=9263.34ns L1_STORE:c=770553:ms=67.4567:avg=87.5433ns L2_STORE:c=6396038:ms=473.971:avg=74.1038ns
PROGRESS t=400.016 pct_log=99.0963 pct_lin=1.99432 progress_bits=0.0290628 closed_bits=619.352 open=30 bound_log2=624.971 decisions=8575306 l2_hits=2381298 scc_fires_lit=0 scc_fires_clause=0
calls=7000000 depth=31 decisions=8663141 conflicts=211550 stores=6487821 hits=2406145 l1_hits=4651380
OP_STATS calls=7000000 ANALYZE:c=4371904:ms=10190.6:avg=2330.93ns CANONICAL:c=9064715:ms=76539.6:avg=8443.68ns L1_PEEK:c=5435210:ms=642.734:avg=118.254ns L2_PEEK:c=9064715:ms=2369.74:avg=261.425ns PICK:c=0:ms=0:avg=0ns BCP:c=8664392:ms=81657.6:avg=9424.5ns L1_STORE:c=783829:ms=68.648:avg=87.5804ns L2_STORE:c=6487821:ms=481.586:avg=74.2292ns
PROGRESS t=410.018 pct_log=99.1007 pct_lin=2.03285 progress_bits=0.02963 closed_bits=619.38 open=19 bound_log2=624.97 decisions=8730530 l2_hits=2426475 scc_fires_lit=0 scc_fires_clause=0
calls=7100000 depth=49 decisions=8785644 conflicts=213013 stores=6576286 hits=2442949 l1_hits=4706749
OP_STATS calls=7100000 ANALYZE:c=4456145:ms=10418.8:avg=2338.08ns CANONICAL:c=9193841:ms=77789:avg=8460.99ns L1_PEEK:c=5502504:ms=656.944:avg=119.39ns L2_PEEK:c=9193841:ms=2423.5:avg=263.601ns PICK:c=0:ms=0:avg=0ns BCP:c=8786895:ms=83645.3:avg=9519.32ns L1_STORE:c=795752:ms=69.7606:avg=87.6662ns L2_STORE:c=6576286:ms=489.546:avg=74.4412ns
PROGRESS t=420.019 pct_log=99.109 pct_lin=2.10726 progress_bits=0.0307262 closed_bits=619.432 open=25 bound_log2=624.969 decisions=8891287 l2_hits=2473956 scc_fires_lit=0 scc_fires_clause=0
calls=7200000 depth=29 decisions=8913126 conflicts=216546 stores=6667801 hits=2480425 l1_hits=4763452
OP_STATS calls=7200000 ANALYZE:c=4536730:ms=10640.7:avg=2345.46ns CANONICAL:c=9325647:ms=79135.1:avg=8485.74ns L1_PEEK:c=5569899:ms=670.978:avg=120.465ns L2_PEEK:c=9325647:ms=2478.51:avg=265.773ns PICK:c=0:ms=0:avg=0ns BCP:c=8914377:ms=87851.4:avg=9855.02ns L1_STORE:c=806446:ms=70.8115:avg=87.8069ns L2_STORE:c=6667801:ms=497.17:avg=74.5628ns
PROGRESS t=430.019 pct_log=99.1473 pct_lin=2.48756 progress_bits=0.0363419 closed_bits=619.671 open=21 bound_log2=624.964 decisions=8981556 l2_hits=2497706 scc_fires_lit=0 scc_fires_clause=0
calls=7300000 depth=58 decisions=9031038 conflicts=222988 stores=6748950 hits=2509939 l1_hits=4813245
OP_STATS calls=7300000 ANALYZE:c=4612339:ms=10842.4:avg=2350.73ns CANONICAL:c=9442613:ms=80344:avg=8508.67ns L1_PEEK:c=5631462:ms=684.059:avg=121.471ns L2_PEEK:c=9442613:ms=2523.05:avg=267.199ns PICK:c=0:ms=0:avg=0ns BCP:c=9032289:ms=91962.9:avg=10181.6ns L1_STORE:c=818215:ms=72.1209:avg=88.1442ns L2_STORE:c=6748950:ms=504.746:avg=74.7888ns
calls=7400000 depth=27 decisions=9135678 conflicts=223108 stores=6823286 hits=2534998 l1_hits=4868462
OP_STATS calls=7400000 ANALYZE:c=4694883:ms=11023.8:avg=2348.04ns CANONICAL:c=9550542:ms=81221.8:avg=8504.42ns L1_PEEK:c=5698653:ms=697.078:avg=122.323ns L2_PEEK:c=9550542:ms=2564.36:avg=268.504ns PICK:c=0:ms=0:avg=0ns BCP:c=9136929:ms=92093:avg=10079.2ns L1_STORE:c=830190:ms=73.0372:avg=87.9764ns L2_STORE:c=6823286:ms=509.942:avg=74.7355ns
calls=7500000 depth=42 decisions=9241059 conflicts=223385 stores=6898428 hits=2560454 l1_hits=4924214
OP_STATS calls=7500000 ANALYZE:c=4777269:ms=11207.7:avg=2346.05ns CANONICAL:c=9659436:ms=82114.8:avg=8500.99ns L1_PEEK:c=5766476:ms=710.376:avg=123.191ns L2_PEEK:c=9659436:ms=2608.67:avg=270.064ns PICK:c=0:ms=0:avg=0ns BCP:c=9242310:ms=92343.7:avg=9991.41ns L1_STORE:c=842261:ms=73.9562:avg=87.8068ns L2_STORE:c=6898428:ms=515.267:avg=74.6935ns
PROGRESS t=440.019 pct_log=99.1528 pct_lin=2.54745 progress_bits=0.0372282 closed_bits=619.705 open=45 bound_log2=624.963 decisions=9293465 l2_hits=2573738 scc_fires_lit=0 scc_fires_clause=0
calls=7600000 depth=44 decisions=9348989 conflicts=224180 stores=6974746 hits=2587420 l1_hits=4978585
OP_STATS calls=7600000 ANALYZE:c=4859746:ms=11397.6:avg=2345.32ns CANONICAL:c=9770614:ms=83051.3:avg=8500.11ns L1_PEEK:c=5832784:ms=723.643:avg=124.065ns L2_PEEK:c=9770614:ms=2654.03:avg=271.634ns PICK:c=0:ms=0:avg=0ns BCP:c=9350240:ms=92836.4:avg=9928.77ns L1_STORE:c=854198:ms=74.8653:avg=87.644ns L2_STORE:c=6974746:ms=520.838:avg=74.6748ns
calls=7700000 depth=27 decisions=9452611 conflicts=224430 stores=7048196 hits=2611651 l1_hits=5033728
OP_STATS calls=7700000 ANALYZE:c=4941605:ms=11576.5:avg=2342.66ns CANONICAL:c=9877135:ms=83922.4:avg=8496.63ns L1_PEEK:c=5899931:ms=737.198:avg=124.95ns L2_PEEK:c=9877135:ms=2697.82:avg=273.138ns PICK:c=0:ms=0:avg=0ns BCP:c=9453862:ms=93159.7:avg=9854.14ns L1_STORE:c=866201:ms=75.7884:avg=87.4951ns L2_STORE:c=7048196:ms=526.185:avg=74.6552ns
PROGRESS t=450.019 pct_log=99.1567 pct_lin=2.59018 progress_bits=0.0378608 closed_bits=619.729 open=45 bound_log2=624.962 decisions=9541341 l2_hits=2634003 scc_fires_lit=0 scc_fires_clause=0
calls=7800000 depth=34 decisions=9561988 conflicts=226416 stores=7124774 hits=2638440 l1_hits=5087520
OP_STATS calls=7800000 ANALYZE:c=5021819:ms=11762.1:avg=2342.2ns CANONICAL:c=9988314:ms=84908.1:avg=8500.74ns L1_PEEK:c=5965316:ms=750.306:avg=125.778ns L2_PEEK:c=9988314:ms=2744.18:avg=274.739ns PICK:c=0:ms=0:avg=0ns BCP:c=9563239:ms=94700.8:avg=9902.59ns L1_STORE:c=877794:ms=76.7206:avg=87.4016ns L2_STORE:c=7124774:ms=531.933:avg=74.6596ns
calls=7900000 depth=28 decisions=9671523 conflicts=229582 stores=7201158 hits=2664048 l1_hits=5141924
OP_STATS calls=7900000 ANALYZE:c=5095676:ms=11936.7:avg=2342.51ns CANONICAL:c=10098174:ms=85964.7:avg=8512.89ns L1_PEEK:c=6031085:ms=764.015:avg=126.679ns L2_PEEK:c=10098174:ms=2788.77:avg=276.166ns PICK:c=0:ms=0:avg=0ns BCP:c=9672774:ms=97449.3:avg=10074.6ns L1_STORE:c=889159:ms=77.6526:avg=87.3326ns L2_STORE:c=7201158:ms=538.036:avg=74.7152ns
PROGRESS t=460.019 pct_log=99.1663 pct_lin=2.70014 progress_bits=0.0394903 closed_bits=619.789 open=21 bound_log2=624.961 decisions=9686063 l2_hits=2667839 scc_fires_lit=0 scc_fires_clause=0
PROGRESS t=470.019 pct_log=99.1728 pct_lin=2.77715 progress_bits=0.0406326 closed_bits=619.83 open=28 bound_log2=624.959 decisions=9746440 l2_hits=2683101 scc_fires_lit=0 scc_fires_clause=0
calls=8000000 depth=32 decisions=9811251 conflicts=245392 stores=7293984 hits=2701599 l1_hits=5186153
OP_STATS calls=8000000 ANALYZE:c=5131284:ms=12078.1:avg=2353.82ns CANONICAL:c=10230945:ms=87768.6:avg=8578.74ns L1_PEEK:c=6086557:ms=776.938:avg=127.648ns L2_PEEK:c=10230945:ms=2839.96:avg=277.586ns PICK:c=0:ms=0:avg=0ns BCP:c=9812502:ms=108225:avg=11029.3ns L1_STORE:c=900402:ms=79.0079:avg=87.7474ns L2_STORE:c=7293984:ms=546.974:avg=74.9897ns
PROGRESS t=480.019 pct_log=99.1769 pct_lin=2.82697 progress_bits=0.0413721 closed_bits=619.855 open=27 bound_log2=624.959 decisions=9822382 l2_hits=2704943 scc_fires_lit=0 scc_fires_clause=0
PROGRESS t=490.02 pct_log=99.1796 pct_lin=2.86054 progress_bits=0.0418706 closed_bits=619.872 open=24 bound_log2=624.958 decisions=9891971 l2_hits=2722390 scc_fires_lit=0 scc_fires_clause=0
calls=8100000 depth=18 decisions=9940585 conflicts=256913 stores=7381209 hits=2735858 l1_hits=5233605
OP_STATS calls=8100000 ANALYZE:c=5173804:ms=12224.7:avg=2362.81ns CANONICAL:c=10356678:ms=89394.5:avg=8631.58ns L1_PEEK:c=6146192:ms=791.031:avg=128.703ns L2_PEEK:c=10356678:ms=2890.53:avg=279.098ns PICK:c=0:ms=0:avg=0ns BCP:c=9941836:ms=117674:avg=11836.3ns L1_STORE:c=912586:ms=80.4697:avg=88.1776ns L2_STORE:c=7381209:ms=555.507:avg=75.2596ns
PROGRESS t=500.02 pct_log=99.1842 pct_lin=2.91783 progress_bits=0.0427218 closed_bits=619.901 open=26 bound_log2=624.957 decisions=9956215 l2_hits=2740102 scc_fires_lit=0 scc_fires_clause=0
PROGRESS t=510.02 pct_log=99.1916 pct_lin=3.0133 progress_bits=0.0441412 closed_bits=619.947 open=23 bound_log2=624.956 decisions=10016116 l2_hits=2753966 scc_fires_lit=0 scc_fires_clause=0
calls=8200000 depth=35 decisions=10071516 conflicts=271485 stores=7463117 hits=2767559 l1_hits=5275512
OP_STATS calls=8200000 ANALYZE:c=5213946:ms=12367.9:avg=2372.09ns CANONICAL:c=10476329:ms=91236.3:avg=8708.81ns L1_PEEK:c=6197416:ms=804.072:avg=129.743ns L2_PEEK:c=10476329:ms=2941.3:avg=280.757ns PICK:c=0:ms=0:avg=0ns BCP:c=10072767:ms=129086:avg=12815.3ns L1_STORE:c=921902:ms=81.7181:avg=88.6408ns L2_STORE:c=7463117:ms=565.313:avg=75.7475ns
PROGRESS t=520.02 pct_log=99.2004 pct_lin=3.1307 progress_bits=0.0458886 closed_bits=620.003 open=26 bound_log2=624.954 decisions=10081512 l2_hits=2770401 scc_fires_lit=0 scc_fires_clause=0
PROGRESS t=530.021 pct_log=99.2075 pct_lin=3.22799 progress_bits=0.0473383 closed_bits=620.047 open=25 bound_log2=624.953 decisions=10113329 l2_hits=2776503 scc_fires_lit=0 scc_fires_clause=0
PROGRESS t=540.021 pct_log=99.2221 pct_lin=3.43943 progress_bits=0.0504938 closed_bits=620.138 open=22 bound_log2=624.95 decisions=10143314 l2_hits=2781127 scc_fires_lit=0 scc_fires_clause=0
PROGRESS t=550.022 pct_log=99.2355 pct_lin=3.64426 progress_bits=0.0535574 closed_bits=620.222 open=20 bound_log2=624.946 decisions=10180123 l2_hits=2789254 scc_fires_lit=0 scc_fires_clause=0
