# failed_lit_chain — x1=T fails via chain x1→x2→x3→{x4,¬x4}.
# 1-UIP from the conflict (cl 3 ∧ cl 4 ⊢ x4 ⊥) resolves at the x4 step
# to yield the unit (¬x3). The BCP that follows commitFailedLiteral then
# cascades x3=F → x2=F → x1=F, but the learned clause is {-3}, not {-1}.
# x1=F: cl 5 forces x5=T (so vars_forced = 2). cl 3∧cl 4 force x3=F.
# Then cl 2 forces x2=F. x4 is free. So models for x1=F: 2.
# Baseline: 6 active 2-clauses. After x1=F + x5=T BCP: cl 1,5,6 sat → 3 active.
model_count                 2
probe.1=T.success           false
probe.1=T.uip_clause        {-3}
probe.1=F.success           true
probe.1=F.vars_forced       2
probe.1=F.delta_2clauses    -3
